Open5GS daemon v2.8.0

09/14 17:44:36.657: [app] INFO: Configuration: '/home/co1750/tc005-o5g/etc/mme.yaml' (../lib/app/ogs-init.c:144)
09/14 17:44:36.657: [app] INFO: File Logging: '/home/co1750/tc005-o5g/log/mme.log' (../lib/app/ogs-init.c:147)
09/14 17:44:36.657: [app] INFO: LOG-LEVEL: 'info' (../lib/app/ogs-init.c:150)
09/14 17:44:36.657: [metrics] INFO: metrics_server() [http://127.0.0.2]:9090 (../lib/metrics/prometheus/context.c:392)
09/14 17:44:36.685: [app] INFO: Polling freeDiameter stats every 60000000 usecs (../lib/diameter/common/stats.c:77)
09/14 17:44:36.685: [gtp] INFO: gtp_server() [127.0.0.2]:2123 (../lib/gtp/path.c:30)
09/14 17:44:36.685: [gtp] INFO: gtp_connect() [127.0.0.3]:2123 (../lib/gtp/path.c:60)
09/14 17:44:36.685: [mme] INFO: s1ap_server() [127.0.0.2]:36412 (../src/mme/s1ap-sctp.c:62)
09/14 17:44:36.685: [sctp] INFO: MME initialize...done (../src/mme/app-init.c:33)
09/14 17:44:36.686: [diam] INFO: CONNECTED TO 'hss.localdomain' (TCP,soc#11): (../lib/diameter/common/logger.c:81)
09/14 17:44:49.389: [mme] INFO: eNB-S1 accepted[127.0.0.2]:56104 in s1_path module (../src/mme/s1ap-sctp.c:114)
09/14 17:44:49.389: [mme] INFO: eNB-S1 accepted[127.0.0.2] in master_sm module (../src/mme/mme-sm.c:109)
09/14 17:44:49.389: [mme] INFO: [Added] Number of eNBs is now 1 (../src/mme/mme-context.c:3344)
09/14 17:44:49.389: [mme] INFO: eNB-S1[127.0.0.2] max_num_of_ostreams : 30 (../src/mme/mme-sm.c:158)
09/14 17:44:58.092: [mme] INFO: InitialUEMessage (../src/mme/s1ap-handler.c:629)
09/14 17:44:58.092: [mme] INFO: [Added] Number of eNB-UEs is now 1 (../src/mme/mme-context.c:5824)
09/14 17:44:58.092: [mme] INFO:     ENB_UE_S1AP_ID[1] MME_UE_S1AP_ID[1] TAC[1] CellID[0x19b01] (../src/mme/s1ap-handler.c:887)
09/14 17:44:58.092: [mme] INFO: [001010123456780] Unknown UE by IMSI (../src/mme/mme-context.c:4189)
09/14 17:44:58.092: [mme] INFO: [EBI-TRACK] UE-CREATED ue_id[1] bitmap[0x0000] (../src/mme/mme-context.c:3994)
09/14 17:44:58.092: [mme] INFO: [Added] Number of MME-UEs is now 1 (../src/mme/mme-context.c:3996)
09/14 17:44:58.092: [emm] INFO: [] Attach request (../src/mme/emm-sm.c:488)
09/14 17:44:58.092: [emm] INFO:     IMSI[001010123456780] (../src/mme/emm-handler.c:276)
09/14 17:44:58.161: [mme] INFO: [EBI-TRACK] EBI allocated [5] ue_id[1] IMSI[001010123456780] bitmap[0x0020] (../src/mme/mme-context.c:5639)
09/14 17:44:58.161: [mme] INFO: [EBI-TRACK] Bearer added (EBI=5 ue_id=1 IMSI=001010123456780 bitmap=0x0020) (../src/mme/mme-context.c:4962)
09/14 17:44:58.161: [mme] INFO: [Added] Number of MME-Sessions is now 1 (../src/mme/mme-context.c:5838)
09/14 17:44:58.434: [emm] INFO: [001010123456780] Attach complete (../src/mme/emm-sm.c:1603)
09/14 17:44:58.434: [emm] INFO:     IMSI[001010123456780] (../src/mme/emm-handler.c:327)
09/14 17:44:58.434: [emm] INFO:     UTC [2026-09-14T09:44:58] Timezone[0]/DST[0] (../src/mme/emm-handler.c:333)
09/14 17:44:58.434: [emm] INFO:     LOCAL [2026-09-14T17:44:58] Timezone[28800]/DST[0] (../src/mme/emm-handler.c:337)
09/14 17:44:58.434: [mme] INFO: [EBI-TRACK] EBI allocated [6] ue_id[1] IMSI[001010123456780] bitmap[0x0060] (../src/mme/mme-context.c:5639)
09/14 17:44:58.434: [mme] INFO: [EBI-TRACK] Bearer added (EBI=6 ue_id=1 IMSI=001010123456780 bitmap=0x0060) (../src/mme/mme-context.c:4962)
09/14 17:44:58.434: [mme] INFO: [Added] Number of MME-Sessions is now 2 (../src/mme/mme-context.c:5838)
09/14 17:44:58.477: [esm] ERROR: Unknown message(type:218) (../src/mme/esm-sm.c:391)
09/14 17:45:02.470: [esm] ERROR: Unknown message(type:218) (../src/mme/esm-sm.c:391)
09/14 17:45:06.485: [esm] ERROR: Unknown message(type:218) (../src/mme/esm-sm.c:391)
09/14 17:45:07.389: [mme] WARNING: APN duplicated [ims] (../src/mme/mme-context.c:5218)
09/14 17:45:10.446: [esm] WARNING: Retransmission of IMSI[001010123456780] failed. Stop retransmission (../src/mme/esm-sm.c:252)
09/14 17:45:32.441: [mme] INFO: UE Context Release [Action:2] (../src/mme/s1ap-handler.c:2254)
09/14 17:45:32.441: [mme] INFO:     ENB_UE_S1AP_ID[1] MME_UE_S1AP_ID[1] (../src/mme/s1ap-handler.c:2255)
09/14 17:45:32.441: [mme] INFO:     IMSI[001010123456780] (../src/mme/s1ap-handler.c:2260)
09/14 17:45:32.441: [mme] INFO: Mobile Reachable timer started for IMSI[001010123456780] (../src/mme/s1ap-handler.c:2273)
09/14 17:45:32.441: [mme] INFO: [Removed] Number of eNB-UEs is now 0 (../src/mme/mme-context.c:5831)
09/14 17:57:47.832: [app] INFO: SIGTERM received (../src/main.c:54)
09/14 17:57:47.832: [app] INFO: Open5GS daemon terminating... (../src/main.c:231)
09/14 17:57:47.942: [mme] INFO: [Removed] Number of eNBs is now 0 (../src/mme/mme-context.c:3379)
09/14 17:57:47.942: [mme] INFO: [EBI-TRACK] Bearer removing (EBI=5 ue_id=1 IMSI=001010123456780 ESM=ACTIVE AGE=769781ms bitmap_before=0x0060) (../src/mme/mme-context.c:4998)
09/14 17:57:47.942: [mme] INFO: [EBI-TRACK] EBI freed [5] ue_id[1] IMSI[001010123456780] bitmap[0x0040] (../src/mme/mme-context.c:5675)
09/14 17:57:47.942: [mme] INFO: [Removed] Number of MME-Sessions is now 1 (../src/mme/mme-context.c:5845)
09/14 17:57:47.942: [mme] INFO: [EBI-TRACK] Bearer removing (EBI=6 ue_id=1 IMSI=001010123456780 ESM=EXCEPTION AGE=769508ms bitmap_before=0x0040) (../src/mme/mme-context.c:4998)
09/14 17:57:47.942: [mme] INFO: [EBI-TRACK] EBI freed [6] ue_id[1] IMSI[001010123456780] bitmap[0x0000] (../src/mme/mme-context.c:5675)
09/14 17:57:47.942: [mme] INFO: [Removed] Number of MME-Sessions is now 0 (../src/mme/mme-context.c:5845)
09/14 17:57:47.942: [mme] INFO: [EBI-TRACK] UE-REMOVED ue_id[1] IMSI[001010123456780] bitmap[0x0000] (../src/mme/mme-context.c:4064)
09/14 17:57:47.942: [mme] INFO: [Removed] Number of MME-UEs is now 0 (../src/mme/mme-context.c:4070)
09/14 17:57:47.942: [sctp] INFO: MME terminate...done (../src/mme/app-init.c:42)
Open5GS daemon v2.8.0

09/14 17:57:54.985: [app] INFO: Configuration: '/home/co1750/tc005-o5g/etc/mme.yaml' (../lib/app/ogs-init.c:144)
09/14 17:57:54.985: [app] INFO: File Logging: '/home/co1750/tc005-o5g/log/mme.log' (../lib/app/ogs-init.c:147)
09/14 17:57:54.985: [app] INFO: LOG-LEVEL: 'info' (../lib/app/ogs-init.c:150)
09/14 17:57:54.986: [metrics] INFO: metrics_server() [http://127.0.0.2]:9090 (../lib/metrics/prometheus/context.c:392)
09/14 17:57:55.023: [app] INFO: Polling freeDiameter stats every 60000000 usecs (../lib/diameter/common/stats.c:77)
09/14 17:57:55.023: [gtp] INFO: gtp_server() [127.0.0.2]:2123 (../lib/gtp/path.c:30)
09/14 17:57:55.023: [gtp] INFO: gtp_connect() [127.0.0.3]:2123 (../lib/gtp/path.c:60)
09/14 17:57:55.023: [mme] INFO: s1ap_server() [127.0.0.2]:36412 (../src/mme/s1ap-sctp.c:62)
09/14 17:57:55.023: [sctp] INFO: MME initialize...done (../src/mme/app-init.c:33)
09/14 17:57:55.024: [diam] INFO: CONNECTED TO 'hss.localdomain' (TCP,soc#10): (../lib/diameter/common/logger.c:81)
09/14 17:58:07.718: [mme] INFO: eNB-S1 accepted[127.0.0.2]:55171 in s1_path module (../src/mme/s1ap-sctp.c:114)
09/14 17:58:07.718: [mme] INFO: eNB-S1 accepted[127.0.0.2] in master_sm module (../src/mme/mme-sm.c:109)
09/14 17:58:07.718: [mme] INFO: [Added] Number of eNBs is now 1 (../src/mme/mme-context.c:3344)
09/14 17:58:07.718: [mme] INFO: eNB-S1[127.0.0.2] max_num_of_ostreams : 30 (../src/mme/mme-sm.c:158)
09/14 17:58:16.230: [mme] INFO: InitialUEMessage (../src/mme/s1ap-handler.c:629)
09/14 17:58:16.231: [mme] INFO: [Added] Number of eNB-UEs is now 1 (../src/mme/mme-context.c:5824)
09/14 17:58:16.231: [mme] INFO:     ENB_UE_S1AP_ID[1] MME_UE_S1AP_ID[1] TAC[1] CellID[0x19b01] (../src/mme/s1ap-handler.c:887)
09/14 17:58:16.231: [mme] ERROR: TC005 S1AP NAS after security decode [len:21 security_available:-1 integrity:0 ciphered:0] (../src/mme/s1ap-path.c:267)
0000: 07417108 09101010 32547608 02f07000   .Aq.....2Tv...p.
0010: 040201d0 31                           ....1
09/14 17:58:16.231: [mme] INFO: [001010123456780] Unknown UE by IMSI (../src/mme/mme-context.c:4189)
09/14 17:58:16.231: [mme] INFO: [EBI-TRACK] UE-CREATED ue_id[1] bitmap[0x0000] (../src/mme/mme-context.c:3994)
09/14 17:58:16.231: [mme] INFO: [Added] Number of MME-UEs is now 1 (../src/mme/mme-context.c:3996)
09/14 17:58:16.231: [event] FATAL: ogs_timer_stop_debug: Assertion `timer' failed. (../lib/core/ogs-timer.c:129)
09/14 17:58:16.231: [core] FATAL: backtrace() returned 8 addresses (../lib/core/ogs-abort.c:37)
/home/co1750/o5g-local/lib/libogscore.so.2(ogs_timer_stop_debug+0x88) [0x7f9e62f91b08]
/home/co1750/tc005-mme-debug/bin/open5gs-mmed-debug(+0xcec3) [0x55b8ba296ec3]
/home/co1750/o5g-local/lib/libogscore.so.2(ogs_fsm_dispatch+0x25) [0x7f9e62f9d905]
/home/co1750/tc005-mme-debug/bin/open5gs-mmed-debug(+0xae1b) [0x55b8ba294e1b]
/home/co1750/o5g-local/lib/libogscore.so.2(+0x1095c) [0x7f9e62f9295c]
/lib/x86_64-linux-gnu/libpthread.so.0(+0x8609) [0x7f9e62a6c609]
/lib/x86_64-linux-gnu/libc.so.6(clone+0x43) [0x7f9e62991353]
Open5GS daemon v2.8.0

09/14 18:01:36.605: [app] INFO: Configuration: '/home/co1750/tc005-o5g/etc/mme.yaml' (../lib/app/ogs-init.c:144)
09/14 18:01:36.605: [app] INFO: File Logging: '/home/co1750/tc005-o5g/log/mme.log' (../lib/app/ogs-init.c:147)
09/14 18:01:36.605: [app] INFO: LOG-LEVEL: 'info' (../lib/app/ogs-init.c:150)
09/14 18:01:36.606: [metrics] INFO: metrics_server() [http://127.0.0.2]:9090 (../lib/metrics/prometheus/context.c:392)
09/14 18:01:36.659: [app] INFO: Polling freeDiameter stats every 60000000 usecs (../lib/diameter/common/stats.c:77)
09/14 18:01:36.659: [gtp] INFO: gtp_server() [127.0.0.2]:2123 (../lib/gtp/path.c:30)
09/14 18:01:36.659: [gtp] INFO: gtp_connect() [127.0.0.3]:2123 (../lib/gtp/path.c:60)
09/14 18:01:36.659: [mme] INFO: s1ap_server() [127.0.0.2]:36412 (../src/mme/s1ap-sctp.c:62)
09/14 18:01:36.659: [sctp] INFO: MME initialize...done (../src/mme/app-init.c:33)
09/14 18:01:36.660: [diam] INFO: CONNECTED TO 'hss.localdomain' (TCP,soc#11): (../lib/diameter/common/logger.c:81)
09/14 18:01:49.264: [mme] INFO: eNB-S1 accepted[127.0.0.2]:52989 in s1_path module (../src/mme/s1ap-sctp.c:114)
09/14 18:01:49.264: [mme] INFO: eNB-S1 accepted[127.0.0.2] in master_sm module (../src/mme/mme-sm.c:109)
09/14 18:01:49.264: [mme] INFO: [Added] Number of eNBs is now 1 (../src/mme/mme-context.c:3344)
09/14 18:01:49.264: [mme] INFO: eNB-S1[127.0.0.2] max_num_of_ostreams : 30 (../src/mme/mme-sm.c:158)
09/14 18:01:57.957: [mme] INFO: InitialUEMessage (../src/mme/s1ap-handler.c:629)
09/14 18:01:57.957: [mme] INFO: [Added] Number of eNB-UEs is now 1 (../src/mme/mme-context.c:5822)
09/14 18:01:57.957: [mme] INFO:     ENB_UE_S1AP_ID[1] MME_UE_S1AP_ID[1] TAC[1] CellID[0x19b01] (../src/mme/s1ap-handler.c:887)
09/14 18:01:57.957: [mme] ERROR: TC005 S1AP NAS after security decode [len:21 security_available:-1 integrity:0 ciphered:0] (../src/mme/s1ap-path.c:267)
0000: 07417108 09101010 32547608 02f07000   .Aq.....2Tv...p.
0010: 040201d0 31                           ....1
09/14 18:01:57.957: [mme] INFO: [001010123456780] Unknown UE by IMSI (../src/mme/mme-context.c:4189)
09/14 18:01:57.957: [mme] INFO: [EBI-TRACK] UE-CREATED ue_id[1] bitmap[0x0000] (../src/mme/mme-context.c:3994)
09/14 18:01:57.957: [mme] INFO: [Added] Number of MME-UEs is now 1 (../src/mme/mme-context.c:3996)
09/14 18:01:57.957: [emm] INFO: [] Attach request (../src/mme/emm-sm.c:488)
09/14 18:01:57.957: [emm] INFO:     IMSI[001010123456780] (../src/mme/emm-handler.c:276)
09/14 18:01:58.001: [mme] ERROR: TC005 S1AP NAS after security decode [len:11 security_available:0 integrity:0 ciphered:0] (../src/mme/s1ap-path.c:267)
0000: 075308c3 f6831510 26f60c              .S......&..
09/14 18:01:58.045: [mme] ERROR: TC005 S1AP NAS after security decode [len:13 security_available:1 integrity:1 ciphered:1] (../src/mme/s1ap-path.c:267)
0000: 075e2309 33359400 96783351 f3         .^#.35...x3Q.
09/14 18:01:58.047: [mme] ERROR: TC005 MME ESM before decode [len:4 nas_type:0 create_action:1] (../src/mme/mme-sm.c:370)
0000: 0201d031                              ...1
09/14 18:01:58.047: [mme] ERROR: TC005 MME ESM after decode [EBI:0 PTI:1 TYPE:208] (../src/mme/mme-sm.c:391)
09/14 18:01:58.047: [mme] INFO: [EBI-TRACK] EBI allocated [5] ue_id[1] IMSI[001010123456780] bitmap[0x0020] (../src/mme/mme-context.c:5639)
09/14 18:01:58.047: [mme] INFO: [EBI-TRACK] Bearer added (EBI=5 ue_id=1 IMSI=001010123456780 bitmap=0x0020) (../src/mme/mme-context.c:4962)
09/14 18:01:58.047: [mme] INFO: [Added] Number of MME-Sessions is now 1 (../src/mme/mme-context.c:5836)
09/14 18:01:58.318: [mme] ERROR: TC005 S1AP NAS after security decode [len:7 security_available:1 integrity:1 ciphered:1] (../src/mme/s1ap-path.c:267)
0000: 07430003 5200c2                       .C..R..
09/14 18:01:58.318: [emm] INFO: [001010123456780] Attach complete (../src/mme/emm-sm.c:1603)
09/14 18:01:58.318: [emm] INFO:     IMSI[001010123456780] (../src/mme/emm-handler.c:327)
09/14 18:01:58.318: [emm] INFO:     UTC [2026-09-14T10:01:58] Timezone[0]/DST[0] (../src/mme/emm-handler.c:333)
09/14 18:01:58.318: [emm] INFO:     LOCAL [2026-09-14T18:01:58] Timezone[28800]/DST[0] (../src/mme/emm-handler.c:337)
09/14 18:01:58.318: [mme] ERROR: TC005 MME ESM before decode [len:3 nas_type:0 create_action:1] (../src/mme/mme-sm.c:370)
0000: 5200c2                                R..
09/14 18:01:58.318: [mme] ERROR: TC005 MME ESM after decode [EBI:5 PTI:0 TYPE:194] (../src/mme/mme-sm.c:391)
09/14 18:01:58.318: [mme] ERROR: TC005 S1AP NAS after security decode [len:11 security_available:1 integrity:1 ciphered:1] (../src/mme/s1ap-path.c:267)
0000: 0201d031 d1280403 696d73              ...1.(..ims
09/14 18:01:58.318: [mme] ERROR: TC005 MME ESM before decode [len:11 nas_type:192 create_action:2] (../src/mme/mme-sm.c:370)
0000: 0201d031 d1280403 696d73              ...1.(..ims
09/14 18:01:58.318: [mme] ERROR: TC005 MME ESM after decode [EBI:0 PTI:1 TYPE:208] (../src/mme/mme-sm.c:391)
09/14 18:01:58.318: [mme] INFO: [EBI-TRACK] EBI allocated [6] ue_id[1] IMSI[001010123456780] bitmap[0x0060] (../src/mme/mme-context.c:5639)
09/14 18:01:58.318: [mme] INFO: [EBI-TRACK] Bearer added (EBI=6 ue_id=1 IMSI=001010123456780 bitmap=0x0060) (../src/mme/mme-context.c:4962)
09/14 18:01:58.318: [mme] INFO: [Added] Number of MME-Sessions is now 2 (../src/mme/mme-context.c:5836)
09/14 18:01:58.362: [mme] ERROR: TC005 S1AP NAS after security decode [len:14 security_available:1 integrity:1 ciphered:1] (../src/mme/s1ap-path.c:267)
0000: 0201da28 0908696e 7465726e 6574       ...(..internet
09/14 18:01:58.362: [mme] ERROR: TC005 MME ESM before decode [len:14 nas_type:192 create_action:2] (../src/mme/mme-sm.c:370)
0000: 0201da28 0908696e 7465726e 6574       ...(..internet
09/14 18:01:58.362: [mme] ERROR: TC005 MME ESM after decode [EBI:0 PTI:1 TYPE:218] (../src/mme/mme-sm.c:391)
09/14 18:01:58.362: [esm] ERROR: Unknown message(type:218) (../src/mme/esm-sm.c:391)
09/14 18:02:02.355: [mme] ERROR: TC005 S1AP NAS after security decode [len:14 security_available:1 integrity:1 ciphered:1] (../src/mme/s1ap-path.c:267)
0000: 0201da28 0908696e 7465726e 6574       ...(..internet
09/14 18:02:02.355: [mme] ERROR: TC005 MME ESM before decode [len:14 nas_type:192 create_action:2] (../src/mme/mme-sm.c:370)
0000: 0201da28 0908696e 7465726e 6574       ...(..internet
09/14 18:02:02.355: [mme] ERROR: TC005 MME ESM after decode [EBI:0 PTI:1 TYPE:218] (../src/mme/mme-sm.c:391)
09/14 18:02:02.355: [esm] ERROR: Unknown message(type:218) (../src/mme/esm-sm.c:391)
09/14 18:02:06.365: [mme] ERROR: TC005 S1AP NAS after security decode [len:14 security_available:1 integrity:1 ciphered:1] (../src/mme/s1ap-path.c:267)
0000: 0201da28 0908696e 7465726e 6574       ...(..internet
09/14 18:02:06.365: [mme] ERROR: TC005 MME ESM before decode [len:14 nas_type:192 create_action:2] (../src/mme/mme-sm.c:370)
0000: 0201da28 0908696e 7465726e 6574       ...(..internet
09/14 18:02:06.365: [mme] ERROR: TC005 MME ESM after decode [EBI:0 PTI:1 TYPE:218] (../src/mme/mme-sm.c:391)
09/14 18:02:06.365: [esm] ERROR: Unknown message(type:218) (../src/mme/esm-sm.c:391)
09/14 18:02:07.202: [mme] ERROR: TC005 S1AP NAS after security decode [len:11 security_available:1 integrity:1 ciphered:1] (../src/mme/s1ap-path.c:267)
0000: 0201d031 d1280403 696d73              ...1.(..ims
09/14 18:02:07.202: [mme] ERROR: TC005 MME ESM before decode [len:11 nas_type:192 create_action:2] (../src/mme/mme-sm.c:370)
0000: 0201d031 d1280403 696d73              ...1.(..ims
09/14 18:02:07.202: [mme] ERROR: TC005 MME ESM after decode [EBI:0 PTI:1 TYPE:208] (../src/mme/mme-sm.c:391)
09/14 18:02:07.202: [mme] WARNING: APN duplicated [ims] (../src/mme/mme-context.c:5218)
09/14 18:02:10.330: [esm] WARNING: Retransmission of IMSI[001010123456780] failed. Stop retransmission (../src/mme/esm-sm.c:252)
09/14 18:02:32.132: [mme] INFO: UE Context Release [Action:2] (../src/mme/s1ap-handler.c:2228)
09/14 18:02:32.132: [mme] INFO:     ENB_UE_S1AP_ID[1] MME_UE_S1AP_ID[1] (../src/mme/s1ap-handler.c:2229)
09/14 18:02:32.132: [mme] INFO:     IMSI[001010123456780] (../src/mme/s1ap-handler.c:2234)
09/14 18:02:32.132: [mme] INFO: Mobile Reachable timer started for IMSI[001010123456780] (../src/mme/s1ap-handler.c:2247)
09/14 18:02:32.132: [mme] INFO: [Removed] Number of eNB-UEs is now 0 (../src/mme/mme-context.c:5829)
09/14 18:10:03.609: [app] INFO: SIGTERM received (../src/main.c:54)
09/14 18:10:03.609: [app] INFO: Open5GS daemon terminating... (../src/main.c:231)
09/14 18:10:03.718: [mme] INFO: [Removed] Number of eNBs is now 0 (../src/mme/mme-context.c:3379)
09/14 18:10:03.718: [mme] INFO: [EBI-TRACK] Bearer removing (EBI=5 ue_id=1 IMSI=001010123456780 ESM=ACTIVE AGE=485671ms bitmap_before=0x0060) (../src/mme/mme-context.c:4998)
09/14 18:10:03.718: [mme] INFO: [EBI-TRACK] EBI freed [5] ue_id[1] IMSI[001010123456780] bitmap[0x0040] (../src/mme/mme-context.c:5675)
09/14 18:10:03.718: [mme] INFO: [Removed] Number of MME-Sessions is now 1 (../src/mme/mme-context.c:5843)
09/14 18:10:03.718: [mme] INFO: [EBI-TRACK] Bearer removing (EBI=6 ue_id=1 IMSI=001010123456780 ESM=EXCEPTION AGE=485400ms bitmap_before=0x0040) (../src/mme/mme-context.c:4998)
09/14 18:10:03.718: [mme] INFO: [EBI-TRACK] EBI freed [6] ue_id[1] IMSI[001010123456780] bitmap[0x0000] (../src/mme/mme-context.c:5675)
09/14 18:10:03.718: [mme] INFO: [Removed] Number of MME-Sessions is now 0 (../src/mme/mme-context.c:5843)
09/14 18:10:03.718: [mme] INFO: [EBI-TRACK] UE-REMOVED ue_id[1] IMSI[001010123456780] bitmap[0x0000] (../src/mme/mme-context.c:4064)
09/14 18:10:03.718: [mme] INFO: [Removed] Number of MME-UEs is now 0 (../src/mme/mme-context.c:4070)
09/14 18:10:03.718: [sctp] INFO: MME terminate...done (../src/mme/app-init.c:42)
Open5GS daemon v2.8.0

09/14 18:10:09.788: [app] INFO: Configuration: '/home/co1750/tc005-o5g/etc/mme.yaml' (../lib/app/ogs-init.c:144)
09/14 18:10:09.788: [app] INFO: File Logging: '/home/co1750/tc005-o5g/log/mme.log' (../lib/app/ogs-init.c:147)
09/14 18:10:09.788: [app] INFO: LOG-LEVEL: 'info' (../lib/app/ogs-init.c:150)
09/14 18:10:09.789: [metrics] INFO: metrics_server() [http://127.0.0.2]:9090 (../lib/metrics/prometheus/context.c:392)
09/14 18:10:09.814: [app] INFO: Polling freeDiameter stats every 60000000 usecs (../lib/diameter/common/stats.c:77)
09/14 18:10:09.815: [gtp] INFO: gtp_server() [127.0.0.2]:2123 (../lib/gtp/path.c:30)
09/14 18:10:09.815: [gtp] INFO: gtp_connect() [127.0.0.3]:2123 (../lib/gtp/path.c:60)
09/14 18:10:09.815: [mme] INFO: s1ap_server() [127.0.0.2]:36412 (../src/mme/s1ap-sctp.c:62)
09/14 18:10:09.815: [sctp] INFO: MME initialize...done (../src/mme/app-init.c:33)
09/14 18:10:09.815: [diam] INFO: CONNECTED TO 'hss.localdomain' (TCP,soc#11): (../lib/diameter/common/logger.c:81)
09/14 18:10:22.494: [mme] INFO: eNB-S1 accepted[127.0.0.2]:59729 in s1_path module (../src/mme/s1ap-sctp.c:114)
09/14 18:10:22.494: [mme] INFO: eNB-S1 accepted[127.0.0.2] in master_sm module (../src/mme/mme-sm.c:109)
09/14 18:10:22.494: [mme] INFO: [Added] Number of eNBs is now 1 (../src/mme/mme-context.c:3344)
09/14 18:10:22.494: [mme] INFO: eNB-S1[127.0.0.2] max_num_of_ostreams : 30 (../src/mme/mme-sm.c:158)
09/14 18:10:31.190: [mme] INFO: InitialUEMessage (../src/mme/s1ap-handler.c:629)
09/14 18:10:31.190: [mme] INFO: [Added] Number of eNB-UEs is now 1 (../src/mme/mme-context.c:5824)
09/14 18:10:31.190: [mme] INFO:     ENB_UE_S1AP_ID[1] MME_UE_S1AP_ID[1] TAC[1] CellID[0x19b01] (../src/mme/s1ap-handler.c:887)
09/14 18:10:31.190: [mme] INFO: [001010123456780] Unknown UE by IMSI (../src/mme/mme-context.c:4189)
09/14 18:10:31.190: [mme] INFO: [EBI-TRACK] UE-CREATED ue_id[1] bitmap[0x0000] (../src/mme/mme-context.c:3994)
09/14 18:10:31.190: [mme] INFO: [Added] Number of MME-UEs is now 1 (../src/mme/mme-context.c:3996)
09/14 18:10:31.190: [emm] INFO: [] Attach request (../src/mme/emm-sm.c:488)
09/14 18:10:31.190: [emm] INFO:     IMSI[001010123456780] (../src/mme/emm-handler.c:276)
09/14 18:10:31.260: [mme] INFO: [EBI-TRACK] EBI allocated [5] ue_id[1] IMSI[001010123456780] bitmap[0x0020] (../src/mme/mme-context.c:5639)
09/14 18:10:31.260: [mme] INFO: [EBI-TRACK] Bearer added (EBI=5 ue_id=1 IMSI=001010123456780 bitmap=0x0020) (../src/mme/mme-context.c:4962)
09/14 18:10:31.260: [mme] INFO: [Added] Number of MME-Sessions is now 1 (../src/mme/mme-context.c:5838)
09/14 18:10:31.530: [emm] INFO: [001010123456780] Attach complete (../src/mme/emm-sm.c:1603)
09/14 18:10:31.530: [emm] INFO:     IMSI[001010123456780] (../src/mme/emm-handler.c:327)
09/14 18:10:31.530: [emm] INFO:     UTC [2026-09-14T10:10:31] Timezone[0]/DST[0] (../src/mme/emm-handler.c:333)
09/14 18:10:31.530: [emm] INFO:     LOCAL [2026-09-14T18:10:31] Timezone[28800]/DST[0] (../src/mme/emm-handler.c:337)
09/14 18:10:31.530: [mme] INFO: [EBI-TRACK] EBI allocated [6] ue_id[1] IMSI[001010123456780] bitmap[0x0060] (../src/mme/mme-context.c:5639)
09/14 18:10:31.530: [mme] INFO: [EBI-TRACK] Bearer added (EBI=6 ue_id=1 IMSI=001010123456780 bitmap=0x0060) (../src/mme/mme-context.c:4962)
09/14 18:10:31.530: [mme] INFO: [Added] Number of MME-Sessions is now 2 (../src/mme/mme-context.c:5838)
09/14 18:10:31.552: [mme] ERROR: There should only be one SESSION (../src/mme/nas-path.c:135)
09/14 18:10:31.552: [esm] ERROR: esm_handle_information_response: Expectation `r == OGS_OK' failed. (../src/mme/esm-handler.c:334)
09/14 18:10:31.552: [esm] FATAL: esm_handle_information_response: Assertion `r != OGS_ERROR' failed. (../src/mme/esm-handler.c:335)
09/14 18:10:31.552: [core] FATAL: backtrace() returned 10 addresses (../lib/core/ogs-abort.c:37)
/home/co1750/o5g-local/bin/open5gs-mmed(+0x582c0) [0x56365d2c42c0]
/home/co1750/o5g-local/bin/open5gs-mmed(+0x558d0) [0x56365d2c18d0]
/home/co1749/.local/lib/x86_64-linux-gnu/libogscore.so.2(ogs_fsm_dispatch+0x25) [0x7fbe51f4d905]
/home/co1750/o5g-local/bin/open5gs-mmed(+0x61dc8) [0x56365d2cddc8]
/home/co1749/.local/lib/x86_64-linux-gnu/libogscore.so.2(ogs_fsm_dispatch+0x25) [0x7fbe51f4d905]
/home/co1750/o5g-local/bin/open5gs-mmed(+0xabcb) [0x56365d276bcb]
/home/co1749/.local/lib/x86_64-linux-gnu/libogscore.so.2(+0x1095c) [0x7fbe51f4295c]
/lib/x86_64-linux-gnu/libpthread.so.0(+0x8609) [0x7fbe51a1c609]
/lib/x86_64-linux-gnu/libc.so.6(clone+0x43) [0x7fbe51941353]
Open5GS daemon v2.8.0

09/14 18:16:17.602: [app] INFO: Configuration: '/home/co1750/tc005-o5g/etc/mme.yaml' (../lib/app/ogs-init.c:144)
09/14 18:16:17.602: [app] INFO: File Logging: '/home/co1750/tc005-o5g/log/mme.log' (../lib/app/ogs-init.c:147)
09/14 18:16:17.602: [app] INFO: LOG-LEVEL: 'info' (../lib/app/ogs-init.c:150)
09/14 18:16:17.602: [metrics] INFO: metrics_server() [http://127.0.0.2]:9090 (../lib/metrics/prometheus/context.c:392)
09/14 18:16:17.644: [app] INFO: Polling freeDiameter stats every 60000000 usecs (../lib/diameter/common/stats.c:77)
09/14 18:16:17.644: [gtp] INFO: gtp_server() [127.0.0.2]:2123 (../lib/gtp/path.c:30)
09/14 18:16:17.644: [gtp] INFO: gtp_connect() [127.0.0.3]:2123 (../lib/gtp/path.c:60)
09/14 18:16:17.644: [mme] INFO: s1ap_server() [127.0.0.2]:36412 (../src/mme/s1ap-sctp.c:62)
09/14 18:16:17.644: [sctp] INFO: MME initialize...done (../src/mme/app-init.c:33)
09/14 18:16:17.645: [diam] INFO: CONNECTED TO 'hss.localdomain' (TCP,soc#12): (../lib/diameter/common/logger.c:81)
09/14 18:16:30.329: [mme] INFO: eNB-S1 accepted[127.0.0.2]:57126 in s1_path module (../src/mme/s1ap-sctp.c:114)
09/14 18:16:30.329: [mme] INFO: eNB-S1 accepted[127.0.0.2] in master_sm module (../src/mme/mme-sm.c:109)
09/14 18:16:30.329: [mme] INFO: [Added] Number of eNBs is now 1 (../src/mme/mme-context.c:3344)
09/14 18:16:30.329: [mme] INFO: eNB-S1[127.0.0.2] max_num_of_ostreams : 30 (../src/mme/mme-sm.c:158)
09/14 18:16:39.024: [mme] INFO: InitialUEMessage (../src/mme/s1ap-handler.c:629)
09/14 18:16:39.024: [mme] INFO: [Added] Number of eNB-UEs is now 1 (../src/mme/mme-context.c:5824)
09/14 18:16:39.024: [mme] INFO:     ENB_UE_S1AP_ID[1] MME_UE_S1AP_ID[1] TAC[1] CellID[0x19b01] (../src/mme/s1ap-handler.c:887)
09/14 18:16:39.024: [mme] ERROR: TC005 S1AP NAS after security decode [len:21 security_available:-1 integrity:0 ciphered:0] (../src/mme/s1ap-path.c:267)
0000: 07417108 09101010 32547608 02f07000   .Aq.....2Tv...p.
0010: 040201d0 31                           ....1
09/14 18:16:39.024: [mme] INFO: [001010123456780] Unknown UE by IMSI (../src/mme/mme-context.c:4189)
09/14 18:16:39.024: [mme] INFO: [EBI-TRACK] UE-CREATED ue_id[1] bitmap[0x0000] (../src/mme/mme-context.c:3994)
09/14 18:16:39.024: [mme] INFO: [Added] Number of MME-UEs is now 1 (../src/mme/mme-context.c:3996)
09/14 18:16:39.024: [emm] INFO: [] Attach request (../src/mme/emm-sm.c:488)
09/14 18:16:39.024: [emm] INFO:     IMSI[001010123456780] (../src/mme/emm-handler.c:276)
09/14 18:16:39.068: [mme] ERROR: TC005 S1AP NAS after security decode [len:11 security_available:0 integrity:0 ciphered:0] (../src/mme/s1ap-path.c:267)
0000: 07530826 e719a6bb 3b74cc              .S.&....;t.
09/14 18:16:39.091: [mme] ERROR: TC005 S1AP NAS after security decode [len:13 security_available:1 integrity:1 ciphered:1] (../src/mme/s1ap-path.c:267)
0000: 075e2309 33359400 96783351 f3         .^#.35...x3Q.
09/14 18:16:39.093: [mme] ERROR: TC005 MME ESM before decode [len:4 nas_type:0 create_action:1] (../src/mme/mme-sm.c:370)
0000: 0201d031                              ...1
09/14 18:16:39.093: [mme] ERROR: TC005 MME ESM after decode [EBI:0 PTI:1 TYPE:208] (../src/mme/mme-sm.c:391)
09/14 18:16:39.093: [mme] INFO: [EBI-TRACK] EBI allocated [5] ue_id[1] IMSI[001010123456780] bitmap[0x0020] (../src/mme/mme-context.c:5641)
09/14 18:16:39.093: [mme] INFO: [EBI-TRACK] Bearer added (EBI=5 ue_id=1 IMSI=001010123456780 bitmap=0x0020) (../src/mme/mme-context.c:4964)
09/14 18:16:39.093: [mme] INFO: [Added] Number of MME-Sessions is now 1 (../src/mme/mme-context.c:5838)
09/14 18:16:39.358: [mme] ERROR: TC005 S1AP NAS after security decode [len:7 security_available:1 integrity:1 ciphered:1] (../src/mme/s1ap-path.c:267)
0000: 07430003 5200c2                       .C..R..
09/14 18:16:39.358: [emm] INFO: [001010123456780] Attach complete (../src/mme/emm-sm.c:1603)
09/14 18:16:39.358: [emm] INFO:     IMSI[001010123456780] (../src/mme/emm-handler.c:327)
09/14 18:16:39.358: [emm] INFO:     UTC [2026-09-14T10:16:39] Timezone[0]/DST[0] (../src/mme/emm-handler.c:333)
09/14 18:16:39.358: [emm] INFO:     LOCAL [2026-09-14T18:16:39] Timezone[28800]/DST[0] (../src/mme/emm-handler.c:337)
09/14 18:16:39.358: [mme] ERROR: TC005 MME ESM before decode [len:3 nas_type:0 create_action:1] (../src/mme/mme-sm.c:370)
0000: 5200c2                                R..
09/14 18:16:39.358: [mme] ERROR: TC005 MME ESM after decode [EBI:5 PTI:0 TYPE:194] (../src/mme/mme-sm.c:391)
09/14 18:16:39.358: [mme] ERROR: TC005 S1AP NAS after security decode [len:11 security_available:1 integrity:1 ciphered:1] (../src/mme/s1ap-path.c:267)
0000: 0202d031 d1280403 696d73              ...1.(..ims
09/14 18:16:39.358: [mme] ERROR: TC005 MME ESM before decode [len:11 nas_type:192 create_action:2] (../src/mme/mme-sm.c:370)
0000: 0202d031 d1280403 696d73              ...1.(..ims
09/14 18:16:39.358: [mme] ERROR: TC005 MME ESM after decode [EBI:0 PTI:2 TYPE:208] (../src/mme/mme-sm.c:391)
09/14 18:16:39.358: [mme] INFO: [EBI-TRACK] EBI allocated [6] ue_id[1] IMSI[001010123456780] bitmap[0x0060] (../src/mme/mme-context.c:5641)
09/14 18:16:39.358: [mme] INFO: [EBI-TRACK] Bearer added (EBI=6 ue_id=1 IMSI=001010123456780 bitmap=0x0060) (../src/mme/mme-context.c:4964)
09/14 18:16:39.358: [mme] INFO: [Added] Number of MME-Sessions is now 2 (../src/mme/mme-context.c:5838)
09/14 18:16:39.383: [mme] ERROR: TC005 S1AP NAS after security decode [len:9 security_available:1 integrity:1 ciphered:1] (../src/mme/s1ap-path.c:267)
0000: 0202da28 0403696d 73                  ...(..ims
09/14 18:16:39.383: [mme] ERROR: TC005 MME ESM before decode [len:9 nas_type:192 create_action:2] (../src/mme/mme-sm.c:370)
0000: 0202da28 0403696d 73                  ...(..ims
09/14 18:16:39.383: [mme] ERROR: TC005 MME ESM after decode [EBI:0 PTI:2 TYPE:218] (../src/mme/mme-sm.c:391)
09/14 18:16:39.387: [mme] INFO: [EBI-TRACK] Create Bearer Request: IMSI[001010123456780] bitmap[0x0060] (../src/mme/mme-s11-handler.c:1052)
09/14 18:16:39.387: [mme] INFO: [EBI-TRACK] EBI allocated [7] ue_id[1] IMSI[001010123456780] bitmap[0x00e0] (../src/mme/mme-context.c:5641)
09/14 18:16:39.387: [mme] INFO: [EBI-TRACK] Bearer added (EBI=7 ue_id=1 IMSI=001010123456780 bitmap=0x00e0) (../src/mme/mme-context.c:4964)
09/14 18:16:41.887: [gtp] WARNING: [3] REMOTE Request Duplicated. Discard! for step 1 type 95 peer [127.0.0.3]:2123 (../lib/gtp/xact.c:623)
09/14 18:16:44.390: [gtp] WARNING: [3] REMOTE Request Duplicated. Discard! for step 1 type 95 peer [127.0.0.3]:2123 (../lib/gtp/xact.c:623)
09/14 18:16:48.235: [mme] ERROR: TC005 S1AP NAS after security decode [len:11 security_available:1 integrity:1 ciphered:1] (../src/mme/s1ap-path.c:267)
0000: 0202d031 d1280403 696d73              ...1.(..ims
09/14 18:16:48.235: [mme] ERROR: TC005 MME ESM before decode [len:11 nas_type:192 create_action:2] (../src/mme/mme-sm.c:370)
0000: 0202d031 d1280403 696d73              ...1.(..ims
09/14 18:16:48.235: [mme] ERROR: TC005 MME ESM after decode [EBI:0 PTI:2 TYPE:208] (../src/mme/mme-sm.c:391)
09/14 18:16:48.235: [mme] WARNING: APN duplicated [ims] (../src/mme/mme-context.c:5220)
09/14 18:17:13.397: [mme] INFO: UE Context Release [Action:2] (../src/mme/s1ap-handler.c:2228)
09/14 18:17:13.397: [mme] INFO:     ENB_UE_S1AP_ID[1] MME_UE_S1AP_ID[1] (../src/mme/s1ap-handler.c:2229)
09/14 18:17:13.397: [mme] INFO:     IMSI[001010123456780] (../src/mme/s1ap-handler.c:2234)
09/14 18:17:13.397: [mme] INFO: Mobile Reachable timer started for IMSI[001010123456780] (../src/mme/s1ap-handler.c:2247)
09/14 18:17:13.397: [mme] INFO: [Removed] Number of eNB-UEs is now 0 (../src/mme/mme-context.c:5831)
09/14 18:26:36.621: [app] INFO: SIGTERM received (../src/main.c:54)
09/14 18:26:36.621: [app] INFO: Open5GS daemon terminating... (../src/main.c:231)
09/14 18:26:36.737: [mme] INFO: [Removed] Number of eNBs is now 0 (../src/mme/mme-context.c:3379)
09/14 18:26:36.738: [mme] INFO: [EBI-TRACK] Bearer removing (EBI=5 ue_id=1 IMSI=001010123456780 ESM=ACTIVE AGE=597645ms bitmap_before=0x00e0) (../src/mme/mme-context.c:5000)
09/14 18:26:36.738: [mme] INFO: [EBI-TRACK] EBI freed [5] ue_id[1] IMSI[001010123456780] bitmap[0x00c0] (../src/mme/mme-context.c:5677)
09/14 18:26:36.738: [mme] INFO: [Removed] Number of MME-Sessions is now 1 (../src/mme/mme-context.c:5845)
09/14 18:26:36.738: [mme] INFO: [EBI-TRACK] Bearer removing (EBI=6 ue_id=1 IMSI=001010123456780 ESM=INACTIVE AGE=597381ms bitmap_before=0x00c0) (../src/mme/mme-context.c:5000)
09/14 18:26:36.738: [mme] INFO: [EBI-TRACK] EBI freed [6] ue_id[1] IMSI[001010123456780] bitmap[0x0080] (../src/mme/mme-context.c:5677)
09/14 18:26:36.738: [mme] INFO: [EBI-TRACK] Bearer removing (EBI=7 ue_id=1 IMSI=001010123456780 ESM=INACTIVE AGE=597352ms bitmap_before=0x0080) (../src/mme/mme-context.c:5000)
09/14 18:26:36.738: [mme] INFO: [EBI-TRACK] EBI freed [7] ue_id[1] IMSI[001010123456780] bitmap[0x0000] (../src/mme/mme-context.c:5677)
09/14 18:26:36.738: [mme] INFO: [Removed] Number of MME-Sessions is now 0 (../src/mme/mme-context.c:5845)
09/14 18:26:36.738: [mme] INFO: [EBI-TRACK] UE-REMOVED ue_id[1] IMSI[001010123456780] bitmap[0x0000] (../src/mme/mme-context.c:4064)
09/14 18:26:36.738: [mme] INFO: [Removed] Number of MME-UEs is now 0 (../src/mme/mme-context.c:4070)
09/14 18:26:36.739: [sctp] INFO: MME terminate...done (../src/mme/app-init.c:42)
Open5GS daemon v2.8.0

09/14 18:26:42.925: [app] INFO: Configuration: '/home/co1750/tc005-o5g/etc/mme.yaml' (../lib/app/ogs-init.c:144)
09/14 18:26:42.925: [app] INFO: File Logging: '/home/co1750/tc005-o5g/log/mme.log' (../lib/app/ogs-init.c:147)
09/14 18:26:42.925: [app] INFO: LOG-LEVEL: 'info' (../lib/app/ogs-init.c:150)
09/14 18:26:42.926: [metrics] INFO: metrics_server() [http://127.0.0.2]:9090 (../lib/metrics/prometheus/context.c:392)
09/14 18:26:42.965: [app] INFO: Polling freeDiameter stats every 60000000 usecs (../lib/diameter/common/stats.c:77)
09/14 18:26:42.965: [gtp] INFO: gtp_server() [127.0.0.2]:2123 (../lib/gtp/path.c:30)
09/14 18:26:42.965: [gtp] INFO: gtp_connect() [127.0.0.3]:2123 (../lib/gtp/path.c:60)
09/14 18:26:42.965: [mme] INFO: s1ap_server() [127.0.0.2]:36412 (../src/mme/s1ap-sctp.c:62)
09/14 18:26:42.965: [sctp] INFO: MME initialize...done (../src/mme/app-init.c:33)
09/14 18:26:42.966: [diam] INFO: CONNECTED TO 'hss.localdomain' (TCP,soc#11): (../lib/diameter/common/logger.c:81)
09/14 18:26:55.661: [mme] INFO: eNB-S1 accepted[127.0.0.2]:58305 in s1_path module (../src/mme/s1ap-sctp.c:114)
09/14 18:26:55.661: [mme] INFO: eNB-S1 accepted[127.0.0.2] in master_sm module (../src/mme/mme-sm.c:109)
09/14 18:26:55.661: [mme] INFO: [Added] Number of eNBs is now 1 (../src/mme/mme-context.c:3344)
09/14 18:26:55.661: [mme] INFO: eNB-S1[127.0.0.2] max_num_of_ostreams : 30 (../src/mme/mme-sm.c:158)
09/14 18:27:04.348: [mme] INFO: InitialUEMessage (../src/mme/s1ap-handler.c:629)
09/14 18:27:04.348: [mme] INFO: [Added] Number of eNB-UEs is now 1 (../src/mme/mme-context.c:5824)
09/14 18:27:04.348: [mme] INFO:     ENB_UE_S1AP_ID[1] MME_UE_S1AP_ID[1] TAC[1] CellID[0x19b01] (../src/mme/s1ap-handler.c:887)
09/14 18:27:04.348: [mme] ERROR: TC005 S1AP NAS after security decode [len:21 security_available:-1 integrity:0 ciphered:0] (../src/mme/s1ap-path.c:267)
0000: 07417108 09101010 32547608 02f07000   .Aq.....2Tv...p.
0010: 040201d0 31                           ....1
09/14 18:27:04.348: [mme] INFO: [001010123456780] Unknown UE by IMSI (../src/mme/mme-context.c:4189)
09/14 18:27:04.348: [mme] INFO: [EBI-TRACK] UE-CREATED ue_id[1] bitmap[0x0000] (../src/mme/mme-context.c:3994)
09/14 18:27:04.348: [mme] INFO: [Added] Number of MME-UEs is now 1 (../src/mme/mme-context.c:3996)
09/14 18:27:04.348: [emm] INFO: [] Attach request (../src/mme/emm-sm.c:488)
09/14 18:27:04.348: [emm] INFO:     IMSI[001010123456780] (../src/mme/emm-handler.c:276)
09/14 18:27:04.391: [mme] ERROR: TC005 S1AP NAS after security decode [len:11 security_available:0 integrity:0 ciphered:0] (../src/mme/s1ap-path.c:267)
0000: 0753081d 4767fff9 7d6693              .S..Gg..}f.
09/14 18:27:04.413: [mme] ERROR: TC005 S1AP NAS after security decode [len:13 security_available:1 integrity:1 ciphered:1] (../src/mme/s1ap-path.c:267)
0000: 075e2309 33359400 96783351 f3         .^#.35...x3Q.
09/14 18:27:04.415: [mme] ERROR: TC005 MME ESM before decode [len:4 nas_type:0 create_action:1] (../src/mme/mme-sm.c:370)
0000: 0201d031                              ...1
09/14 18:27:04.415: [mme] ERROR: TC005 MME ESM after decode [EBI:0 PTI:1 TYPE:208] (../src/mme/mme-sm.c:391)
09/14 18:27:04.415: [mme] INFO: [EBI-TRACK] EBI allocated [5] ue_id[1] IMSI[001010123456780] bitmap[0x0020] (../src/mme/mme-context.c:5641)
09/14 18:27:04.415: [mme] INFO: [EBI-TRACK] Bearer added (EBI=5 ue_id=1 IMSI=001010123456780 bitmap=0x0020) (../src/mme/mme-context.c:4964)
09/14 18:27:04.415: [mme] INFO: [Added] Number of MME-Sessions is now 1 (../src/mme/mme-context.c:5838)
09/14 18:27:04.686: [mme] ERROR: TC005 S1AP NAS after security decode [len:7 security_available:1 integrity:1 ciphered:1] (../src/mme/s1ap-path.c:267)
0000: 07430003 5200c2                       .C..R..
09/14 18:27:04.686: [emm] INFO: [001010123456780] Attach complete (../src/mme/emm-sm.c:1603)
09/14 18:27:04.686: [emm] INFO:     IMSI[001010123456780] (../src/mme/emm-handler.c:327)
09/14 18:27:04.686: [emm] INFO:     UTC [2026-09-14T10:27:04] Timezone[0]/DST[0] (../src/mme/emm-handler.c:333)
09/14 18:27:04.686: [emm] INFO:     LOCAL [2026-09-14T18:27:04] Timezone[28800]/DST[0] (../src/mme/emm-handler.c:337)
09/14 18:27:04.686: [mme] ERROR: TC005 MME ESM before decode [len:3 nas_type:0 create_action:1] (../src/mme/mme-sm.c:370)
0000: 5200c2                                R..
09/14 18:27:04.686: [mme] ERROR: TC005 MME ESM after decode [EBI:5 PTI:0 TYPE:194] (../src/mme/mme-sm.c:391)
09/14 18:27:04.686: [mme] ERROR: TC005 S1AP NAS after security decode [len:11 security_available:1 integrity:1 ciphered:1] (../src/mme/s1ap-path.c:267)
0000: 0202d031 d1280403 696d73              ...1.(..ims
09/14 18:27:04.686: [mme] ERROR: TC005 MME ESM before decode [len:11 nas_type:192 create_action:2] (../src/mme/mme-sm.c:370)
0000: 0202d031 d1280403 696d73              ...1.(..ims
09/14 18:27:04.686: [mme] ERROR: TC005 MME ESM after decode [EBI:0 PTI:2 TYPE:208] (../src/mme/mme-sm.c:391)
09/14 18:27:04.686: [mme] INFO: [EBI-TRACK] EBI allocated [6] ue_id[1] IMSI[001010123456780] bitmap[0x0060] (../src/mme/mme-context.c:5641)
09/14 18:27:04.686: [mme] INFO: [EBI-TRACK] Bearer added (EBI=6 ue_id=1 IMSI=001010123456780 bitmap=0x0060) (../src/mme/mme-context.c:4964)
09/14 18:27:04.686: [mme] INFO: [Added] Number of MME-Sessions is now 2 (../src/mme/mme-context.c:5838)
09/14 18:27:04.729: [mme] ERROR: TC005 S1AP NAS after security decode [len:9 security_available:1 integrity:1 ciphered:1] (../src/mme/s1ap-path.c:267)
0000: 0202da28 0403696d 73                  ...(..ims
09/14 18:27:04.729: [mme] ERROR: TC005 MME ESM before decode [len:9 nas_type:192 create_action:2] (../src/mme/mme-sm.c:370)
0000: 0202da28 0403696d 73                  ...(..ims
09/14 18:27:04.729: [mme] ERROR: TC005 MME ESM after decode [EBI:0 PTI:2 TYPE:218] (../src/mme/mme-sm.c:391)
09/14 18:27:04.732: [mme] INFO: [EBI-TRACK] Create Bearer Request: IMSI[001010123456780] bitmap[0x0060] (../src/mme/mme-s11-handler.c:1052)
09/14 18:27:04.732: [mme] INFO: [EBI-TRACK] EBI allocated [7] ue_id[1] IMSI[001010123456780] bitmap[0x00e0] (../src/mme/mme-context.c:5641)
09/14 18:27:04.732: [mme] INFO: [EBI-TRACK] Bearer added (EBI=7 ue_id=1 IMSI=001010123456780 bitmap=0x00e0) (../src/mme/mme-context.c:4964)
09/14 18:27:07.234: [gtp] WARNING: [3] REMOTE Request Duplicated. Discard! for step 1 type 95 peer [127.0.0.3]:2123 (../lib/gtp/xact.c:623)
09/14 18:27:09.734: [gtp] WARNING: [3] REMOTE Request Duplicated. Discard! for step 1 type 95 peer [127.0.0.3]:2123 (../lib/gtp/xact.c:623)
09/14 18:27:13.569: [mme] ERROR: TC005 S1AP NAS after security decode [len:11 security_available:1 integrity:1 ciphered:1] (../src/mme/s1ap-path.c:267)
0000: 0202d031 d1280403 696d73              ...1.(..ims
09/14 18:27:13.569: [mme] ERROR: TC005 MME ESM before decode [len:11 nas_type:192 create_action:2] (../src/mme/mme-sm.c:370)
0000: 0202d031 d1280403 696d73              ...1.(..ims
09/14 18:27:13.569: [mme] ERROR: TC005 MME ESM after decode [EBI:0 PTI:2 TYPE:208] (../src/mme/mme-sm.c:391)
09/14 18:27:13.569: [mme] WARNING: APN duplicated [ims] (../src/mme/mme-context.c:5220)
09/14 18:27:38.689: [mme] INFO: UE Context Release [Action:2] (../src/mme/s1ap-handler.c:2228)
09/14 18:27:38.689: [mme] INFO:     ENB_UE_S1AP_ID[1] MME_UE_S1AP_ID[1] (../src/mme/s1ap-handler.c:2229)
09/14 18:27:38.689: [mme] INFO:     IMSI[001010123456780] (../src/mme/s1ap-handler.c:2234)
09/14 18:27:38.689: [mme] INFO: Mobile Reachable timer started for IMSI[001010123456780] (../src/mme/s1ap-handler.c:2247)
09/14 18:27:38.689: [mme] INFO: [Removed] Number of eNB-UEs is now 0 (../src/mme/mme-context.c:5831)
09/14 18:35:41.755: [app] INFO: SIGTERM received (../src/main.c:54)
09/14 18:35:41.755: [app] INFO: Open5GS daemon terminating... (../src/main.c:231)
09/14 18:35:41.865: [mme] INFO: [Removed] Number of eNBs is now 0 (../src/mme/mme-context.c:3379)
09/14 18:35:41.865: [mme] INFO: [EBI-TRACK] Bearer removing (EBI=5 ue_id=1 IMSI=001010123456780 ESM=ACTIVE AGE=517450ms bitmap_before=0x00e0) (../src/mme/mme-context.c:5000)
09/14 18:35:41.865: [mme] INFO: [EBI-TRACK] EBI freed [5] ue_id[1] IMSI[001010123456780] bitmap[0x00c0] (../src/mme/mme-context.c:5677)
09/14 18:35:41.865: [mme] INFO: [Removed] Number of MME-Sessions is now 1 (../src/mme/mme-context.c:5845)
09/14 18:35:41.865: [mme] INFO: [EBI-TRACK] Bearer removing (EBI=6 ue_id=1 IMSI=001010123456780 ESM=INACTIVE AGE=517179ms bitmap_before=0x00c0) (../src/mme/mme-context.c:5000)
09/14 18:35:41.865: [mme] INFO: [EBI-TRACK] EBI freed [6] ue_id[1] IMSI[001010123456780] bitmap[0x0080] (../src/mme/mme-context.c:5677)
09/14 18:35:41.865: [mme] INFO: [EBI-TRACK] Bearer removing (EBI=7 ue_id=1 IMSI=001010123456780 ESM=INACTIVE AGE=517134ms bitmap_before=0x0080) (../src/mme/mme-context.c:5000)
09/14 18:35:41.865: [mme] INFO: [EBI-TRACK] EBI freed [7] ue_id[1] IMSI[001010123456780] bitmap[0x0000] (../src/mme/mme-context.c:5677)
09/14 18:35:41.865: [mme] INFO: [Removed] Number of MME-Sessions is now 0 (../src/mme/mme-context.c:5845)
09/14 18:35:41.865: [mme] INFO: [EBI-TRACK] UE-REMOVED ue_id[1] IMSI[001010123456780] bitmap[0x0000] (../src/mme/mme-context.c:4064)
09/14 18:35:41.865: [mme] INFO: [Removed] Number of MME-UEs is now 0 (../src/mme/mme-context.c:4070)
09/14 18:35:41.865: [sctp] INFO: MME terminate...done (../src/mme/app-init.c:42)
Open5GS daemon v2.8.0

09/14 18:38:11.326: [app] INFO: Configuration: '/home/co1750/tc005-o5g/etc/mme.yaml' (../lib/app/ogs-init.c:144)
09/14 18:38:11.326: [app] INFO: File Logging: '/home/co1750/tc005-o5g/log/mme.log' (../lib/app/ogs-init.c:147)
09/14 18:38:11.326: [app] INFO: LOG-LEVEL: 'info' (../lib/app/ogs-init.c:150)
09/14 18:38:11.326: [metrics] INFO: metrics_server() [http://127.0.0.2]:9090 (../lib/metrics/prometheus/context.c:392)
09/14 18:38:11.364: [app] INFO: Polling freeDiameter stats every 60000000 usecs (../lib/diameter/common/stats.c:77)
09/14 18:38:11.364: [gtp] INFO: gtp_server() [127.0.0.2]:2123 (../lib/gtp/path.c:30)
09/14 18:38:11.364: [gtp] INFO: gtp_connect() [127.0.0.3]:2123 (../lib/gtp/path.c:60)
09/14 18:38:11.364: [mme] INFO: s1ap_server() [127.0.0.2]:36412 (../src/mme/s1ap-sctp.c:62)
09/14 18:38:11.364: [sctp] INFO: MME initialize...done (../src/mme/app-init.c:33)
09/14 18:38:11.365: [diam] INFO: CONNECTED TO 'hss.localdomain' (TCP,soc#11): (../lib/diameter/common/logger.c:81)
09/14 18:38:24.059: [mme] INFO: eNB-S1 accepted[127.0.0.2]:47211 in s1_path module (../src/mme/s1ap-sctp.c:114)
09/14 18:38:24.059: [mme] INFO: eNB-S1 accepted[127.0.0.2] in master_sm module (../src/mme/mme-sm.c:109)
09/14 18:38:24.059: [mme] INFO: [Added] Number of eNBs is now 1 (../src/mme/mme-context.c:3344)
09/14 18:38:24.059: [mme] INFO: eNB-S1[127.0.0.2] max_num_of_ostreams : 30 (../src/mme/mme-sm.c:158)
09/14 18:38:32.569: [mme] INFO: InitialUEMessage (../src/mme/s1ap-handler.c:629)
09/14 18:38:32.569: [mme] INFO: [Added] Number of eNB-UEs is now 1 (../src/mme/mme-context.c:5824)
09/14 18:38:32.569: [mme] INFO:     ENB_UE_S1AP_ID[1] MME_UE_S1AP_ID[1] TAC[1] CellID[0x19b01] (../src/mme/s1ap-handler.c:887)
09/14 18:38:32.569: [mme] ERROR: TC005 S1AP NAS after security decode [len:21 security_available:-1 integrity:0 ciphered:0] (../src/mme/s1ap-path.c:267)
0000: 07417108 09101010 32547608 02f07000   .Aq.....2Tv...p.
0010: 040201d0 31                           ....1
09/14 18:38:32.569: [mme] INFO: [001010123456780] Unknown UE by IMSI (../src/mme/mme-context.c:4189)
09/14 18:38:32.569: [mme] INFO: [EBI-TRACK] UE-CREATED ue_id[1] bitmap[0x0000] (../src/mme/mme-context.c:3994)
09/14 18:38:32.569: [mme] INFO: [Added] Number of MME-UEs is now 1 (../src/mme/mme-context.c:3996)
09/14 18:38:32.569: [emm] INFO: [] Attach request (../src/mme/emm-sm.c:488)
09/14 18:38:32.569: [emm] INFO:     IMSI[001010123456780] (../src/mme/emm-handler.c:276)
09/14 18:38:32.613: [mme] ERROR: TC005 S1AP NAS after security decode [len:11 security_available:0 integrity:0 ciphered:0] (../src/mme/s1ap-path.c:267)
0000: 075308e9 78f2496b 18fa12              .S..x.Ik...
09/14 18:38:32.635: [mme] ERROR: TC005 S1AP NAS after security decode [len:13 security_available:1 integrity:1 ciphered:1] (../src/mme/s1ap-path.c:267)
0000: 075e2309 33359400 96783351 f3         .^#.35...x3Q.
09/14 18:38:32.637: [mme] ERROR: TC005 MME ESM before decode [len:4 nas_type:0 create_action:1] (../src/mme/mme-sm.c:370)
0000: 0201d031                              ...1
09/14 18:38:32.638: [mme] ERROR: TC005 MME ESM after decode [EBI:0 PTI:1 TYPE:208] (../src/mme/mme-sm.c:391)
09/14 18:38:32.638: [mme] INFO: [EBI-TRACK] EBI allocated [5] ue_id[1] IMSI[001010123456780] bitmap[0x0020] (../src/mme/mme-context.c:5641)
09/14 18:38:32.638: [mme] INFO: [EBI-TRACK] Bearer added (EBI=5 ue_id=1 IMSI=001010123456780 bitmap=0x0020) (../src/mme/mme-context.c:4964)
09/14 18:38:32.638: [mme] INFO: [Added] Number of MME-Sessions is now 1 (../src/mme/mme-context.c:5838)
09/14 18:38:32.906: [mme] ERROR: TC005 S1AP NAS after security decode [len:7 security_available:1 integrity:1 ciphered:1] (../src/mme/s1ap-path.c:267)
0000: 07430003 5200c2                       .C..R..
09/14 18:38:32.906: [emm] INFO: [001010123456780] Attach complete (../src/mme/emm-sm.c:1603)
09/14 18:38:32.906: [emm] INFO:     IMSI[001010123456780] (../src/mme/emm-handler.c:327)
09/14 18:38:32.906: [emm] INFO:     UTC [2026-09-14T10:38:32] Timezone[0]/DST[0] (../src/mme/emm-handler.c:333)
09/14 18:38:32.906: [emm] INFO:     LOCAL [2026-09-14T18:38:32] Timezone[28800]/DST[0] (../src/mme/emm-handler.c:337)
09/14 18:38:32.906: [mme] ERROR: TC005 MME ESM before decode [len:3 nas_type:0 create_action:1] (../src/mme/mme-sm.c:370)
0000: 5200c2                                R..
09/14 18:38:32.906: [mme] ERROR: TC005 MME ESM after decode [EBI:5 PTI:0 TYPE:194] (../src/mme/mme-sm.c:391)
09/14 18:38:32.906: [mme] ERROR: TC005 S1AP NAS after security decode [len:11 security_available:1 integrity:1 ciphered:1] (../src/mme/s1ap-path.c:267)
0000: 0202d031 d1280403 696d73              ...1.(..ims
09/14 18:38:32.906: [mme] ERROR: TC005 MME ESM before decode [len:11 nas_type:192 create_action:2] (../src/mme/mme-sm.c:370)
0000: 0202d031 d1280403 696d73              ...1.(..ims
09/14 18:38:32.906: [mme] ERROR: TC005 MME ESM after decode [EBI:0 PTI:2 TYPE:208] (../src/mme/mme-sm.c:391)
09/14 18:38:32.906: [mme] INFO: [EBI-TRACK] EBI allocated [6] ue_id[1] IMSI[001010123456780] bitmap[0x0060] (../src/mme/mme-context.c:5641)
09/14 18:38:32.906: [mme] INFO: [EBI-TRACK] Bearer added (EBI=6 ue_id=1 IMSI=001010123456780 bitmap=0x0060) (../src/mme/mme-context.c:4964)
09/14 18:38:32.906: [mme] INFO: [Added] Number of MME-Sessions is now 2 (../src/mme/mme-context.c:5838)
09/14 18:38:32.930: [mme] ERROR: TC005 S1AP NAS after security decode [len:9 security_available:1 integrity:1 ciphered:1] (../src/mme/s1ap-path.c:267)
0000: 0202da28 0403696d 73                  ...(..ims
09/14 18:38:32.930: [mme] ERROR: TC005 MME ESM before decode [len:9 nas_type:192 create_action:2] (../src/mme/mme-sm.c:370)
0000: 0202da28 0403696d 73                  ...(..ims
09/14 18:38:32.930: [mme] ERROR: TC005 MME ESM after decode [EBI:0 PTI:2 TYPE:218] (../src/mme/mme-sm.c:391)
09/14 18:38:32.933: [mme] INFO: [EBI-TRACK] Create Bearer Request: IMSI[001010123456780] bitmap[0x0060] (../src/mme/mme-s11-handler.c:1052)
09/14 18:38:32.933: [mme] INFO: [EBI-TRACK] EBI allocated [7] ue_id[1] IMSI[001010123456780] bitmap[0x00e0] (../src/mme/mme-context.c:5641)
09/14 18:38:32.933: [mme] INFO: [EBI-TRACK] Bearer added (EBI=7 ue_id=1 IMSI=001010123456780 bitmap=0x00e0) (../src/mme/mme-context.c:4964)
09/14 18:38:33.138: [mme] ERROR: TC005 S1AP NAS after security decode [len:3 security_available:1 integrity:1 ciphered:1] (../src/mme/s1ap-path.c:267)
0000: 6202c2                                b..
09/14 18:38:33.138: [mme] ERROR: TC005 MME ESM before decode [len:3 nas_type:192 create_action:2] (../src/mme/mme-sm.c:370)
0000: 6202c2                                b..
09/14 18:38:33.138: [mme] ERROR: TC005 MME ESM after decode [EBI:6 PTI:2 TYPE:194] (../src/mme/mme-sm.c:391)
09/14 18:38:35.434: [gtp] WARNING: [3] REMOTE Request Duplicated. Discard! for step 1 type 95 peer [127.0.0.3]:2123 (../lib/gtp/xact.c:623)
09/14 18:38:37.934: [gtp] WARNING: [3] REMOTE Request Duplicated. Discard! for step 1 type 95 peer [127.0.0.3]:2123 (../lib/gtp/xact.c:623)
09/14 18:39:07.220: [mme] INFO: UE Context Release [Action:2] (../src/mme/s1ap-handler.c:2228)
09/14 18:39:07.220: [mme] INFO:     ENB_UE_S1AP_ID[1] MME_UE_S1AP_ID[1] (../src/mme/s1ap-handler.c:2229)
09/14 18:39:07.220: [mme] INFO:     IMSI[001010123456780] (../src/mme/s1ap-handler.c:2234)
09/14 18:39:07.220: [mme] INFO: Mobile Reachable timer started for IMSI[001010123456780] (../src/mme/s1ap-handler.c:2247)
09/14 18:39:07.220: [mme] INFO: [Removed] Number of eNB-UEs is now 0 (../src/mme/mme-context.c:5831)
09/14 18:44:16.464: [app] INFO: SIGTERM received (../src/main.c:54)
09/14 18:44:16.464: [app] INFO: Open5GS daemon terminating... (../src/main.c:231)
09/14 18:44:16.574: [mme] INFO: [Removed] Number of eNBs is now 0 (../src/mme/mme-context.c:3379)
09/14 18:44:16.574: [mme] INFO: [EBI-TRACK] Bearer removing (EBI=5 ue_id=1 IMSI=001010123456780 ESM=ACTIVE AGE=343937ms bitmap_before=0x00e0) (../src/mme/mme-context.c:5000)
09/14 18:44:16.574: [mme] INFO: [EBI-TRACK] EBI freed [5] ue_id[1] IMSI[001010123456780] bitmap[0x00c0] (../src/mme/mme-context.c:5677)
09/14 18:44:16.574: [mme] INFO: [Removed] Number of MME-Sessions is now 1 (../src/mme/mme-context.c:5845)
09/14 18:44:16.574: [mme] INFO: [EBI-TRACK] Bearer removing (EBI=6 ue_id=1 IMSI=001010123456780 ESM=ACTIVE AGE=343669ms bitmap_before=0x00c0) (../src/mme/mme-context.c:5000)
09/14 18:44:16.574: [mme] INFO: [EBI-TRACK] EBI freed [6] ue_id[1] IMSI[001010123456780] bitmap[0x0080] (../src/mme/mme-context.c:5677)
09/14 18:44:16.575: [mme] INFO: [EBI-TRACK] Bearer removing (EBI=7 ue_id=1 IMSI=001010123456780 ESM=INACTIVE AGE=343642ms bitmap_before=0x0080) (../src/mme/mme-context.c:5000)
09/14 18:44:16.575: [mme] INFO: [EBI-TRACK] EBI freed [7] ue_id[1] IMSI[001010123456780] bitmap[0x0000] (../src/mme/mme-context.c:5677)
09/14 18:44:16.575: [mme] INFO: [Removed] Number of MME-Sessions is now 0 (../src/mme/mme-context.c:5845)
09/14 18:44:16.575: [mme] INFO: [EBI-TRACK] UE-REMOVED ue_id[1] IMSI[001010123456780] bitmap[0x0000] (../src/mme/mme-context.c:4064)
09/14 18:44:16.575: [mme] INFO: [Removed] Number of MME-UEs is now 0 (../src/mme/mme-context.c:4070)
09/14 18:44:16.575: [sctp] INFO: MME terminate...done (../src/mme/app-init.c:42)
Open5GS daemon v2.8.0

09/14 18:44:26.812: [app] INFO: Configuration: '/home/co1750/tc005-o5g/etc/mme.yaml' (../lib/app/ogs-init.c:144)
09/14 18:44:26.812: [app] INFO: File Logging: '/home/co1750/tc005-o5g/log/mme.log' (../lib/app/ogs-init.c:147)
09/14 18:44:26.812: [app] INFO: LOG-LEVEL: 'info' (../lib/app/ogs-init.c:150)
09/14 18:44:26.814: [metrics] INFO: metrics_server() [http://127.0.0.2]:9090 (../lib/metrics/prometheus/context.c:392)
09/14 18:44:26.841: [app] INFO: Polling freeDiameter stats every 60000000 usecs (../lib/diameter/common/stats.c:77)
09/14 18:44:26.841: [gtp] INFO: gtp_server() [127.0.0.2]:2123 (../lib/gtp/path.c:30)
09/14 18:44:26.841: [gtp] INFO: gtp_connect() [127.0.0.3]:2123 (../lib/gtp/path.c:60)
09/14 18:44:26.841: [mme] INFO: s1ap_server() [127.0.0.2]:36412 (../src/mme/s1ap-sctp.c:62)
09/14 18:44:26.841: [sctp] INFO: MME initialize...done (../src/mme/app-init.c:33)
09/14 18:44:26.842: [diam] INFO: CONNECTED TO 'hss.localdomain' (TCP,soc#10): (../lib/diameter/common/logger.c:81)
09/14 18:44:39.538: [mme] INFO: eNB-S1 accepted[127.0.0.2]:56103 in s1_path module (../src/mme/s1ap-sctp.c:114)
09/14 18:44:39.538: [mme] INFO: eNB-S1 accepted[127.0.0.2] in master_sm module (../src/mme/mme-sm.c:109)
09/14 18:44:39.538: [mme] INFO: [Added] Number of eNBs is now 1 (../src/mme/mme-context.c:3344)
09/14 18:44:39.538: [mme] INFO: eNB-S1[127.0.0.2] max_num_of_ostreams : 30 (../src/mme/mme-sm.c:158)
09/14 18:44:48.231: [mme] INFO: InitialUEMessage (../src/mme/s1ap-handler.c:629)
09/14 18:44:48.231: [mme] INFO: [Added] Number of eNB-UEs is now 1 (../src/mme/mme-context.c:5824)
09/14 18:44:48.231: [mme] INFO:     ENB_UE_S1AP_ID[1] MME_UE_S1AP_ID[1] TAC[1] CellID[0x19b01] (../src/mme/s1ap-handler.c:887)
09/14 18:44:48.231: [mme] INFO: [001010123456780] Unknown UE by IMSI (../src/mme/mme-context.c:4189)
09/14 18:44:48.231: [mme] INFO: [EBI-TRACK] UE-CREATED ue_id[1] bitmap[0x0000] (../src/mme/mme-context.c:3994)
09/14 18:44:48.231: [mme] INFO: [Added] Number of MME-UEs is now 1 (../src/mme/mme-context.c:3996)
09/14 18:44:48.231: [emm] INFO: [] Attach request (../src/mme/emm-sm.c:488)
09/14 18:44:48.231: [emm] INFO:     IMSI[001010123456780] (../src/mme/emm-handler.c:276)
09/14 18:44:48.322: [mme] INFO: [EBI-TRACK] EBI allocated [5] ue_id[1] IMSI[001010123456780] bitmap[0x0020] (../src/mme/mme-context.c:5639)
09/14 18:44:48.322: [mme] INFO: [EBI-TRACK] Bearer added (EBI=5 ue_id=1 IMSI=001010123456780 bitmap=0x0020) (../src/mme/mme-context.c:4962)
09/14 18:44:48.322: [mme] INFO: [Added] Number of MME-Sessions is now 1 (../src/mme/mme-context.c:5838)
09/14 18:44:48.590: [emm] INFO: [001010123456780] Attach complete (../src/mme/emm-sm.c:1603)
09/14 18:44:48.590: [emm] INFO:     IMSI[001010123456780] (../src/mme/emm-handler.c:327)
09/14 18:44:48.590: [emm] INFO:     UTC [2026-09-14T10:44:48] Timezone[0]/DST[0] (../src/mme/emm-handler.c:333)
09/14 18:44:48.590: [emm] INFO:     LOCAL [2026-09-14T18:44:48] Timezone[28800]/DST[0] (../src/mme/emm-handler.c:337)
09/14 18:44:48.590: [mme] INFO: [EBI-TRACK] EBI allocated [6] ue_id[1] IMSI[001010123456780] bitmap[0x0060] (../src/mme/mme-context.c:5639)
09/14 18:44:48.590: [mme] INFO: [EBI-TRACK] Bearer added (EBI=6 ue_id=1 IMSI=001010123456780 bitmap=0x0060) (../src/mme/mme-context.c:4962)
09/14 18:44:48.590: [mme] INFO: [Added] Number of MME-Sessions is now 2 (../src/mme/mme-context.c:5838)
09/14 18:44:48.614: [mme] ERROR: There should only be one SESSION (../src/mme/nas-path.c:135)
09/14 18:44:48.614: [esm] ERROR: esm_handle_information_response: Expectation `r == OGS_OK' failed. (../src/mme/esm-handler.c:334)
09/14 18:44:48.614: [esm] FATAL: esm_handle_information_response: Assertion `r != OGS_ERROR' failed. (../src/mme/esm-handler.c:335)
09/14 18:44:48.615: [core] FATAL: backtrace() returned 10 addresses (../lib/core/ogs-abort.c:37)
/home/co1750/o5g-local/bin/open5gs-mmed(+0x582c0) [0x558e627ac2c0]
/home/co1750/o5g-local/bin/open5gs-mmed(+0x558d0) [0x558e627a98d0]
/home/co1749/.local/lib/x86_64-linux-gnu/libogscore.so.2(ogs_fsm_dispatch+0x25) [0x7f76cfd41905]
/home/co1750/o5g-local/bin/open5gs-mmed(+0x61dc8) [0x558e627b5dc8]
/home/co1749/.local/lib/x86_64-linux-gnu/libogscore.so.2(ogs_fsm_dispatch+0x25) [0x7f76cfd41905]
/home/co1750/o5g-local/bin/open5gs-mmed(+0xabcb) [0x558e6275ebcb]
/home/co1749/.local/lib/x86_64-linux-gnu/libogscore.so.2(+0x1095c) [0x7f76cfd3695c]
/lib/x86_64-linux-gnu/libpthread.so.0(+0x8609) [0x7f76cf810609]
/lib/x86_64-linux-gnu/libc.so.6(clone+0x43) [0x7f76cf735353]
Open5GS daemon v2.8.0

09/14 18:47:08.543: [app] INFO: Configuration: '/home/co1750/tc005-o5g/etc/mme.yaml' (../lib/app/ogs-init.c:144)
09/14 18:47:08.543: [app] INFO: File Logging: '/home/co1750/tc005-o5g/log/mme.log' (../lib/app/ogs-init.c:147)
09/14 18:47:08.543: [app] INFO: LOG-LEVEL: 'info' (../lib/app/ogs-init.c:150)
09/14 18:47:08.544: [metrics] INFO: metrics_server() [http://127.0.0.2]:9090 (../lib/metrics/prometheus/context.c:392)
09/14 18:47:08.587: [app] INFO: Polling freeDiameter stats every 60000000 usecs (../lib/diameter/common/stats.c:77)
09/14 18:47:08.587: [gtp] INFO: gtp_server() [127.0.0.2]:2123 (../lib/gtp/path.c:30)
09/14 18:47:08.587: [gtp] INFO: gtp_connect() [127.0.0.3]:2123 (../lib/gtp/path.c:60)
09/14 18:47:08.587: [mme] INFO: s1ap_server() [127.0.0.2]:36412 (../src/mme/s1ap-sctp.c:62)
09/14 18:47:08.587: [sctp] INFO: MME initialize...done (../src/mme/app-init.c:33)
09/14 18:47:08.588: [diam] INFO: CONNECTED TO 'hss.localdomain' (TCP,soc#11): (../lib/diameter/common/logger.c:81)
09/14 18:47:21.279: [mme] INFO: eNB-S1 accepted[127.0.0.2]:47520 in s1_path module (../src/mme/s1ap-sctp.c:114)
09/14 18:47:21.279: [mme] INFO: eNB-S1 accepted[127.0.0.2] in master_sm module (../src/mme/mme-sm.c:109)
09/14 18:47:21.279: [mme] INFO: [Added] Number of eNBs is now 1 (../src/mme/mme-context.c:3344)
09/14 18:47:21.279: [mme] INFO: eNB-S1[127.0.0.2] max_num_of_ostreams : 30 (../src/mme/mme-sm.c:158)
09/14 18:47:29.972: [mme] INFO: InitialUEMessage (../src/mme/s1ap-handler.c:629)
09/14 18:47:29.972: [mme] INFO: [Added] Number of eNB-UEs is now 1 (../src/mme/mme-context.c:5824)
09/14 18:47:29.972: [mme] INFO:     ENB_UE_S1AP_ID[1] MME_UE_S1AP_ID[1] TAC[1] CellID[0x19b01] (../src/mme/s1ap-handler.c:887)
09/14 18:47:29.972: [mme] ERROR: TC005 S1AP NAS after security decode [len:21 security_available:-1 integrity:0 ciphered:0] (../src/mme/s1ap-path.c:267)
0000: 07417108 09101010 32547608 02f07000   .Aq.....2Tv...p.
0010: 040201d0 31                           ....1
09/14 18:47:29.972: [mme] INFO: [001010123456780] Unknown UE by IMSI (../src/mme/mme-context.c:4189)
09/14 18:47:29.972: [mme] INFO: [EBI-TRACK] UE-CREATED ue_id[1] bitmap[0x0000] (../src/mme/mme-context.c:3994)
09/14 18:47:29.972: [mme] INFO: [Added] Number of MME-UEs is now 1 (../src/mme/mme-context.c:3996)
09/14 18:47:29.972: [emm] INFO: [] Attach request (../src/mme/emm-sm.c:488)
09/14 18:47:29.972: [emm] INFO:     IMSI[001010123456780] (../src/mme/emm-handler.c:276)
09/14 18:47:30.016: [mme] ERROR: TC005 S1AP NAS after security decode [len:11 security_available:0 integrity:0 ciphered:0] (../src/mme/s1ap-path.c:267)
0000: 07530877 2e5ea046 e998a7              .S.w.^.F...
09/14 18:47:30.038: [mme] ERROR: TC005 S1AP NAS after security decode [len:13 security_available:1 integrity:1 ciphered:1] (../src/mme/s1ap-path.c:267)
0000: 075e2309 33359400 96783351 f3         .^#.35...x3Q.
09/14 18:47:30.041: [mme] ERROR: TC005 MME ESM before decode [len:4 nas_type:0 create_action:1] (../src/mme/mme-sm.c:370)
0000: 0201d031                              ...1
09/14 18:47:30.041: [mme] ERROR: TC005 MME ESM after decode [EBI:0 PTI:1 TYPE:208] (../src/mme/mme-sm.c:391)
09/14 18:47:30.041: [mme] INFO: [EBI-TRACK] EBI allocated [5] ue_id[1] IMSI[001010123456780] bitmap[0x0020] (../src/mme/mme-context.c:5641)
09/14 18:47:30.041: [mme] INFO: [EBI-TRACK] Bearer added (EBI=5 ue_id=1 IMSI=001010123456780 bitmap=0x0020) (../src/mme/mme-context.c:4964)
09/14 18:47:30.041: [mme] INFO: [Added] Number of MME-Sessions is now 1 (../src/mme/mme-context.c:5838)
09/14 18:47:30.310: [mme] ERROR: TC005 S1AP NAS after security decode [len:7 security_available:1 integrity:1 ciphered:1] (../src/mme/s1ap-path.c:267)
0000: 07430003 5200c2                       .C..R..
09/14 18:47:30.310: [emm] INFO: [001010123456780] Attach complete (../src/mme/emm-sm.c:1603)
09/14 18:47:30.310: [emm] INFO:     IMSI[001010123456780] (../src/mme/emm-handler.c:327)
09/14 18:47:30.310: [emm] INFO:     UTC [2026-09-14T10:47:30] Timezone[0]/DST[0] (../src/mme/emm-handler.c:333)
09/14 18:47:30.310: [emm] INFO:     LOCAL [2026-09-14T18:47:30] Timezone[28800]/DST[0] (../src/mme/emm-handler.c:337)
09/14 18:47:30.310: [mme] ERROR: TC005 MME ESM before decode [len:3 nas_type:0 create_action:1] (../src/mme/mme-sm.c:370)
0000: 5200c2                                R..
09/14 18:47:30.310: [mme] ERROR: TC005 MME ESM after decode [EBI:5 PTI:0 TYPE:194] (../src/mme/mme-sm.c:391)
09/14 18:47:30.310: [mme] ERROR: TC005 S1AP NAS after security decode [len:11 security_available:1 integrity:1 ciphered:1] (../src/mme/s1ap-path.c:267)
0000: 0202d031 d1280403 696d73              ...1.(..ims
09/14 18:47:30.310: [mme] ERROR: TC005 MME ESM before decode [len:11 nas_type:192 create_action:2] (../src/mme/mme-sm.c:370)
0000: 0202d031 d1280403 696d73              ...1.(..ims
09/14 18:47:30.310: [mme] ERROR: TC005 MME ESM after decode [EBI:0 PTI:2 TYPE:208] (../src/mme/mme-sm.c:391)
09/14 18:47:30.310: [mme] INFO: [EBI-TRACK] EBI allocated [6] ue_id[1] IMSI[001010123456780] bitmap[0x0060] (../src/mme/mme-context.c:5641)
09/14 18:47:30.310: [mme] INFO: [EBI-TRACK] Bearer added (EBI=6 ue_id=1 IMSI=001010123456780 bitmap=0x0060) (../src/mme/mme-context.c:4964)
09/14 18:47:30.310: [mme] INFO: [Added] Number of MME-Sessions is now 2 (../src/mme/mme-context.c:5838)
09/14 18:47:30.334: [mme] ERROR: TC005 S1AP NAS after security decode [len:9 security_available:1 integrity:1 ciphered:1] (../src/mme/s1ap-path.c:267)
0000: 0202da28 0403696d 73                  ...(..ims
09/14 18:47:30.334: [mme] ERROR: TC005 MME ESM before decode [len:9 nas_type:192 create_action:2] (../src/mme/mme-sm.c:370)
0000: 0202da28 0403696d 73                  ...(..ims
09/14 18:47:30.334: [mme] ERROR: TC005 MME ESM after decode [EBI:0 PTI:2 TYPE:218] (../src/mme/mme-sm.c:391)
09/14 18:47:30.338: [mme] INFO: [EBI-TRACK] Create Bearer Request: IMSI[001010123456780] bitmap[0x0060] (../src/mme/mme-s11-handler.c:1052)
09/14 18:47:30.338: [mme] INFO: [EBI-TRACK] EBI allocated [7] ue_id[1] IMSI[001010123456780] bitmap[0x00e0] (../src/mme/mme-context.c:5641)
09/14 18:47:30.338: [mme] INFO: [EBI-TRACK] Bearer added (EBI=7 ue_id=1 IMSI=001010123456780 bitmap=0x00e0) (../src/mme/mme-context.c:4964)
09/14 18:47:30.542: [mme] ERROR: TC005 S1AP NAS after security decode [len:3 security_available:1 integrity:1 ciphered:1] (../src/mme/s1ap-path.c:267)
0000: 6202c2                                b..
09/14 18:47:30.542: [mme] ERROR: TC005 MME ESM before decode [len:3 nas_type:192 create_action:2] (../src/mme/mme-sm.c:370)
0000: 6202c2                                b..
09/14 18:47:30.542: [mme] ERROR: TC005 MME ESM after decode [EBI:6 PTI:2 TYPE:194] (../src/mme/mme-sm.c:391)
09/14 18:47:30.750: [mme] ERROR: TC005 S1AP NAS after security decode [len:3 security_available:1 integrity:1 ciphered:1] (../src/mme/s1ap-path.c:267)
0000: 7200c6                                r..
09/14 18:47:30.750: [mme] ERROR: TC005 MME ESM before decode [len:3 nas_type:192 create_action:2] (../src/mme/mme-sm.c:370)
0000: 7200c6                                r..
09/14 18:47:30.750: [mme] ERROR: TC005 MME ESM after decode [EBI:7 PTI:0 TYPE:198] (../src/mme/mme-sm.c:391)
09/14 18:48:04.588: [mme] INFO: UE Context Release [Action:2] (../src/mme/s1ap-handler.c:2228)
09/14 18:48:04.588: [mme] INFO:     ENB_UE_S1AP_ID[1] MME_UE_S1AP_ID[1] (../src/mme/s1ap-handler.c:2229)
09/14 18:48:04.588: [mme] INFO:     IMSI[001010123456780] (../src/mme/s1ap-handler.c:2234)
09/14 18:48:04.588: [mme] INFO: Mobile Reachable timer started for IMSI[001010123456780] (../src/mme/s1ap-handler.c:2247)
09/14 18:48:04.588: [mme] INFO: [Removed] Number of eNB-UEs is now 0 (../src/mme/mme-context.c:5831)
09/14 18:49:06.468: [app] INFO: SIGTERM received (../src/main.c:54)
09/14 18:49:06.468: [app] INFO: Open5GS daemon terminating... (../src/main.c:231)
09/14 18:49:06.577: [mme] INFO: [Removed] Number of eNBs is now 0 (../src/mme/mme-context.c:3379)
09/14 18:49:06.577: [mme] INFO: [EBI-TRACK] Bearer removing (EBI=5 ue_id=1 IMSI=001010123456780 ESM=ACTIVE AGE=96537ms bitmap_before=0x00e0) (../src/mme/mme-context.c:5000)
09/14 18:49:06.577: [mme] INFO: [EBI-TRACK] EBI freed [5] ue_id[1] IMSI[001010123456780] bitmap[0x00c0] (../src/mme/mme-context.c:5677)
09/14 18:49:06.578: [mme] INFO: [Removed] Number of MME-Sessions is now 1 (../src/mme/mme-context.c:5845)
09/14 18:49:06.578: [mme] INFO: [EBI-TRACK] Bearer removing (EBI=6 ue_id=1 IMSI=001010123456780 ESM=ACTIVE AGE=96268ms bitmap_before=0x00c0) (../src/mme/mme-context.c:5000)
09/14 18:49:06.578: [mme] INFO: [EBI-TRACK] EBI freed [6] ue_id[1] IMSI[001010123456780] bitmap[0x0080] (../src/mme/mme-context.c:5677)
09/14 18:49:06.578: [mme] INFO: [EBI-TRACK] Bearer removing (EBI=7 ue_id=1 IMSI=001010123456780 ESM=ACTIVE AGE=96240ms bitmap_before=0x0080) (../src/mme/mme-context.c:5000)
09/14 18:49:06.578: [mme] INFO: [EBI-TRACK] EBI freed [7] ue_id[1] IMSI[001010123456780] bitmap[0x0000] (../src/mme/mme-context.c:5677)
09/14 18:49:06.578: [mme] INFO: [Removed] Number of MME-Sessions is now 0 (../src/mme/mme-context.c:5845)
09/14 18:49:06.578: [mme] INFO: [EBI-TRACK] UE-REMOVED ue_id[1] IMSI[001010123456780] bitmap[0x0000] (../src/mme/mme-context.c:4064)
09/14 18:49:06.578: [mme] INFO: [Removed] Number of MME-UEs is now 0 (../src/mme/mme-context.c:4070)
09/14 18:49:06.578: [sctp] INFO: MME terminate...done (../src/mme/app-init.c:42)
