Open5GS daemon v2.8.0

[32m09/14 18:47:08.543[0m: [[33mapp[0m] [1;32mINFO[0m: Configuration: '/home/co1750/tc005-o5g/etc/mme.yaml' (../lib/app/ogs-init.c:144)
[32m09/14 18:47:08.543[0m: [[33mapp[0m] [1;32mINFO[0m: File Logging: '/home/co1750/tc005-o5g/log/mme.log' (../lib/app/ogs-init.c:147)
[32m09/14 18:47:08.543[0m: [[33mapp[0m] [1;32mINFO[0m: LOG-LEVEL: 'info' (../lib/app/ogs-init.c:150)
[32m09/14 18:47:08.544[0m: [[33mmetrics[0m] [1;32mINFO[0m: metrics_server() [http://127.0.0.2]:9090 (../lib/metrics/prometheus/context.c:392)
[32m09/14 18:47:08.587[0m: [[33mapp[0m] [1;32mINFO[0m: Polling freeDiameter stats every 60000000 usecs (../lib/diameter/common/stats.c:77)
[32m09/14 18:47:08.587[0m: [[33mgtp[0m] [1;32mINFO[0m: gtp_server() [127.0.0.2]:2123 (../lib/gtp/path.c:30)
[32m09/14 18:47:08.587[0m: [[33mgtp[0m] [1;32mINFO[0m: gtp_connect() [127.0.0.3]:2123 (../lib/gtp/path.c:60)
[32m09/14 18:47:08.587[0m: [[33mmme[0m] [1;32mINFO[0m: s1ap_server() [127.0.0.2]:36412 (../src/mme/s1ap-sctp.c:62)
[32m09/14 18:47:08.587[0m: [[33msctp[0m] [1;32mINFO[0m: MME initialize...done (../src/mme/app-init.c:33)
[32m09/14 18:47:08.588[0m: [[33mdiam[0m] [1;32mINFO[0m: CONNECTED TO 'hss.localdomain' (TCP,soc#11): (../lib/diameter/common/logger.c:81)
[32m09/14 18:47:21.279[0m: [[33mmme[0m] [1;32mINFO[0m: eNB-S1 accepted[127.0.0.2]:47520 in s1_path module (../src/mme/s1ap-sctp.c:114)
[32m09/14 18:47:21.279[0m: [[33mmme[0m] [1;32mINFO[0m: eNB-S1 accepted[127.0.0.2] in master_sm module (../src/mme/mme-sm.c:109)
[32m09/14 18:47:21.279[0m: [[33mmme[0m] [1;32mINFO[0m: [Added] Number of eNBs is now 1 (../src/mme/mme-context.c:3344)
[32m09/14 18:47:21.279[0m: [[33mmme[0m] [1;32mINFO[0m: eNB-S1[127.0.0.2] max_num_of_ostreams : 30 (../src/mme/mme-sm.c:158)
[32m09/14 18:47:29.972[0m: [[33mmme[0m] [1;32mINFO[0m: InitialUEMessage (../src/mme/s1ap-handler.c:629)
[32m09/14 18:47:29.972[0m: [[33mmme[0m] [1;32mINFO[0m: [Added] Number of eNB-UEs is now 1 (../src/mme/mme-context.c:5824)
[32m09/14 18:47:29.972[0m: [[33mmme[0m] [1;32mINFO[0m:     ENB_UE_S1AP_ID[1] MME_UE_S1AP_ID[1] TAC[1] CellID[0x19b01] (../src/mme/s1ap-handler.c:887)
[32m09/14 18:47:29.972[0m: [[33mmme[0m] [1;33mERROR[0m: TC005 S1AP NAS after security decode [len:21 security_available:-1 integrity:0 ciphered:0] (../src/mme/s1ap-path.c:267)
0000: 07417108 09101010 32547608 02f07000   .Aq.....2Tv...p.
0010: 040201d0 31                           ....1
[32m09/14 18:47:29.972[0m: [[33mmme[0m] [1;32mINFO[0m: [001010123456780] Unknown UE by IMSI (../src/mme/mme-context.c:4189)
[32m09/14 18:47:29.972[0m: [[33mmme[0m] [1;32mINFO[0m: [EBI-TRACK] UE-CREATED ue_id[1] bitmap[0x0000] (../src/mme/mme-context.c:3994)
[32m09/14 18:47:29.972[0m: [[33mmme[0m] [1;32mINFO[0m: [Added] Number of MME-UEs is now 1 (../src/mme/mme-context.c:3996)
[32m09/14 18:47:29.972[0m: [[33memm[0m] [1;32mINFO[0m: [] Attach request (../src/mme/emm-sm.c:488)
[32m09/14 18:47:29.972[0m: [[33memm[0m] [1;32mINFO[0m:     IMSI[001010123456780] (../src/mme/emm-handler.c:276)
[32m09/14 18:47:30.016[0m: [[33mmme[0m] [1;33mERROR[0m: TC005 S1AP NAS after security decode [len:11 security_available:0 integrity:0 ciphered:0] (../src/mme/s1ap-path.c:267)
0000: 07530877 2e5ea046 e998a7              .S.w.^.F...
[32m09/14 18:47:30.038[0m: [[33mmme[0m] [1;33mERROR[0m: TC005 S1AP NAS after security decode [len:13 security_available:1 integrity:1 ciphered:1] (../src/mme/s1ap-path.c:267)
0000: 075e2309 33359400 96783351 f3         .^#.35...x3Q.
[32m09/14 18:47:30.041[0m: [[33mmme[0m] [1;33mERROR[0m: TC005 MME ESM before decode [len:4 nas_type:0 create_action:1] (../src/mme/mme-sm.c:370)
0000: 0201d031                              ...1
[32m09/14 18:47:30.041[0m: [[33mmme[0m] [1;33mERROR[0m: TC005 MME ESM after decode [EBI:0 PTI:1 TYPE:208] (../src/mme/mme-sm.c:391)
[32m09/14 18:47:30.041[0m: [[33mmme[0m] [1;32mINFO[0m: [EBI-TRACK] EBI allocated [5] ue_id[1] IMSI[001010123456780] bitmap[0x0020] (../src/mme/mme-context.c:5641)
[32m09/14 18:47:30.041[0m: [[33mmme[0m] [1;32mINFO[0m: [EBI-TRACK] Bearer added (EBI=5 ue_id=1 IMSI=001010123456780 bitmap=0x0020) (../src/mme/mme-context.c:4964)
[32m09/14 18:47:30.041[0m: [[33mmme[0m] [1;32mINFO[0m: [Added] Number of MME-Sessions is now 1 (../src/mme/mme-context.c:5838)
[32m09/14 18:47:30.310[0m: [[33mmme[0m] [1;33mERROR[0m: TC005 S1AP NAS after security decode [len:7 security_available:1 integrity:1 ciphered:1] (../src/mme/s1ap-path.c:267)
0000: 07430003 5200c2                       .C..R..
[32m09/14 18:47:30.310[0m: [[33memm[0m] [1;32mINFO[0m: [001010123456780] Attach complete (../src/mme/emm-sm.c:1603)
[32m09/14 18:47:30.310[0m: [[33memm[0m] [1;32mINFO[0m:     IMSI[001010123456780] (../src/mme/emm-handler.c:327)
[32m09/14 18:47:30.310[0m: [[33memm[0m] [1;32mINFO[0m:     UTC [2026-09-14T10:47:30] Timezone[0]/DST[0] (../src/mme/emm-handler.c:333)
[32m09/14 18:47:30.310[0m: [[33memm[0m] [1;32mINFO[0m:     LOCAL [2026-09-14T18:47:30] Timezone[28800]/DST[0] (../src/mme/emm-handler.c:337)
[32m09/14 18:47:30.310[0m: [[33mmme[0m] [1;33mERROR[0m: TC005 MME ESM before decode [len:3 nas_type:0 create_action:1] (../src/mme/mme-sm.c:370)
0000: 5200c2                                R..
[32m09/14 18:47:30.310[0m: [[33mmme[0m] [1;33mERROR[0m: TC005 MME ESM after decode [EBI:5 PTI:0 TYPE:194] (../src/mme/mme-sm.c:391)
[32m09/14 18:47:30.310[0m: [[33mmme[0m] [1;33mERROR[0m: TC005 S1AP NAS after security decode [len:11 security_available:1 integrity:1 ciphered:1] (../src/mme/s1ap-path.c:267)
0000: 0202d031 d1280403 696d73              ...1.(..ims
[32m09/14 18:47:30.310[0m: [[33mmme[0m] [1;33mERROR[0m: TC005 MME ESM before decode [len:11 nas_type:192 create_action:2] (../src/mme/mme-sm.c:370)
0000: 0202d031 d1280403 696d73              ...1.(..ims
[32m09/14 18:47:30.310[0m: [[33mmme[0m] [1;33mERROR[0m: TC005 MME ESM after decode [EBI:0 PTI:2 TYPE:208] (../src/mme/mme-sm.c:391)
[32m09/14 18:47:30.310[0m: [[33mmme[0m] [1;32mINFO[0m: [EBI-TRACK] EBI allocated [6] ue_id[1] IMSI[001010123456780] bitmap[0x0060] (../src/mme/mme-context.c:5641)
[32m09/14 18:47:30.310[0m: [[33mmme[0m] [1;32mINFO[0m: [EBI-TRACK] Bearer added (EBI=6 ue_id=1 IMSI=001010123456780 bitmap=0x0060) (../src/mme/mme-context.c:4964)
[32m09/14 18:47:30.310[0m: [[33mmme[0m] [1;32mINFO[0m: [Added] Number of MME-Sessions is now 2 (../src/mme/mme-context.c:5838)
[32m09/14 18:47:30.334[0m: [[33mmme[0m] [1;33mERROR[0m: TC005 S1AP NAS after security decode [len:9 security_available:1 integrity:1 ciphered:1] (../src/mme/s1ap-path.c:267)
0000: 0202da28 0403696d 73                  ...(..ims
[32m09/14 18:47:30.334[0m: [[33mmme[0m] [1;33mERROR[0m: TC005 MME ESM before decode [len:9 nas_type:192 create_action:2] (../src/mme/mme-sm.c:370)
0000: 0202da28 0403696d 73                  ...(..ims
[32m09/14 18:47:30.334[0m: [[33mmme[0m] [1;33mERROR[0m: TC005 MME ESM after decode [EBI:0 PTI:2 TYPE:218] (../src/mme/mme-sm.c:391)
[32m09/14 18:47:30.338[0m: [[33mmme[0m] [1;32mINFO[0m: [EBI-TRACK] Create Bearer Request: IMSI[001010123456780] bitmap[0x0060] (../src/mme/mme-s11-handler.c:1052)
[32m09/14 18:47:30.338[0m: [[33mmme[0m] [1;32mINFO[0m: [EBI-TRACK] EBI allocated [7] ue_id[1] IMSI[001010123456780] bitmap[0x00e0] (../src/mme/mme-context.c:5641)
[32m09/14 18:47:30.338[0m: [[33mmme[0m] [1;32mINFO[0m: [EBI-TRACK] Bearer added (EBI=7 ue_id=1 IMSI=001010123456780 bitmap=0x00e0) (../src/mme/mme-context.c:4964)
[32m09/14 18:47:30.542[0m: [[33mmme[0m] [1;33mERROR[0m: TC005 S1AP NAS after security decode [len:3 security_available:1 integrity:1 ciphered:1] (../src/mme/s1ap-path.c:267)
0000: 6202c2                                b..
[32m09/14 18:47:30.542[0m: [[33mmme[0m] [1;33mERROR[0m: TC005 MME ESM before decode [len:3 nas_type:192 create_action:2] (../src/mme/mme-sm.c:370)
0000: 6202c2                                b..
[32m09/14 18:47:30.542[0m: [[33mmme[0m] [1;33mERROR[0m: TC005 MME ESM after decode [EBI:6 PTI:2 TYPE:194] (../src/mme/mme-sm.c:391)
[32m09/14 18:47:30.750[0m: [[33mmme[0m] [1;33mERROR[0m: TC005 S1AP NAS after security decode [len:3 security_available:1 integrity:1 ciphered:1] (../src/mme/s1ap-path.c:267)
0000: 7200c6                                r..
[32m09/14 18:47:30.750[0m: [[33mmme[0m] [1;33mERROR[0m: TC005 MME ESM before decode [len:3 nas_type:192 create_action:2] (../src/mme/mme-sm.c:370)
0000: 7200c6                                r..
[32m09/14 18:47:30.750[0m: [[33mmme[0m] [1;33mERROR[0m: TC005 MME ESM after decode [EBI:7 PTI:0 TYPE:198] (../src/mme/mme-sm.c:391)
[32m09/14 18:48:04.588[0m: [[33mmme[0m] [1;32mINFO[0m: UE Context Release [Action:2] (../src/mme/s1ap-handler.c:2228)
[32m09/14 18:48:04.588[0m: [[33mmme[0m] [1;32mINFO[0m:     ENB_UE_S1AP_ID[1] MME_UE_S1AP_ID[1] (../src/mme/s1ap-handler.c:2229)
[32m09/14 18:48:04.588[0m: [[33mmme[0m] [1;32mINFO[0m:     IMSI[001010123456780] (../src/mme/s1ap-handler.c:2234)
[32m09/14 18:48:04.588[0m: [[33mmme[0m] [1;32mINFO[0m: Mobile Reachable timer started for IMSI[001010123456780] (../src/mme/s1ap-handler.c:2247)
[32m09/14 18:48:04.588[0m: [[33mmme[0m] [1;32mINFO[0m: [Removed] Number of eNB-UEs is now 0 (../src/mme/mme-context.c:5831)
[32m09/14 18:49:06.468[0m: [[33mapp[0m] [1;32mINFO[0m: SIGTERM received (../src/main.c:54)
[32m09/14 18:49:06.468[0m: [[33mapp[0m] [1;32mINFO[0m: Open5GS daemon terminating... (../src/main.c:231)
[32m09/14 18:49:06.577[0m: [[33mmme[0m] [1;32mINFO[0m: [Removed] Number of eNBs is now 0 (../src/mme/mme-context.c:3379)
[32m09/14 18:49:06.577[0m: [[33mmme[0m] [1;32mINFO[0m: [EBI-TRACK] Bearer removing (EBI=5 ue_id=1 IMSI=001010123456780 ESM=ACTIVE AGE=96537ms bitmap_before=0x00e0) (../src/mme/mme-context.c:5000)
[32m09/14 18:49:06.577[0m: [[33mmme[0m] [1;32mINFO[0m: [EBI-TRACK] EBI freed [5] ue_id[1] IMSI[001010123456780] bitmap[0x00c0] (../src/mme/mme-context.c:5677)
[32m09/14 18:49:06.578[0m: [[33mmme[0m] [1;32mINFO[0m: [Removed] Number of MME-Sessions is now 1 (../src/mme/mme-context.c:5845)
[32m09/14 18:49:06.578[0m: [[33mmme[0m] [1;32mINFO[0m: [EBI-TRACK] Bearer removing (EBI=6 ue_id=1 IMSI=001010123456780 ESM=ACTIVE AGE=96268ms bitmap_before=0x00c0) (../src/mme/mme-context.c:5000)
[32m09/14 18:49:06.578[0m: [[33mmme[0m] [1;32mINFO[0m: [EBI-TRACK] EBI freed [6] ue_id[1] IMSI[001010123456780] bitmap[0x0080] (../src/mme/mme-context.c:5677)
[32m09/14 18:49:06.578[0m: [[33mmme[0m] [1;32mINFO[0m: [EBI-TRACK] Bearer removing (EBI=7 ue_id=1 IMSI=001010123456780 ESM=ACTIVE AGE=96240ms bitmap_before=0x0080) (../src/mme/mme-context.c:5000)
[32m09/14 18:49:06.578[0m: [[33mmme[0m] [1;32mINFO[0m: [EBI-TRACK] EBI freed [7] ue_id[1] IMSI[001010123456780] bitmap[0x0000] (../src/mme/mme-context.c:5677)
[32m09/14 18:49:06.578[0m: [[33mmme[0m] [1;32mINFO[0m: [Removed] Number of MME-Sessions is now 0 (../src/mme/mme-context.c:5845)
[32m09/14 18:49:06.578[0m: [[33mmme[0m] [1;32mINFO[0m: [EBI-TRACK] UE-REMOVED ue_id[1] IMSI[001010123456780] bitmap[0x0000] (../src/mme/mme-context.c:4064)
[32m09/14 18:49:06.578[0m: [[33mmme[0m] [1;32mINFO[0m: [Removed] Number of MME-UEs is now 0 (../src/mme/mme-context.c:4070)
[32m09/14 18:49:06.578[0m: [[33msctp[0m] [1;32mINFO[0m: MME terminate...done (../src/mme/app-init.c:42)
