Open5GS daemon v2.8.0

09/14 17:36:33.779: [app] INFO: Configuration: '/home/co1750/tc005-o5g/etc/sgwc.yaml' (../lib/app/ogs-init.c:144)
09/14 17:36:33.779: [app] INFO: File Logging: '/home/co1750/tc005-o5g/log/sgwc.log' (../lib/app/ogs-init.c:147)
09/14 17:36:33.779: [app] INFO: LOG-LEVEL: 'info' (../lib/app/ogs-init.c:150)
09/14 17:36:33.782: [gtp] INFO: gtp_server() [127.0.0.3]:2123 (../lib/gtp/path.c:30)
09/14 17:36:33.782: [pfcp] INFO: pfcp_server() [127.0.0.3]:8805 (../lib/pfcp/path.c:30)
09/14 17:36:33.782: [app] INFO: SGW-C initialize...done (../src/sgwc/app.c:31)
09/14 17:36:36.283: [sgwc] INFO: PFCP associated [127.0.0.6]:8805 (../src/sgwc/pfcp-sm.c:167)
09/14 17:36:49.652: [sgwc] INFO: [Added] Number of SGWC-UEs is now 1 (../src/sgwc/context.c:246)
09/14 17:36:49.652: [sgwc] INFO: Create Session Request (../src/sgwc/s11-handler.c:191)
09/14 17:36:49.652: [sgwc] INFO: [Added] Number of SGWC-Sessions is now 1 (../src/sgwc/context.c:952)
09/14 17:36:49.652: [sgwc] INFO: UE IMSI[001010123456780] APN[internet] (../src/sgwc/s11-handler.c:260)
09/14 17:36:49.652: [sgwc] INFO:     TAI[PLMN_ID:00f110,TAC:1] (../src/sgwc/s11-handler.c:273)
09/14 17:36:49.652: [sgwc] INFO:     E_CGI[PLMN_ID:00f110,CELL_ID:0x19b01] (../src/sgwc/s11-handler.c:276)
09/14 17:36:49.652: [sgwc] INFO:     MME_S11_TEID[37] SGW_S11_TEID[34] (../src/sgwc/s11-handler.c:429)
09/14 17:36:49.652: [sgwc] INFO: Session Establishment Request (../src/sgwc/sxa-build.c:39)
09/14 17:36:49.652: [sgwc] INFO: Session Establishment Response (../src/sgwc/sxa-handler.c:173)
09/14 17:36:49.652: [sgwc] INFO:     SGW_S5C_TEID[0xea] PGW_S5C_TEID[0x0] (../src/sgwc/sxa-handler.c:276)
09/14 17:36:49.652: [sgwc] INFO:     SGW_S5U_TEID[3019] PGW_S5U_TEID[0] (../src/sgwc/sxa-handler.c:287)
09/14 17:36:49.652: [gtp] INFO: gtp_connect() [127.0.0.4]:2123 (../lib/gtp/path.c:60)
09/14 17:36:49.656: [sgwc] INFO: Create Session Response (../src/sgwc/s5c-handler.c:117)
09/14 17:36:49.656: [sgwc] INFO:     MME_S11_TEID[37] SGW_S11_TEID[34] (../src/sgwc/s5c-handler.c:252)
09/14 17:36:49.656: [sgwc] INFO:     SGW_S5C_TEID[0xea] PGW_S5C_TEID[0x0] (../src/sgwc/s5c-handler.c:254)
09/14 17:36:49.656: [sgwc] INFO:     SGW_S5U_TEID[1416] PGW_S5U_TEID[0] (../src/sgwc/s5c-handler.c:294)
09/14 17:36:49.656: [sgwc] INFO:     sess_id=1 xact=0x7fa5fba69010 (../src/sgwc/s5c-handler.c:350)
09/14 17:36:49.656: [sgwc] INFO: PFCP Session Modification from session: sess_id=1 gtp_xact_id=1 flags=0x60004 (../src/sgwc/pfcp-path.c:414)
09/14 17:36:49.656: [sgwc] INFO: PFCP Session Modification xact: sess_id=1 xact=0x7fa5fba26640 local_seid=0xea bearer_to_modify_count=1 (../src/sgwc/pfcp-path.c:297)
09/14 17:36:49.656: [sgwc] INFO: Session Modification Request (../src/sgwc/sxa-build.c:149)
09/14 17:36:49.656: [sgwc] INFO: PFCP Session Modification build start: sess_id=1 xact=0x7fa5fba26640 flags=0x60005 bearer_to_modify_count=1 (../src/sgwc/sxa-build.c:155)
09/14 17:36:49.656: [sgwc] INFO: Session Modification Response (../src/sgwc/sxa-handler.c:488)
09/14 17:36:49.922: [sgwc] INFO: Modify Bearer Request (../src/sgwc/s11-handler.c:478)
09/14 17:36:49.922: [sgwc] INFO:     sess_id=1 current_xact=0x7fa5fba26748 flags=0x60003, bearer[EBI=5] (../src/sgwc/s11-handler.c:613)
09/14 17:36:49.922: [sgwc] INFO:     MME_S11_TEID[37] SGW_S11_TEID[34] (../src/sgwc/s11-handler.c:646)
09/14 17:36:49.922: [sgwc] INFO:     ENB_S1U_TEID[1] SGW_S1U_TEID[3019] (../src/sgwc/s11-handler.c:648)
09/14 17:36:49.922: [sgwc] INFO:     sess_id=1 xact=0x7fa5fba26748 flags=0x60003 (../src/sgwc/s11-handler.c:662)
09/14 17:36:49.922: [sgwc] INFO: PFCP Session Modification xact: sess_id=1 xact=0x7fa5fba26748 local_seid=0xea bearer_to_modify_count=1 (../src/sgwc/pfcp-path.c:297)
09/14 17:36:49.922: [sgwc] INFO: Session Modification Request (../src/sgwc/sxa-build.c:149)
09/14 17:36:49.922: [sgwc] INFO: PFCP Session Modification build start: sess_id=1 xact=0x7fa5fba26748 flags=0x60003 bearer_to_modify_count=1 (../src/sgwc/sxa-build.c:155)
09/14 17:36:49.922: [sgwc] INFO: Session Modification Response (../src/sgwc/sxa-handler.c:488)
09/14 17:40:15.841: [app] INFO: SIGTERM received (../src/main.c:54)
09/14 17:40:15.841: [app] INFO: Open5GS daemon terminating... (../src/main.c:231)
09/14 17:40:15.843: [sgwc] INFO: PFCP de-associated [127.0.0.6]:8805 (../src/sgwc/pfcp-sm.c:181)
09/14 17:40:15.843: [sgwc] INFO: [Removed] Number of SGWC-Sessions is now 0 (../src/sgwc/context.c:958)
09/14 17:40:15.843: [sgwc] INFO: [Removed] Number of SGWC-UEs is now 0 (../src/sgwc/context.c:268)
09/14 17:40:15.843: [app] INFO: SGW-C terminate...done (../src/sgwc/app.c:39)
Open5GS daemon v2.8.0

09/14 17:41:17.872: [app] INFO: Configuration: '/home/co1750/tc005-o5g/etc/sgwc.yaml' (../lib/app/ogs-init.c:144)
09/14 17:41:17.872: [app] INFO: File Logging: '/home/co1750/tc005-o5g/log/sgwc.log' (../lib/app/ogs-init.c:147)
09/14 17:41:17.872: [app] INFO: LOG-LEVEL: 'info' (../lib/app/ogs-init.c:150)
09/14 17:41:17.875: [gtp] INFO: gtp_server() [127.0.0.3]:2123 (../lib/gtp/path.c:30)
09/14 17:41:17.875: [pfcp] INFO: pfcp_server() [127.0.0.3]:8805 (../lib/pfcp/path.c:30)
09/14 17:41:17.876: [app] INFO: SGW-C initialize...done (../src/sgwc/app.c:31)
09/14 17:41:20.379: [sgwc] INFO: PFCP associated [127.0.0.6]:8805 (../src/sgwc/pfcp-sm.c:167)
09/14 17:41:33.748: [sgwc] INFO: [Added] Number of SGWC-UEs is now 1 (../src/sgwc/context.c:246)
09/14 17:41:33.748: [sgwc] INFO: Create Session Request (../src/sgwc/s11-handler.c:191)
09/14 17:41:33.748: [sgwc] INFO: [Added] Number of SGWC-Sessions is now 1 (../src/sgwc/context.c:952)
09/14 17:41:33.748: [sgwc] INFO: UE IMSI[001010123456780] APN[internet] (../src/sgwc/s11-handler.c:260)
09/14 17:41:33.748: [sgwc] INFO:     TAI[PLMN_ID:00f110,TAC:1] (../src/sgwc/s11-handler.c:273)
09/14 17:41:33.748: [sgwc] INFO:     E_CGI[PLMN_ID:00f110,CELL_ID:0x19b01] (../src/sgwc/s11-handler.c:276)
09/14 17:41:33.748: [sgwc] INFO:     MME_S11_TEID[39] SGW_S11_TEID[52] (../src/sgwc/s11-handler.c:429)
09/14 17:41:33.748: [sgwc] INFO: Session Establishment Request (../src/sgwc/sxa-build.c:39)
09/14 17:41:33.748: [sgwc] INFO: Session Establishment Response (../src/sgwc/sxa-handler.c:173)
09/14 17:41:33.748: [sgwc] INFO:     SGW_S5C_TEID[0x90] PGW_S5C_TEID[0x0] (../src/sgwc/sxa-handler.c:276)
09/14 17:41:33.748: [sgwc] INFO:     SGW_S5U_TEID[487] PGW_S5U_TEID[0] (../src/sgwc/sxa-handler.c:287)
09/14 17:41:33.748: [gtp] INFO: gtp_connect() [127.0.0.4]:2123 (../lib/gtp/path.c:60)
09/14 17:41:33.752: [sgwc] INFO: Create Session Response (../src/sgwc/s5c-handler.c:117)
09/14 17:41:33.752: [sgwc] INFO:     MME_S11_TEID[39] SGW_S11_TEID[52] (../src/sgwc/s5c-handler.c:252)
09/14 17:41:33.752: [sgwc] INFO:     SGW_S5C_TEID[0x90] PGW_S5C_TEID[0x0] (../src/sgwc/s5c-handler.c:254)
09/14 17:41:33.752: [sgwc] INFO:     SGW_S5U_TEID[183] PGW_S5U_TEID[0] (../src/sgwc/s5c-handler.c:294)
09/14 17:41:33.752: [sgwc] INFO:     sess_id=1 xact=0x7f1ce304f010 (../src/sgwc/s5c-handler.c:350)
09/14 17:41:33.752: [sgwc] INFO: PFCP Session Modification from session: sess_id=1 gtp_xact_id=1 flags=0x60004 (../src/sgwc/pfcp-path.c:414)
09/14 17:41:33.753: [sgwc] INFO: PFCP Session Modification xact: sess_id=1 xact=0x7f1ce300c640 local_seid=0x90 bearer_to_modify_count=1 (../src/sgwc/pfcp-path.c:297)
09/14 17:41:33.753: [sgwc] INFO: Session Modification Request (../src/sgwc/sxa-build.c:149)
09/14 17:41:33.753: [sgwc] INFO: PFCP Session Modification build start: sess_id=1 xact=0x7f1ce300c640 flags=0x60005 bearer_to_modify_count=1 (../src/sgwc/sxa-build.c:155)
09/14 17:41:33.753: [sgwc] INFO: Session Modification Response (../src/sgwc/sxa-handler.c:488)
09/14 17:41:34.022: [sgwc] INFO: Modify Bearer Request (../src/sgwc/s11-handler.c:478)
09/14 17:41:34.022: [sgwc] INFO:     sess_id=1 current_xact=0x7f1ce300c748 flags=0x60003, bearer[EBI=5] (../src/sgwc/s11-handler.c:613)
09/14 17:41:34.022: [sgwc] INFO:     MME_S11_TEID[39] SGW_S11_TEID[52] (../src/sgwc/s11-handler.c:646)
09/14 17:41:34.022: [sgwc] INFO:     ENB_S1U_TEID[1] SGW_S1U_TEID[487] (../src/sgwc/s11-handler.c:648)
09/14 17:41:34.022: [sgwc] INFO:     sess_id=1 xact=0x7f1ce300c748 flags=0x60003 (../src/sgwc/s11-handler.c:662)
09/14 17:41:34.022: [sgwc] INFO: PFCP Session Modification xact: sess_id=1 xact=0x7f1ce300c748 local_seid=0x90 bearer_to_modify_count=1 (../src/sgwc/pfcp-path.c:297)
09/14 17:41:34.022: [sgwc] INFO: Session Modification Request (../src/sgwc/sxa-build.c:149)
09/14 17:41:34.022: [sgwc] INFO: PFCP Session Modification build start: sess_id=1 xact=0x7f1ce300c748 flags=0x60003 bearer_to_modify_count=1 (../src/sgwc/sxa-build.c:155)
09/14 17:41:34.023: [sgwc] INFO: Session Modification Response (../src/sgwc/sxa-handler.c:488)
09/14 17:44:05.334: [app] INFO: SIGTERM received (../src/main.c:54)
09/14 17:44:05.334: [app] INFO: Open5GS daemon terminating... (../src/main.c:231)
09/14 17:44:05.335: [sgwc] INFO: PFCP de-associated [127.0.0.6]:8805 (../src/sgwc/pfcp-sm.c:181)
09/14 17:44:05.336: [sgwc] INFO: [Removed] Number of SGWC-Sessions is now 0 (../src/sgwc/context.c:958)
09/14 17:44:05.336: [sgwc] INFO: [Removed] Number of SGWC-UEs is now 0 (../src/sgwc/context.c:268)
09/14 17:44:05.336: [app] INFO: SGW-C terminate...done (../src/sgwc/app.c:39)
Open5GS daemon v2.8.0

09/14 17:44:42.304: [app] INFO: Configuration: '/home/co1750/tc005-o5g/etc/sgwc.yaml' (../lib/app/ogs-init.c:144)
09/14 17:44:42.304: [app] INFO: File Logging: '/home/co1750/tc005-o5g/log/sgwc.log' (../lib/app/ogs-init.c:147)
09/14 17:44:42.304: [app] INFO: LOG-LEVEL: 'info' (../lib/app/ogs-init.c:150)
09/14 17:44:42.307: [gtp] INFO: gtp_server() [127.0.0.3]:2123 (../lib/gtp/path.c:30)
09/14 17:44:42.307: [pfcp] INFO: pfcp_server() [127.0.0.3]:8805 (../lib/pfcp/path.c:30)
09/14 17:44:42.307: [app] INFO: SGW-C initialize...done (../src/sgwc/app.c:31)
09/14 17:44:44.810: [sgwc] INFO: PFCP associated [127.0.0.6]:8805 (../src/sgwc/pfcp-sm.c:167)
09/14 17:44:58.161: [sgwc] INFO: [Added] Number of SGWC-UEs is now 1 (../src/sgwc/context.c:246)
09/14 17:44:58.161: [sgwc] INFO: Create Session Request (../src/sgwc/s11-handler.c:191)
09/14 17:44:58.161: [sgwc] INFO: [Added] Number of SGWC-Sessions is now 1 (../src/sgwc/context.c:952)
09/14 17:44:58.161: [sgwc] INFO: UE IMSI[001010123456780] APN[internet] (../src/sgwc/s11-handler.c:260)
09/14 17:44:58.161: [sgwc] INFO:     TAI[PLMN_ID:00f110,TAC:1] (../src/sgwc/s11-handler.c:273)
09/14 17:44:58.161: [sgwc] INFO:     E_CGI[PLMN_ID:00f110,CELL_ID:0x19b01] (../src/sgwc/s11-handler.c:276)
09/14 17:44:58.161: [sgwc] INFO:     MME_S11_TEID[20] SGW_S11_TEID[9] (../src/sgwc/s11-handler.c:429)
09/14 17:44:58.161: [sgwc] INFO: Session Establishment Request (../src/sgwc/sxa-build.c:39)
09/14 17:44:58.162: [sgwc] INFO: Session Establishment Response (../src/sgwc/sxa-handler.c:173)
09/14 17:44:58.162: [sgwc] INFO:     SGW_S5C_TEID[0x46] PGW_S5C_TEID[0x0] (../src/sgwc/sxa-handler.c:276)
09/14 17:44:58.162: [sgwc] INFO:     SGW_S5U_TEID[3108] PGW_S5U_TEID[0] (../src/sgwc/sxa-handler.c:287)
09/14 17:44:58.162: [gtp] INFO: gtp_connect() [127.0.0.4]:2123 (../lib/gtp/path.c:60)
09/14 17:44:58.164: [sgwc] INFO: Create Session Response (../src/sgwc/s5c-handler.c:117)
09/14 17:44:58.164: [sgwc] INFO:     MME_S11_TEID[20] SGW_S11_TEID[9] (../src/sgwc/s5c-handler.c:252)
09/14 17:44:58.164: [sgwc] INFO:     SGW_S5C_TEID[0x46] PGW_S5C_TEID[0x0] (../src/sgwc/s5c-handler.c:254)
09/14 17:44:58.164: [sgwc] INFO:     SGW_S5U_TEID[3691] PGW_S5U_TEID[0] (../src/sgwc/s5c-handler.c:294)
09/14 17:44:58.164: [sgwc] INFO:     sess_id=1 xact=0x7f4602f92010 (../src/sgwc/s5c-handler.c:350)
09/14 17:44:58.164: [sgwc] INFO: PFCP Session Modification from session: sess_id=1 gtp_xact_id=1 flags=0x60004 (../src/sgwc/pfcp-path.c:414)
09/14 17:44:58.164: [sgwc] INFO: PFCP Session Modification xact: sess_id=1 xact=0x7f4602f4f640 local_seid=0x46 bearer_to_modify_count=1 (../src/sgwc/pfcp-path.c:297)
09/14 17:44:58.164: [sgwc] INFO: Session Modification Request (../src/sgwc/sxa-build.c:149)
09/14 17:44:58.164: [sgwc] INFO: PFCP Session Modification build start: sess_id=1 xact=0x7f4602f4f640 flags=0x60005 bearer_to_modify_count=1 (../src/sgwc/sxa-build.c:155)
09/14 17:44:58.165: [sgwc] INFO: Session Modification Response (../src/sgwc/sxa-handler.c:488)
09/14 17:44:58.434: [sgwc] INFO: Modify Bearer Request (../src/sgwc/s11-handler.c:478)
09/14 17:44:58.434: [sgwc] INFO:     sess_id=1 current_xact=0x7f4602f4f748 flags=0x60003, bearer[EBI=5] (../src/sgwc/s11-handler.c:613)
09/14 17:44:58.434: [sgwc] INFO:     MME_S11_TEID[20] SGW_S11_TEID[9] (../src/sgwc/s11-handler.c:646)
09/14 17:44:58.434: [sgwc] INFO:     ENB_S1U_TEID[1] SGW_S1U_TEID[3108] (../src/sgwc/s11-handler.c:648)
09/14 17:44:58.434: [sgwc] INFO:     sess_id=1 xact=0x7f4602f4f748 flags=0x60003 (../src/sgwc/s11-handler.c:662)
09/14 17:44:58.434: [sgwc] INFO: PFCP Session Modification xact: sess_id=1 xact=0x7f4602f4f748 local_seid=0x46 bearer_to_modify_count=1 (../src/sgwc/pfcp-path.c:297)
09/14 17:44:58.434: [sgwc] INFO: Session Modification Request (../src/sgwc/sxa-build.c:149)
09/14 17:44:58.434: [sgwc] INFO: PFCP Session Modification build start: sess_id=1 xact=0x7f4602f4f748 flags=0x60003 bearer_to_modify_count=1 (../src/sgwc/sxa-build.c:155)
09/14 17:44:58.434: [sgwc] INFO: Session Modification Response (../src/sgwc/sxa-handler.c:488)
09/14 17:45:32.440: [sgwc] INFO: Release Access Bearers Request (../src/sgwc/s11-handler.c:1488)
09/14 17:45:32.440: [sgwc] INFO:     MME_S11_TEID[20] SGW_S11_TEID[9] (../src/sgwc/s11-handler.c:1512)
09/14 17:45:32.440: [sgwc] INFO:     sess_id=1 xact=0x7f4602f922f8 (../src/sgwc/s11-handler.c:1529)
09/14 17:45:32.440: [sgwc] INFO: PFCP Session Modification from session: sess_id=1 gtp_xact_id=4 flags=0x100002 (../src/sgwc/pfcp-path.c:414)
09/14 17:45:32.440: [sgwc] INFO: PFCP Session Modification xact: sess_id=1 xact=0x7f4602f4fe80 local_seid=0x46 bearer_to_modify_count=1 (../src/sgwc/pfcp-path.c:297)
09/14 17:45:32.440: [sgwc] INFO: Session Modification Request (../src/sgwc/sxa-build.c:149)
09/14 17:45:32.440: [sgwc] INFO: PFCP Session Modification build start: sess_id=1 xact=0x7f4602f4fe80 flags=0x100003 bearer_to_modify_count=1 (../src/sgwc/sxa-build.c:155)
09/14 17:45:32.440: [sgwc] INFO: Session Modification Response (../src/sgwc/sxa-handler.c:488)
09/14 17:57:47.832: [app] INFO: SIGTERM received (../src/main.c:54)
09/14 17:57:47.832: [app] INFO: Open5GS daemon terminating... (../src/main.c:231)
09/14 17:57:47.833: [sgwc] INFO: PFCP de-associated [127.0.0.6]:8805 (../src/sgwc/pfcp-sm.c:181)
09/14 17:57:47.833: [sgwc] INFO: [Removed] Number of SGWC-Sessions is now 0 (../src/sgwc/context.c:958)
09/14 17:57:47.833: [sgwc] INFO: [Removed] Number of SGWC-UEs is now 0 (../src/sgwc/context.c:268)
09/14 17:57:47.834: [app] INFO: SGW-C terminate...done (../src/sgwc/app.c:39)
Open5GS daemon v2.8.0

09/14 17:58:00.632: [app] INFO: Configuration: '/home/co1750/tc005-o5g/etc/sgwc.yaml' (../lib/app/ogs-init.c:144)
09/14 17:58:00.632: [app] INFO: File Logging: '/home/co1750/tc005-o5g/log/sgwc.log' (../lib/app/ogs-init.c:147)
09/14 17:58:00.632: [app] INFO: LOG-LEVEL: 'info' (../lib/app/ogs-init.c:150)
09/14 17:58:00.636: [gtp] INFO: gtp_server() [127.0.0.3]:2123 (../lib/gtp/path.c:30)
09/14 17:58:00.636: [pfcp] INFO: pfcp_server() [127.0.0.3]:8805 (../lib/pfcp/path.c:30)
09/14 17:58:00.636: [app] INFO: SGW-C initialize...done (../src/sgwc/app.c:31)
09/14 17:58:03.138: [sgwc] INFO: PFCP associated [127.0.0.6]:8805 (../src/sgwc/pfcp-sm.c:167)
09/14 18:01:29.366: [app] INFO: SIGTERM received (../src/main.c:54)
09/14 18:01:29.366: [app] INFO: Open5GS daemon terminating... (../src/main.c:231)
09/14 18:01:29.367: [sgwc] INFO: PFCP de-associated [127.0.0.6]:8805 (../src/sgwc/pfcp-sm.c:181)
09/14 18:01:29.367: [app] INFO: SGW-C terminate...done (../src/sgwc/app.c:39)
Open5GS daemon v2.8.0

09/14 18:01:42.178: [app] INFO: Configuration: '/home/co1750/tc005-o5g/etc/sgwc.yaml' (../lib/app/ogs-init.c:144)
09/14 18:01:42.178: [app] INFO: File Logging: '/home/co1750/tc005-o5g/log/sgwc.log' (../lib/app/ogs-init.c:147)
09/14 18:01:42.178: [app] INFO: LOG-LEVEL: 'info' (../lib/app/ogs-init.c:150)
09/14 18:01:42.182: [gtp] INFO: gtp_server() [127.0.0.3]:2123 (../lib/gtp/path.c:30)
09/14 18:01:42.182: [pfcp] INFO: pfcp_server() [127.0.0.3]:8805 (../lib/pfcp/path.c:30)
09/14 18:01:42.182: [app] INFO: SGW-C initialize...done (../src/sgwc/app.c:31)
09/14 18:01:44.683: [sgwc] INFO: PFCP associated [127.0.0.6]:8805 (../src/sgwc/pfcp-sm.c:167)
09/14 18:01:58.047: [sgwc] INFO: [Added] Number of SGWC-UEs is now 1 (../src/sgwc/context.c:246)
09/14 18:01:58.047: [sgwc] INFO: Create Session Request (../src/sgwc/s11-handler.c:191)
09/14 18:01:58.047: [sgwc] INFO: [Added] Number of SGWC-Sessions is now 1 (../src/sgwc/context.c:952)
09/14 18:01:58.047: [sgwc] INFO: UE IMSI[001010123456780] APN[internet] (../src/sgwc/s11-handler.c:260)
09/14 18:01:58.047: [sgwc] INFO:     TAI[PLMN_ID:00f110,TAC:1] (../src/sgwc/s11-handler.c:273)
09/14 18:01:58.047: [sgwc] INFO:     E_CGI[PLMN_ID:00f110,CELL_ID:0x19b01] (../src/sgwc/s11-handler.c:276)
09/14 18:01:58.047: [sgwc] INFO:     MME_S11_TEID[47] SGW_S11_TEID[61] (../src/sgwc/s11-handler.c:429)
09/14 18:01:58.047: [sgwc] INFO: Session Establishment Request (../src/sgwc/sxa-build.c:39)
09/14 18:01:58.047: [sgwc] INFO: Session Establishment Response (../src/sgwc/sxa-handler.c:173)
09/14 18:01:58.047: [sgwc] INFO:     SGW_S5C_TEID[0x3b] PGW_S5C_TEID[0x0] (../src/sgwc/sxa-handler.c:276)
09/14 18:01:58.047: [sgwc] INFO:     SGW_S5U_TEID[2880] PGW_S5U_TEID[0] (../src/sgwc/sxa-handler.c:287)
09/14 18:01:58.047: [gtp] INFO: gtp_connect() [127.0.0.4]:2123 (../lib/gtp/path.c:60)
09/14 18:01:58.049: [sgwc] INFO: Create Session Response (../src/sgwc/s5c-handler.c:117)
09/14 18:01:58.049: [sgwc] INFO:     MME_S11_TEID[47] SGW_S11_TEID[61] (../src/sgwc/s5c-handler.c:252)
09/14 18:01:58.049: [sgwc] INFO:     SGW_S5C_TEID[0x3b] PGW_S5C_TEID[0x0] (../src/sgwc/s5c-handler.c:254)
09/14 18:01:58.049: [sgwc] INFO:     SGW_S5U_TEID[1293] PGW_S5U_TEID[0] (../src/sgwc/s5c-handler.c:294)
09/14 18:01:58.049: [sgwc] INFO:     sess_id=1 xact=0x7fa92ab38010 (../src/sgwc/s5c-handler.c:350)
09/14 18:01:58.049: [sgwc] INFO: PFCP Session Modification from session: sess_id=1 gtp_xact_id=1 flags=0x60004 (../src/sgwc/pfcp-path.c:414)
09/14 18:01:58.049: [sgwc] INFO: PFCP Session Modification xact: sess_id=1 xact=0x7fa92aaf5640 local_seid=0x3b bearer_to_modify_count=1 (../src/sgwc/pfcp-path.c:297)
09/14 18:01:58.049: [sgwc] INFO: Session Modification Request (../src/sgwc/sxa-build.c:149)
09/14 18:01:58.049: [sgwc] INFO: PFCP Session Modification build start: sess_id=1 xact=0x7fa92aaf5640 flags=0x60005 bearer_to_modify_count=1 (../src/sgwc/sxa-build.c:155)
09/14 18:01:58.049: [sgwc] INFO: Session Modification Response (../src/sgwc/sxa-handler.c:488)
09/14 18:01:58.318: [sgwc] INFO: Modify Bearer Request (../src/sgwc/s11-handler.c:478)
09/14 18:01:58.318: [sgwc] INFO:     sess_id=1 current_xact=0x7fa92aaf5748 flags=0x60003, bearer[EBI=5] (../src/sgwc/s11-handler.c:613)
09/14 18:01:58.318: [sgwc] INFO:     MME_S11_TEID[47] SGW_S11_TEID[61] (../src/sgwc/s11-handler.c:646)
09/14 18:01:58.318: [sgwc] INFO:     ENB_S1U_TEID[1] SGW_S1U_TEID[2880] (../src/sgwc/s11-handler.c:648)
09/14 18:01:58.318: [sgwc] INFO:     sess_id=1 xact=0x7fa92aaf5748 flags=0x60003 (../src/sgwc/s11-handler.c:662)
09/14 18:01:58.318: [sgwc] INFO: PFCP Session Modification xact: sess_id=1 xact=0x7fa92aaf5748 local_seid=0x3b bearer_to_modify_count=1 (../src/sgwc/pfcp-path.c:297)
09/14 18:01:58.318: [sgwc] INFO: Session Modification Request (../src/sgwc/sxa-build.c:149)
09/14 18:01:58.318: [sgwc] INFO: PFCP Session Modification build start: sess_id=1 xact=0x7fa92aaf5748 flags=0x60003 bearer_to_modify_count=1 (../src/sgwc/sxa-build.c:155)
09/14 18:01:58.318: [sgwc] INFO: Session Modification Response (../src/sgwc/sxa-handler.c:488)
09/14 18:02:32.132: [sgwc] INFO: Release Access Bearers Request (../src/sgwc/s11-handler.c:1488)
09/14 18:02:32.132: [sgwc] INFO:     MME_S11_TEID[47] SGW_S11_TEID[61] (../src/sgwc/s11-handler.c:1512)
09/14 18:02:32.132: [sgwc] INFO:     sess_id=1 xact=0x7fa92ab382f8 (../src/sgwc/s11-handler.c:1529)
09/14 18:02:32.132: [sgwc] INFO: PFCP Session Modification from session: sess_id=1 gtp_xact_id=4 flags=0x100002 (../src/sgwc/pfcp-path.c:414)
09/14 18:02:32.132: [sgwc] INFO: PFCP Session Modification xact: sess_id=1 xact=0x7fa92aaf5e80 local_seid=0x3b bearer_to_modify_count=1 (../src/sgwc/pfcp-path.c:297)
09/14 18:02:32.132: [sgwc] INFO: Session Modification Request (../src/sgwc/sxa-build.c:149)
09/14 18:02:32.132: [sgwc] INFO: PFCP Session Modification build start: sess_id=1 xact=0x7fa92aaf5e80 flags=0x100003 bearer_to_modify_count=1 (../src/sgwc/sxa-build.c:155)
09/14 18:02:32.132: [sgwc] INFO: Session Modification Response (../src/sgwc/sxa-handler.c:488)
09/14 18:10:03.609: [app] INFO: SIGTERM received (../src/main.c:54)
09/14 18:10:03.609: [app] INFO: Open5GS daemon terminating... (../src/main.c:231)
09/14 18:10:03.611: [sgwc] INFO: PFCP de-associated [127.0.0.6]:8805 (../src/sgwc/pfcp-sm.c:181)
09/14 18:10:03.611: [sgwc] INFO: [Removed] Number of SGWC-Sessions is now 0 (../src/sgwc/context.c:958)
09/14 18:10:03.611: [sgwc] INFO: [Removed] Number of SGWC-UEs is now 0 (../src/sgwc/context.c:268)
09/14 18:10:03.611: [app] INFO: SGW-C terminate...done (../src/sgwc/app.c:39)
Open5GS daemon v2.8.0

09/14 18:10:15.417: [app] INFO: Configuration: '/home/co1750/tc005-o5g/etc/sgwc.yaml' (../lib/app/ogs-init.c:144)
09/14 18:10:15.417: [app] INFO: File Logging: '/home/co1750/tc005-o5g/log/sgwc.log' (../lib/app/ogs-init.c:147)
09/14 18:10:15.417: [app] INFO: LOG-LEVEL: 'info' (../lib/app/ogs-init.c:150)
09/14 18:10:15.421: [gtp] INFO: gtp_server() [127.0.0.3]:2123 (../lib/gtp/path.c:30)
09/14 18:10:15.421: [pfcp] INFO: pfcp_server() [127.0.0.3]:8805 (../lib/pfcp/path.c:30)
09/14 18:10:15.421: [app] INFO: SGW-C initialize...done (../src/sgwc/app.c:31)
09/14 18:10:17.923: [sgwc] INFO: PFCP associated [127.0.0.6]:8805 (../src/sgwc/pfcp-sm.c:167)
09/14 18:10:31.260: [sgwc] INFO: [Added] Number of SGWC-UEs is now 1 (../src/sgwc/context.c:246)
09/14 18:10:31.260: [sgwc] INFO: Create Session Request (../src/sgwc/s11-handler.c:191)
09/14 18:10:31.260: [sgwc] INFO: [Added] Number of SGWC-Sessions is now 1 (../src/sgwc/context.c:952)
09/14 18:10:31.260: [sgwc] INFO: UE IMSI[001010123456780] APN[internet] (../src/sgwc/s11-handler.c:260)
09/14 18:10:31.260: [sgwc] INFO:     TAI[PLMN_ID:00f110,TAC:1] (../src/sgwc/s11-handler.c:273)
09/14 18:10:31.260: [sgwc] INFO:     E_CGI[PLMN_ID:00f110,CELL_ID:0x19b01] (../src/sgwc/s11-handler.c:276)
09/14 18:10:31.260: [sgwc] INFO:     MME_S11_TEID[32] SGW_S11_TEID[51] (../src/sgwc/s11-handler.c:429)
09/14 18:10:31.260: [sgwc] INFO: Session Establishment Request (../src/sgwc/sxa-build.c:39)
09/14 18:10:31.260: [sgwc] INFO: Session Establishment Response (../src/sgwc/sxa-handler.c:173)
09/14 18:10:31.260: [sgwc] INFO:     SGW_S5C_TEID[0xbd] PGW_S5C_TEID[0x0] (../src/sgwc/sxa-handler.c:276)
09/14 18:10:31.260: [sgwc] INFO:     SGW_S5U_TEID[1071] PGW_S5U_TEID[0] (../src/sgwc/sxa-handler.c:287)
09/14 18:10:31.260: [gtp] INFO: gtp_connect() [127.0.0.4]:2123 (../lib/gtp/path.c:60)
09/14 18:10:31.263: [sgwc] INFO: Create Session Response (../src/sgwc/s5c-handler.c:117)
09/14 18:10:31.263: [sgwc] INFO:     MME_S11_TEID[32] SGW_S11_TEID[51] (../src/sgwc/s5c-handler.c:252)
09/14 18:10:31.263: [sgwc] INFO:     SGW_S5C_TEID[0xbd] PGW_S5C_TEID[0x0] (../src/sgwc/s5c-handler.c:254)
09/14 18:10:31.263: [sgwc] INFO:     SGW_S5U_TEID[3354] PGW_S5U_TEID[0] (../src/sgwc/s5c-handler.c:294)
09/14 18:10:31.263: [sgwc] INFO:     sess_id=1 xact=0x7ff9be12c010 (../src/sgwc/s5c-handler.c:350)
09/14 18:10:31.263: [sgwc] INFO: PFCP Session Modification from session: sess_id=1 gtp_xact_id=1 flags=0x60004 (../src/sgwc/pfcp-path.c:414)
09/14 18:10:31.263: [sgwc] INFO: PFCP Session Modification xact: sess_id=1 xact=0x7ff9be0e9640 local_seid=0xbd bearer_to_modify_count=1 (../src/sgwc/pfcp-path.c:297)
09/14 18:10:31.263: [sgwc] INFO: Session Modification Request (../src/sgwc/sxa-build.c:149)
09/14 18:10:31.263: [sgwc] INFO: PFCP Session Modification build start: sess_id=1 xact=0x7ff9be0e9640 flags=0x60005 bearer_to_modify_count=1 (../src/sgwc/sxa-build.c:155)
09/14 18:10:31.263: [sgwc] INFO: Session Modification Response (../src/sgwc/sxa-handler.c:488)
09/14 18:10:31.530: [sgwc] INFO: Modify Bearer Request (../src/sgwc/s11-handler.c:478)
09/14 18:10:31.530: [sgwc] INFO:     sess_id=1 current_xact=0x7ff9be0e9748 flags=0x60003, bearer[EBI=5] (../src/sgwc/s11-handler.c:613)
09/14 18:10:31.530: [sgwc] INFO:     MME_S11_TEID[32] SGW_S11_TEID[51] (../src/sgwc/s11-handler.c:646)
09/14 18:10:31.530: [sgwc] INFO:     ENB_S1U_TEID[1] SGW_S1U_TEID[1071] (../src/sgwc/s11-handler.c:648)
09/14 18:10:31.530: [sgwc] INFO:     sess_id=1 xact=0x7ff9be0e9748 flags=0x60003 (../src/sgwc/s11-handler.c:662)
09/14 18:10:31.530: [sgwc] INFO: PFCP Session Modification xact: sess_id=1 xact=0x7ff9be0e9748 local_seid=0xbd bearer_to_modify_count=1 (../src/sgwc/pfcp-path.c:297)
09/14 18:10:31.530: [sgwc] INFO: Session Modification Request (../src/sgwc/sxa-build.c:149)
09/14 18:10:31.530: [sgwc] INFO: PFCP Session Modification build start: sess_id=1 xact=0x7ff9be0e9748 flags=0x60003 bearer_to_modify_count=1 (../src/sgwc/sxa-build.c:155)
09/14 18:10:31.530: [sgwc] INFO: Session Modification Response (../src/sgwc/sxa-handler.c:488)
09/14 18:15:48.642: [app] INFO: SIGTERM received (../src/main.c:54)
09/14 18:15:48.642: [app] INFO: Open5GS daemon terminating... (../src/main.c:231)
09/14 18:15:48.643: [sgwc] INFO: PFCP de-associated [127.0.0.6]:8805 (../src/sgwc/pfcp-sm.c:181)
09/14 18:15:48.643: [sgwc] INFO: [Removed] Number of SGWC-Sessions is now 0 (../src/sgwc/context.c:958)
09/14 18:15:48.643: [sgwc] INFO: [Removed] Number of SGWC-UEs is now 0 (../src/sgwc/context.c:268)
09/14 18:15:48.643: [app] INFO: SGW-C terminate...done (../src/sgwc/app.c:39)
Open5GS daemon v2.8.0

09/14 18:16:23.242: [app] INFO: Configuration: '/home/co1750/tc005-o5g/etc/sgwc.yaml' (../lib/app/ogs-init.c:144)
09/14 18:16:23.242: [app] INFO: File Logging: '/home/co1750/tc005-o5g/log/sgwc.log' (../lib/app/ogs-init.c:147)
09/14 18:16:23.242: [app] INFO: LOG-LEVEL: 'info' (../lib/app/ogs-init.c:150)
09/14 18:16:23.246: [gtp] INFO: gtp_server() [127.0.0.3]:2123 (../lib/gtp/path.c:30)
09/14 18:16:23.246: [pfcp] INFO: pfcp_server() [127.0.0.3]:8805 (../lib/pfcp/path.c:30)
09/14 18:16:23.246: [app] INFO: SGW-C initialize...done (../src/sgwc/app.c:31)
09/14 18:16:25.749: [sgwc] INFO: PFCP associated [127.0.0.6]:8805 (../src/sgwc/pfcp-sm.c:167)
09/14 18:16:39.094: [sgwc] INFO: [Added] Number of SGWC-UEs is now 1 (../src/sgwc/context.c:246)
09/14 18:16:39.094: [sgwc] INFO: Create Session Request (../src/sgwc/s11-handler.c:191)
09/14 18:16:39.094: [sgwc] INFO: [Added] Number of SGWC-Sessions is now 1 (../src/sgwc/context.c:952)
09/14 18:16:39.094: [sgwc] INFO: UE IMSI[001010123456780] APN[internet] (../src/sgwc/s11-handler.c:260)
09/14 18:16:39.094: [sgwc] INFO:     TAI[PLMN_ID:00f110,TAC:1] (../src/sgwc/s11-handler.c:273)
09/14 18:16:39.094: [sgwc] INFO:     E_CGI[PLMN_ID:00f110,CELL_ID:0x19b01] (../src/sgwc/s11-handler.c:276)
09/14 18:16:39.094: [sgwc] INFO:     MME_S11_TEID[46] SGW_S11_TEID[38] (../src/sgwc/s11-handler.c:429)
09/14 18:16:39.094: [sgwc] INFO: Session Establishment Request (../src/sgwc/sxa-build.c:39)
09/14 18:16:39.094: [sgwc] INFO: Session Establishment Response (../src/sgwc/sxa-handler.c:173)
09/14 18:16:39.094: [sgwc] INFO:     SGW_S5C_TEID[0xa6] PGW_S5C_TEID[0x0] (../src/sgwc/sxa-handler.c:276)
09/14 18:16:39.094: [sgwc] INFO:     SGW_S5U_TEID[1374] PGW_S5U_TEID[0] (../src/sgwc/sxa-handler.c:287)
09/14 18:16:39.094: [gtp] INFO: gtp_connect() [127.0.0.4]:2123 (../lib/gtp/path.c:60)
09/14 18:16:39.097: [sgwc] INFO: Create Session Response (../src/sgwc/s5c-handler.c:117)
09/14 18:16:39.097: [sgwc] INFO:     MME_S11_TEID[46] SGW_S11_TEID[38] (../src/sgwc/s5c-handler.c:252)
09/14 18:16:39.097: [sgwc] INFO:     SGW_S5C_TEID[0xa6] PGW_S5C_TEID[0x0] (../src/sgwc/s5c-handler.c:254)
09/14 18:16:39.097: [sgwc] INFO:     SGW_S5U_TEID[3632] PGW_S5U_TEID[0] (../src/sgwc/s5c-handler.c:294)
09/14 18:16:39.097: [sgwc] INFO:     sess_id=1 xact=0x7f8d92cd1010 (../src/sgwc/s5c-handler.c:350)
09/14 18:16:39.097: [sgwc] INFO: PFCP Session Modification from session: sess_id=1 gtp_xact_id=1 flags=0x60004 (../src/sgwc/pfcp-path.c:414)
09/14 18:16:39.097: [sgwc] INFO: PFCP Session Modification xact: sess_id=1 xact=0x7f8d92c8e640 local_seid=0xa6 bearer_to_modify_count=1 (../src/sgwc/pfcp-path.c:297)
09/14 18:16:39.097: [sgwc] INFO: Session Modification Request (../src/sgwc/sxa-build.c:149)
09/14 18:16:39.097: [sgwc] INFO: PFCP Session Modification build start: sess_id=1 xact=0x7f8d92c8e640 flags=0x60005 bearer_to_modify_count=1 (../src/sgwc/sxa-build.c:155)
09/14 18:16:39.097: [sgwc] INFO: Session Modification Response (../src/sgwc/sxa-handler.c:488)
09/14 18:16:39.358: [sgwc] INFO: Modify Bearer Request (../src/sgwc/s11-handler.c:478)
09/14 18:16:39.358: [sgwc] INFO:     sess_id=1 current_xact=0x7f8d92c8e748 flags=0x60003, bearer[EBI=5] (../src/sgwc/s11-handler.c:613)
09/14 18:16:39.358: [sgwc] INFO:     MME_S11_TEID[46] SGW_S11_TEID[38] (../src/sgwc/s11-handler.c:646)
09/14 18:16:39.358: [sgwc] INFO:     ENB_S1U_TEID[1] SGW_S1U_TEID[1374] (../src/sgwc/s11-handler.c:648)
09/14 18:16:39.358: [sgwc] INFO:     sess_id=1 xact=0x7f8d92c8e748 flags=0x60003 (../src/sgwc/s11-handler.c:662)
09/14 18:16:39.358: [sgwc] INFO: PFCP Session Modification xact: sess_id=1 xact=0x7f8d92c8e748 local_seid=0xa6 bearer_to_modify_count=1 (../src/sgwc/pfcp-path.c:297)
09/14 18:16:39.358: [sgwc] INFO: Session Modification Request (../src/sgwc/sxa-build.c:149)
09/14 18:16:39.358: [sgwc] INFO: PFCP Session Modification build start: sess_id=1 xact=0x7f8d92c8e748 flags=0x60003 bearer_to_modify_count=1 (../src/sgwc/sxa-build.c:155)
09/14 18:16:39.358: [sgwc] INFO: Session Modification Response (../src/sgwc/sxa-handler.c:488)
09/14 18:16:39.383: [sgwc] INFO: Create Session Request (../src/sgwc/s11-handler.c:191)
09/14 18:16:39.383: [sgwc] INFO: [Added] Number of SGWC-Sessions is now 2 (../src/sgwc/context.c:952)
09/14 18:16:39.383: [sgwc] INFO: UE IMSI[001010123456780] APN[ims] (../src/sgwc/s11-handler.c:260)
09/14 18:16:39.383: [sgwc] INFO:     TAI[PLMN_ID:00f110,TAC:1] (../src/sgwc/s11-handler.c:273)
09/14 18:16:39.383: [sgwc] INFO:     E_CGI[PLMN_ID:00f110,CELL_ID:0x19b01] (../src/sgwc/s11-handler.c:276)
09/14 18:16:39.383: [sgwc] INFO:     MME_S11_TEID[46] SGW_S11_TEID[38] (../src/sgwc/s11-handler.c:429)
09/14 18:16:39.383: [sgwc] INFO: Session Establishment Request (../src/sgwc/sxa-build.c:39)
09/14 18:16:39.384: [sgwc] INFO: Session Establishment Response (../src/sgwc/sxa-handler.c:173)
09/14 18:16:39.384: [sgwc] INFO:     SGW_S5C_TEID[0xae] PGW_S5C_TEID[0x0] (../src/sgwc/sxa-handler.c:276)
09/14 18:16:39.384: [sgwc] INFO:     SGW_S5U_TEID[3581] PGW_S5U_TEID[0] (../src/sgwc/sxa-handler.c:287)
09/14 18:16:39.386: [sgwc] INFO: Create Session Response (../src/sgwc/s5c-handler.c:117)
09/14 18:16:39.386: [sgwc] INFO:     MME_S11_TEID[46] SGW_S11_TEID[38] (../src/sgwc/s5c-handler.c:252)
09/14 18:16:39.386: [sgwc] INFO:     SGW_S5C_TEID[0xae] PGW_S5C_TEID[0x0] (../src/sgwc/s5c-handler.c:254)
09/14 18:16:39.386: [sgwc] INFO:     SGW_S5U_TEID[388] PGW_S5U_TEID[0] (../src/sgwc/s5c-handler.c:294)
09/14 18:16:39.386: [sgwc] INFO:     sess_id=2 xact=0x7f8d92cd12f8 (../src/sgwc/s5c-handler.c:350)
09/14 18:16:39.386: [sgwc] INFO: PFCP Session Modification from session: sess_id=2 gtp_xact_id=4 flags=0x60004 (../src/sgwc/pfcp-path.c:414)
09/14 18:16:39.386: [sgwc] INFO: PFCP Session Modification xact: sess_id=2 xact=0x7f8d92c8e958 local_seid=0xae bearer_to_modify_count=1 (../src/sgwc/pfcp-path.c:297)
09/14 18:16:39.386: [sgwc] INFO: Session Modification Request (../src/sgwc/sxa-build.c:149)
09/14 18:16:39.386: [sgwc] INFO: PFCP Session Modification build start: sess_id=2 xact=0x7f8d92c8e958 flags=0x60005 bearer_to_modify_count=1 (../src/sgwc/sxa-build.c:155)
09/14 18:16:39.386: [sgwc] INFO: Session Modification Response (../src/sgwc/sxa-handler.c:488)
09/14 18:16:39.387: [sgwc] INFO: Create Bearer Request (../src/sgwc/s5c-handler.c:647)
09/14 18:16:39.387: [sgwc] INFO:     MME_S11_TEID[46] SGW_S11_TEID[38] (../src/sgwc/s5c-handler.c:717)
09/14 18:16:39.387: [sgwc] INFO:     SGW_S5C_TEID[0xae] PGW_S5C_TEID[0x2c] (../src/sgwc/s5c-handler.c:719)
09/14 18:16:39.387: [sgwc] INFO:     SGW_S5U_TEID[0] PGW_S5U_TEID[620] (../src/sgwc/s5c-handler.c:721)
09/14 18:16:39.387: [sgwc] INFO:     bearer[EBI=0] xact=0x7f8d92cd14e8 (../src/sgwc/s5c-handler.c:749)
09/14 18:16:39.387: [sgwc] INFO: PFCP Session Modification from bearer: bearer_id=3 sess_id=2 gtp_xact_id=6 flags=0x44 (../src/sgwc/pfcp-path.c:455)
09/14 18:16:39.387: [sgwc] INFO: Session Modification Request (../src/sgwc/sxa-build.c:149)
09/14 18:16:39.387: [sgwc] INFO: PFCP Session Modification build start: sess_id=2 xact=0x7f8d92c8ea60 flags=0x44 bearer_to_modify_count=1 (../src/sgwc/sxa-build.c:155)
09/14 18:16:39.387: [sgwc] INFO: Session Modification Response (../src/sgwc/sxa-handler.c:488)
09/14 18:16:41.887: [gtp] WARNING: [1] REMOTE Request Duplicated. Discard! for step 1 type 95 peer [127.0.0.4]:2123 (../lib/gtp/xact.c:623)
09/14 18:16:44.390: [gtp] WARNING: [1] REMOTE Request Duplicated. Discard! for step 1 type 95 peer [127.0.0.4]:2123 (../lib/gtp/xact.c:623)
09/14 18:16:46.890: [gtp] WARNING: [3] LOCAL  No Reponse. Give up! for step 1 type 95 peer [127.0.0.2]:2123 (../lib/gtp/xact.c:836)
09/14 18:16:46.890: [sgwc] ERROR: [001010123456780] No Create Bearer Response (../src/sgwc/sxa-handler.c:129)
09/14 18:16:46.890: [sgwc] INFO:     bearer[EBI=0] (../src/sgwc/sxa-handler.c:130)
09/14 18:16:46.890: [sgwc] INFO: PFCP Session Modification from bearer: bearer_id=3 sess_id=2 gtp_xact_id=0 flags=0x84 (../src/sgwc/pfcp-path.c:455)
09/14 18:16:46.890: [sgwc] INFO: Session Modification Request (../src/sgwc/sxa-build.c:149)
09/14 18:16:46.890: [sgwc] INFO: PFCP Session Modification build start: sess_id=2 xact=0x7f8d92c8eb68 flags=0x84 bearer_to_modify_count=1 (../src/sgwc/sxa-build.c:155)
09/14 18:16:46.890: [sgwc] INFO: Session Modification Response (../src/sgwc/sxa-handler.c:488)
09/14 18:17:13.396: [sgwc] INFO: Release Access Bearers Request (../src/sgwc/s11-handler.c:1488)
09/14 18:17:13.396: [sgwc] INFO:     MME_S11_TEID[46] SGW_S11_TEID[38] (../src/sgwc/s11-handler.c:1512)
09/14 18:17:13.396: [sgwc] INFO:     sess_id=1 xact=0x7f8d92cd16d8 (../src/sgwc/s11-handler.c:1529)
09/14 18:17:13.396: [sgwc] INFO: PFCP Session Modification from session: sess_id=1 gtp_xact_id=8 flags=0x100002 (../src/sgwc/pfcp-path.c:414)
09/14 18:17:13.396: [sgwc] INFO: PFCP Session Modification xact: sess_id=1 xact=0x7f8d92c8f2a0 local_seid=0xa6 bearer_to_modify_count=1 (../src/sgwc/pfcp-path.c:297)
09/14 18:17:13.396: [sgwc] INFO: Session Modification Request (../src/sgwc/sxa-build.c:149)
09/14 18:17:13.396: [sgwc] INFO: PFCP Session Modification build start: sess_id=1 xact=0x7f8d92c8f2a0 flags=0x100003 bearer_to_modify_count=1 (../src/sgwc/sxa-build.c:155)
09/14 18:17:13.396: [sgwc] INFO:     sess_id=2 xact=0x7f8d92cd16d8 (../src/sgwc/s11-handler.c:1529)
09/14 18:17:13.396: [sgwc] INFO: PFCP Session Modification from session: sess_id=2 gtp_xact_id=8 flags=0x100002 (../src/sgwc/pfcp-path.c:414)
09/14 18:17:13.396: [sgwc] INFO: PFCP Session Modification xact: sess_id=2 xact=0x7f8d92c8f3a8 local_seid=0xae bearer_to_modify_count=1 (../src/sgwc/pfcp-path.c:297)
09/14 18:17:13.396: [sgwc] INFO: Session Modification Request (../src/sgwc/sxa-build.c:149)
09/14 18:17:13.396: [sgwc] INFO: PFCP Session Modification build start: sess_id=2 xact=0x7f8d92c8f3a8 flags=0x100003 bearer_to_modify_count=1 (../src/sgwc/sxa-build.c:155)
09/14 18:17:13.396: [sgwc] INFO: Session Modification Response (../src/sgwc/sxa-handler.c:488)
09/14 18:17:13.396: [sgwc] INFO: Session Modification Response (../src/sgwc/sxa-handler.c:488)
09/14 18:26:36.620: [app] INFO: SIGTERM received (../src/main.c:54)
09/14 18:26:36.620: [app] INFO: Open5GS daemon terminating... (../src/main.c:231)
09/14 18:26:36.622: [sgwc] INFO: PFCP de-associated [127.0.0.6]:8805 (../src/sgwc/pfcp-sm.c:181)
09/14 18:26:36.622: [sgwc] INFO: [Removed] Number of SGWC-Sessions is now 1 (../src/sgwc/context.c:958)
09/14 18:26:36.622: [sgwc] INFO: [Removed] Number of SGWC-Sessions is now 0 (../src/sgwc/context.c:958)
09/14 18:26:36.622: [sgwc] INFO: [Removed] Number of SGWC-UEs is now 0 (../src/sgwc/context.c:268)
09/14 18:26:36.622: [app] INFO: SGW-C terminate...done (../src/sgwc/app.c:39)
Open5GS daemon v2.8.0

09/14 18:26:48.627: [app] INFO: Configuration: '/home/co1750/tc005-o5g/etc/sgwc.yaml' (../lib/app/ogs-init.c:144)
09/14 18:26:48.627: [app] INFO: File Logging: '/home/co1750/tc005-o5g/log/sgwc.log' (../lib/app/ogs-init.c:147)
09/14 18:26:48.627: [app] INFO: LOG-LEVEL: 'info' (../lib/app/ogs-init.c:150)
09/14 18:26:48.630: [gtp] INFO: gtp_server() [127.0.0.3]:2123 (../lib/gtp/path.c:30)
09/14 18:26:48.631: [pfcp] INFO: pfcp_server() [127.0.0.3]:8805 (../lib/pfcp/path.c:30)
09/14 18:26:48.631: [app] INFO: SGW-C initialize...done (../src/sgwc/app.c:31)
09/14 18:26:51.134: [sgwc] INFO: PFCP associated [127.0.0.6]:8805 (../src/sgwc/pfcp-sm.c:167)
09/14 18:27:04.416: [sgwc] INFO: [Added] Number of SGWC-UEs is now 1 (../src/sgwc/context.c:246)
09/14 18:27:04.416: [sgwc] INFO: Create Session Request (../src/sgwc/s11-handler.c:191)
09/14 18:27:04.416: [sgwc] INFO: [Added] Number of SGWC-Sessions is now 1 (../src/sgwc/context.c:952)
09/14 18:27:04.416: [sgwc] INFO: UE IMSI[001010123456780] APN[internet] (../src/sgwc/s11-handler.c:260)
09/14 18:27:04.416: [sgwc] INFO:     TAI[PLMN_ID:00f110,TAC:1] (../src/sgwc/s11-handler.c:273)
09/14 18:27:04.416: [sgwc] INFO:     E_CGI[PLMN_ID:00f110,CELL_ID:0x19b01] (../src/sgwc/s11-handler.c:276)
09/14 18:27:04.416: [sgwc] INFO:     MME_S11_TEID[44] SGW_S11_TEID[13] (../src/sgwc/s11-handler.c:429)
09/14 18:27:04.416: [sgwc] INFO: Session Establishment Request (../src/sgwc/sxa-build.c:39)
09/14 18:27:04.416: [sgwc] INFO: Session Establishment Response (../src/sgwc/sxa-handler.c:173)
09/14 18:27:04.416: [sgwc] INFO:     SGW_S5C_TEID[0x4c] PGW_S5C_TEID[0x0] (../src/sgwc/sxa-handler.c:276)
09/14 18:27:04.416: [sgwc] INFO:     SGW_S5U_TEID[728] PGW_S5U_TEID[0] (../src/sgwc/sxa-handler.c:287)
09/14 18:27:04.416: [gtp] INFO: gtp_connect() [127.0.0.4]:2123 (../lib/gtp/path.c:60)
09/14 18:27:04.418: [sgwc] INFO: Create Session Response (../src/sgwc/s5c-handler.c:117)
09/14 18:27:04.418: [sgwc] INFO:     MME_S11_TEID[44] SGW_S11_TEID[13] (../src/sgwc/s5c-handler.c:252)
09/14 18:27:04.418: [sgwc] INFO:     SGW_S5C_TEID[0x4c] PGW_S5C_TEID[0x0] (../src/sgwc/s5c-handler.c:254)
09/14 18:27:04.418: [sgwc] INFO:     SGW_S5U_TEID[2479] PGW_S5U_TEID[0] (../src/sgwc/s5c-handler.c:294)
09/14 18:27:04.418: [sgwc] INFO:     sess_id=1 xact=0x7f037e9f5010 (../src/sgwc/s5c-handler.c:350)
09/14 18:27:04.418: [sgwc] INFO: PFCP Session Modification from session: sess_id=1 gtp_xact_id=1 flags=0x60004 (../src/sgwc/pfcp-path.c:414)
09/14 18:27:04.418: [sgwc] INFO: PFCP Session Modification xact: sess_id=1 xact=0x7f037e9b2640 local_seid=0x4c bearer_to_modify_count=1 (../src/sgwc/pfcp-path.c:297)
09/14 18:27:04.418: [sgwc] INFO: Session Modification Request (../src/sgwc/sxa-build.c:149)
09/14 18:27:04.418: [sgwc] INFO: PFCP Session Modification build start: sess_id=1 xact=0x7f037e9b2640 flags=0x60005 bearer_to_modify_count=1 (../src/sgwc/sxa-build.c:155)
09/14 18:27:04.418: [sgwc] INFO: Session Modification Response (../src/sgwc/sxa-handler.c:488)
09/14 18:27:04.686: [sgwc] INFO: Modify Bearer Request (../src/sgwc/s11-handler.c:478)
09/14 18:27:04.686: [sgwc] INFO:     sess_id=1 current_xact=0x7f037e9b2748 flags=0x60003, bearer[EBI=5] (../src/sgwc/s11-handler.c:613)
09/14 18:27:04.686: [sgwc] INFO:     MME_S11_TEID[44] SGW_S11_TEID[13] (../src/sgwc/s11-handler.c:646)
09/14 18:27:04.686: [sgwc] INFO:     ENB_S1U_TEID[1] SGW_S1U_TEID[728] (../src/sgwc/s11-handler.c:648)
09/14 18:27:04.686: [sgwc] INFO:     sess_id=1 xact=0x7f037e9b2748 flags=0x60003 (../src/sgwc/s11-handler.c:662)
09/14 18:27:04.686: [sgwc] INFO: PFCP Session Modification xact: sess_id=1 xact=0x7f037e9b2748 local_seid=0x4c bearer_to_modify_count=1 (../src/sgwc/pfcp-path.c:297)
09/14 18:27:04.686: [sgwc] INFO: Session Modification Request (../src/sgwc/sxa-build.c:149)
09/14 18:27:04.686: [sgwc] INFO: PFCP Session Modification build start: sess_id=1 xact=0x7f037e9b2748 flags=0x60003 bearer_to_modify_count=1 (../src/sgwc/sxa-build.c:155)
09/14 18:27:04.686: [sgwc] INFO: Session Modification Response (../src/sgwc/sxa-handler.c:488)
09/14 18:27:04.729: [sgwc] INFO: Create Session Request (../src/sgwc/s11-handler.c:191)
09/14 18:27:04.729: [sgwc] INFO: [Added] Number of SGWC-Sessions is now 2 (../src/sgwc/context.c:952)
09/14 18:27:04.729: [sgwc] INFO: UE IMSI[001010123456780] APN[ims] (../src/sgwc/s11-handler.c:260)
09/14 18:27:04.729: [sgwc] INFO:     TAI[PLMN_ID:00f110,TAC:1] (../src/sgwc/s11-handler.c:273)
09/14 18:27:04.729: [sgwc] INFO:     E_CGI[PLMN_ID:00f110,CELL_ID:0x19b01] (../src/sgwc/s11-handler.c:276)
09/14 18:27:04.729: [sgwc] INFO:     MME_S11_TEID[44] SGW_S11_TEID[13] (../src/sgwc/s11-handler.c:429)
09/14 18:27:04.729: [sgwc] INFO: Session Establishment Request (../src/sgwc/sxa-build.c:39)
09/14 18:27:04.729: [sgwc] INFO: Session Establishment Response (../src/sgwc/sxa-handler.c:173)
09/14 18:27:04.729: [sgwc] INFO:     SGW_S5C_TEID[0x42] PGW_S5C_TEID[0x0] (../src/sgwc/sxa-handler.c:276)
09/14 18:27:04.729: [sgwc] INFO:     SGW_S5U_TEID[2477] PGW_S5U_TEID[0] (../src/sgwc/sxa-handler.c:287)
09/14 18:27:04.731: [sgwc] INFO: Create Session Response (../src/sgwc/s5c-handler.c:117)
09/14 18:27:04.731: [sgwc] INFO:     MME_S11_TEID[44] SGW_S11_TEID[13] (../src/sgwc/s5c-handler.c:252)
09/14 18:27:04.731: [sgwc] INFO:     SGW_S5C_TEID[0x42] PGW_S5C_TEID[0x0] (../src/sgwc/s5c-handler.c:254)
09/14 18:27:04.731: [sgwc] INFO:     SGW_S5U_TEID[584] PGW_S5U_TEID[0] (../src/sgwc/s5c-handler.c:294)
09/14 18:27:04.731: [sgwc] INFO:     sess_id=2 xact=0x7f037e9f52f8 (../src/sgwc/s5c-handler.c:350)
09/14 18:27:04.731: [sgwc] INFO: PFCP Session Modification from session: sess_id=2 gtp_xact_id=4 flags=0x60004 (../src/sgwc/pfcp-path.c:414)
09/14 18:27:04.731: [sgwc] INFO: PFCP Session Modification xact: sess_id=2 xact=0x7f037e9b2958 local_seid=0x42 bearer_to_modify_count=1 (../src/sgwc/pfcp-path.c:297)
09/14 18:27:04.731: [sgwc] INFO: Session Modification Request (../src/sgwc/sxa-build.c:149)
09/14 18:27:04.731: [sgwc] INFO: PFCP Session Modification build start: sess_id=2 xact=0x7f037e9b2958 flags=0x60005 bearer_to_modify_count=1 (../src/sgwc/sxa-build.c:155)
09/14 18:27:04.731: [sgwc] INFO: Session Modification Response (../src/sgwc/sxa-handler.c:488)
09/14 18:27:04.732: [sgwc] INFO: Create Bearer Request (../src/sgwc/s5c-handler.c:647)
09/14 18:27:04.732: [sgwc] INFO:     MME_S11_TEID[44] SGW_S11_TEID[13] (../src/sgwc/s5c-handler.c:717)
09/14 18:27:04.732: [sgwc] INFO:     SGW_S5C_TEID[0x42] PGW_S5C_TEID[0x7e] (../src/sgwc/s5c-handler.c:719)
09/14 18:27:04.732: [sgwc] INFO:     SGW_S5U_TEID[0] PGW_S5U_TEID[380] (../src/sgwc/s5c-handler.c:721)
09/14 18:27:04.732: [sgwc] INFO:     bearer[EBI=0] xact=0x7f037e9f54e8 (../src/sgwc/s5c-handler.c:749)
09/14 18:27:04.732: [sgwc] INFO: PFCP Session Modification from bearer: bearer_id=3 sess_id=2 gtp_xact_id=6 flags=0x44 (../src/sgwc/pfcp-path.c:455)
09/14 18:27:04.732: [sgwc] INFO: Session Modification Request (../src/sgwc/sxa-build.c:149)
09/14 18:27:04.732: [sgwc] INFO: PFCP Session Modification build start: sess_id=2 xact=0x7f037e9b2a60 flags=0x44 bearer_to_modify_count=1 (../src/sgwc/sxa-build.c:155)
09/14 18:27:04.732: [sgwc] INFO: Session Modification Response (../src/sgwc/sxa-handler.c:488)
09/14 18:27:07.234: [gtp] WARNING: [1] REMOTE Request Duplicated. Discard! for step 1 type 95 peer [127.0.0.4]:2123 (../lib/gtp/xact.c:623)
09/14 18:27:09.735: [gtp] WARNING: [1] REMOTE Request Duplicated. Discard! for step 1 type 95 peer [127.0.0.4]:2123 (../lib/gtp/xact.c:623)
09/14 18:27:12.234: [gtp] WARNING: [3] LOCAL  No Reponse. Give up! for step 1 type 95 peer [127.0.0.2]:2123 (../lib/gtp/xact.c:836)
09/14 18:27:12.234: [sgwc] ERROR: [001010123456780] No Create Bearer Response (../src/sgwc/sxa-handler.c:129)
09/14 18:27:12.234: [sgwc] INFO:     bearer[EBI=0] (../src/sgwc/sxa-handler.c:130)
09/14 18:27:12.234: [sgwc] INFO: PFCP Session Modification from bearer: bearer_id=3 sess_id=2 gtp_xact_id=0 flags=0x84 (../src/sgwc/pfcp-path.c:455)
09/14 18:27:12.234: [sgwc] INFO: Session Modification Request (../src/sgwc/sxa-build.c:149)
09/14 18:27:12.234: [sgwc] INFO: PFCP Session Modification build start: sess_id=2 xact=0x7f037e9b2b68 flags=0x84 bearer_to_modify_count=1 (../src/sgwc/sxa-build.c:155)
09/14 18:27:12.235: [sgwc] INFO: Session Modification Response (../src/sgwc/sxa-handler.c:488)
09/14 18:27:38.689: [sgwc] INFO: Release Access Bearers Request (../src/sgwc/s11-handler.c:1488)
09/14 18:27:38.689: [sgwc] INFO:     MME_S11_TEID[44] SGW_S11_TEID[13] (../src/sgwc/s11-handler.c:1512)
09/14 18:27:38.689: [sgwc] INFO:     sess_id=1 xact=0x7f037e9f56d8 (../src/sgwc/s11-handler.c:1529)
09/14 18:27:38.689: [sgwc] INFO: PFCP Session Modification from session: sess_id=1 gtp_xact_id=8 flags=0x100002 (../src/sgwc/pfcp-path.c:414)
09/14 18:27:38.689: [sgwc] INFO: PFCP Session Modification xact: sess_id=1 xact=0x7f037e9b32a0 local_seid=0x4c bearer_to_modify_count=1 (../src/sgwc/pfcp-path.c:297)
09/14 18:27:38.689: [sgwc] INFO: Session Modification Request (../src/sgwc/sxa-build.c:149)
09/14 18:27:38.689: [sgwc] INFO: PFCP Session Modification build start: sess_id=1 xact=0x7f037e9b32a0 flags=0x100003 bearer_to_modify_count=1 (../src/sgwc/sxa-build.c:155)
09/14 18:27:38.689: [sgwc] INFO:     sess_id=2 xact=0x7f037e9f56d8 (../src/sgwc/s11-handler.c:1529)
09/14 18:27:38.689: [sgwc] INFO: PFCP Session Modification from session: sess_id=2 gtp_xact_id=8 flags=0x100002 (../src/sgwc/pfcp-path.c:414)
09/14 18:27:38.689: [sgwc] INFO: PFCP Session Modification xact: sess_id=2 xact=0x7f037e9b33a8 local_seid=0x42 bearer_to_modify_count=1 (../src/sgwc/pfcp-path.c:297)
09/14 18:27:38.689: [sgwc] INFO: Session Modification Request (../src/sgwc/sxa-build.c:149)
09/14 18:27:38.689: [sgwc] INFO: PFCP Session Modification build start: sess_id=2 xact=0x7f037e9b33a8 flags=0x100003 bearer_to_modify_count=1 (../src/sgwc/sxa-build.c:155)
09/14 18:27:38.689: [sgwc] INFO: Session Modification Response (../src/sgwc/sxa-handler.c:488)
09/14 18:27:38.689: [sgwc] INFO: Session Modification Response (../src/sgwc/sxa-handler.c:488)
09/14 18:35:41.755: [app] INFO: SIGTERM received (../src/main.c:54)
09/14 18:35:41.755: [app] INFO: Open5GS daemon terminating... (../src/main.c:231)
09/14 18:35:41.756: [sgwc] INFO: PFCP de-associated [127.0.0.6]:8805 (../src/sgwc/pfcp-sm.c:181)
09/14 18:35:41.756: [sgwc] INFO: [Removed] Number of SGWC-Sessions is now 1 (../src/sgwc/context.c:958)
09/14 18:35:41.756: [sgwc] INFO: [Removed] Number of SGWC-Sessions is now 0 (../src/sgwc/context.c:958)
09/14 18:35:41.756: [sgwc] INFO: [Removed] Number of SGWC-UEs is now 0 (../src/sgwc/context.c:268)
09/14 18:35:41.756: [app] INFO: SGW-C terminate...done (../src/sgwc/app.c:39)
Open5GS daemon v2.8.0

09/14 18:38:16.972: [app] INFO: Configuration: '/home/co1750/tc005-o5g/etc/sgwc.yaml' (../lib/app/ogs-init.c:144)
09/14 18:38:16.972: [app] INFO: File Logging: '/home/co1750/tc005-o5g/log/sgwc.log' (../lib/app/ogs-init.c:147)
09/14 18:38:16.972: [app] INFO: LOG-LEVEL: 'info' (../lib/app/ogs-init.c:150)
09/14 18:38:16.976: [gtp] INFO: gtp_server() [127.0.0.3]:2123 (../lib/gtp/path.c:30)
09/14 18:38:16.976: [pfcp] INFO: pfcp_server() [127.0.0.3]:8805 (../lib/pfcp/path.c:30)
09/14 18:38:16.976: [app] INFO: SGW-C initialize...done (../src/sgwc/app.c:31)
09/14 18:38:19.479: [sgwc] INFO: PFCP associated [127.0.0.6]:8805 (../src/sgwc/pfcp-sm.c:167)
09/14 18:38:32.638: [sgwc] INFO: [Added] Number of SGWC-UEs is now 1 (../src/sgwc/context.c:246)
09/14 18:38:32.638: [sgwc] INFO: Create Session Request (../src/sgwc/s11-handler.c:191)
09/14 18:38:32.638: [sgwc] INFO: [Added] Number of SGWC-Sessions is now 1 (../src/sgwc/context.c:952)
09/14 18:38:32.638: [sgwc] INFO: UE IMSI[001010123456780] APN[internet] (../src/sgwc/s11-handler.c:260)
09/14 18:38:32.638: [sgwc] INFO:     TAI[PLMN_ID:00f110,TAC:1] (../src/sgwc/s11-handler.c:273)
09/14 18:38:32.638: [sgwc] INFO:     E_CGI[PLMN_ID:00f110,CELL_ID:0x19b01] (../src/sgwc/s11-handler.c:276)
09/14 18:38:32.638: [sgwc] INFO:     MME_S11_TEID[48] SGW_S11_TEID[8] (../src/sgwc/s11-handler.c:429)
09/14 18:38:32.638: [sgwc] INFO: Session Establishment Request (../src/sgwc/sxa-build.c:39)
09/14 18:38:32.638: [sgwc] INFO: Session Establishment Response (../src/sgwc/sxa-handler.c:173)
09/14 18:38:32.638: [sgwc] INFO:     SGW_S5C_TEID[0x9c] PGW_S5C_TEID[0x0] (../src/sgwc/sxa-handler.c:276)
09/14 18:38:32.638: [sgwc] INFO:     SGW_S5U_TEID[1351] PGW_S5U_TEID[0] (../src/sgwc/sxa-handler.c:287)
09/14 18:38:32.638: [gtp] INFO: gtp_connect() [127.0.0.4]:2123 (../lib/gtp/path.c:60)
09/14 18:38:32.641: [sgwc] INFO: Create Session Response (../src/sgwc/s5c-handler.c:117)
09/14 18:38:32.641: [sgwc] INFO:     MME_S11_TEID[48] SGW_S11_TEID[8] (../src/sgwc/s5c-handler.c:252)
09/14 18:38:32.641: [sgwc] INFO:     SGW_S5C_TEID[0x9c] PGW_S5C_TEID[0x0] (../src/sgwc/s5c-handler.c:254)
09/14 18:38:32.641: [sgwc] INFO:     SGW_S5U_TEID[2335] PGW_S5U_TEID[0] (../src/sgwc/s5c-handler.c:294)
09/14 18:38:32.641: [sgwc] INFO:     sess_id=1 xact=0x7ff4c1d69010 (../src/sgwc/s5c-handler.c:350)
09/14 18:38:32.641: [sgwc] INFO: PFCP Session Modification from session: sess_id=1 gtp_xact_id=1 flags=0x60004 (../src/sgwc/pfcp-path.c:414)
09/14 18:38:32.641: [sgwc] INFO: PFCP Session Modification xact: sess_id=1 xact=0x7ff4c1d26640 local_seid=0x9c bearer_to_modify_count=1 (../src/sgwc/pfcp-path.c:297)
09/14 18:38:32.641: [sgwc] INFO: Session Modification Request (../src/sgwc/sxa-build.c:149)
09/14 18:38:32.641: [sgwc] INFO: PFCP Session Modification build start: sess_id=1 xact=0x7ff4c1d26640 flags=0x60005 bearer_to_modify_count=1 (../src/sgwc/sxa-build.c:155)
09/14 18:38:32.641: [sgwc] INFO: Session Modification Response (../src/sgwc/sxa-handler.c:488)
09/14 18:38:32.906: [sgwc] INFO: Modify Bearer Request (../src/sgwc/s11-handler.c:478)
09/14 18:38:32.906: [sgwc] INFO:     sess_id=1 current_xact=0x7ff4c1d26748 flags=0x60003, bearer[EBI=5] (../src/sgwc/s11-handler.c:613)
09/14 18:38:32.906: [sgwc] INFO:     MME_S11_TEID[48] SGW_S11_TEID[8] (../src/sgwc/s11-handler.c:646)
09/14 18:38:32.906: [sgwc] INFO:     ENB_S1U_TEID[1] SGW_S1U_TEID[1351] (../src/sgwc/s11-handler.c:648)
09/14 18:38:32.906: [sgwc] INFO:     sess_id=1 xact=0x7ff4c1d26748 flags=0x60003 (../src/sgwc/s11-handler.c:662)
09/14 18:38:32.906: [sgwc] INFO: PFCP Session Modification xact: sess_id=1 xact=0x7ff4c1d26748 local_seid=0x9c bearer_to_modify_count=1 (../src/sgwc/pfcp-path.c:297)
09/14 18:38:32.906: [sgwc] INFO: Session Modification Request (../src/sgwc/sxa-build.c:149)
09/14 18:38:32.906: [sgwc] INFO: PFCP Session Modification build start: sess_id=1 xact=0x7ff4c1d26748 flags=0x60003 bearer_to_modify_count=1 (../src/sgwc/sxa-build.c:155)
09/14 18:38:32.906: [sgwc] INFO: Session Modification Response (../src/sgwc/sxa-handler.c:488)
09/14 18:38:32.930: [sgwc] INFO: Create Session Request (../src/sgwc/s11-handler.c:191)
09/14 18:38:32.930: [sgwc] INFO: [Added] Number of SGWC-Sessions is now 2 (../src/sgwc/context.c:952)
09/14 18:38:32.930: [sgwc] INFO: UE IMSI[001010123456780] APN[ims] (../src/sgwc/s11-handler.c:260)
09/14 18:38:32.930: [sgwc] INFO:     TAI[PLMN_ID:00f110,TAC:1] (../src/sgwc/s11-handler.c:273)
09/14 18:38:32.930: [sgwc] INFO:     E_CGI[PLMN_ID:00f110,CELL_ID:0x19b01] (../src/sgwc/s11-handler.c:276)
09/14 18:38:32.930: [sgwc] INFO:     MME_S11_TEID[48] SGW_S11_TEID[8] (../src/sgwc/s11-handler.c:429)
09/14 18:38:32.930: [sgwc] INFO: Session Establishment Request (../src/sgwc/sxa-build.c:39)
09/14 18:38:32.930: [sgwc] INFO: Session Establishment Response (../src/sgwc/sxa-handler.c:173)
09/14 18:38:32.930: [sgwc] INFO:     SGW_S5C_TEID[0x7f] PGW_S5C_TEID[0x0] (../src/sgwc/sxa-handler.c:276)
09/14 18:38:32.930: [sgwc] INFO:     SGW_S5U_TEID[26] PGW_S5U_TEID[0] (../src/sgwc/sxa-handler.c:287)
09/14 18:38:32.932: [sgwc] INFO: Create Session Response (../src/sgwc/s5c-handler.c:117)
09/14 18:38:32.932: [sgwc] INFO:     MME_S11_TEID[48] SGW_S11_TEID[8] (../src/sgwc/s5c-handler.c:252)
09/14 18:38:32.932: [sgwc] INFO:     SGW_S5C_TEID[0x7f] PGW_S5C_TEID[0x0] (../src/sgwc/s5c-handler.c:254)
09/14 18:38:32.932: [sgwc] INFO:     SGW_S5U_TEID[3939] PGW_S5U_TEID[0] (../src/sgwc/s5c-handler.c:294)
09/14 18:38:32.932: [sgwc] INFO:     sess_id=2 xact=0x7ff4c1d692f8 (../src/sgwc/s5c-handler.c:350)
09/14 18:38:32.932: [sgwc] INFO: PFCP Session Modification from session: sess_id=2 gtp_xact_id=4 flags=0x60004 (../src/sgwc/pfcp-path.c:414)
09/14 18:38:32.932: [sgwc] INFO: PFCP Session Modification xact: sess_id=2 xact=0x7ff4c1d26958 local_seid=0x7f bearer_to_modify_count=1 (../src/sgwc/pfcp-path.c:297)
09/14 18:38:32.932: [sgwc] INFO: Session Modification Request (../src/sgwc/sxa-build.c:149)
09/14 18:38:32.932: [sgwc] INFO: PFCP Session Modification build start: sess_id=2 xact=0x7ff4c1d26958 flags=0x60005 bearer_to_modify_count=1 (../src/sgwc/sxa-build.c:155)
09/14 18:38:32.933: [sgwc] INFO: Session Modification Response (../src/sgwc/sxa-handler.c:488)
09/14 18:38:32.933: [sgwc] INFO: Create Bearer Request (../src/sgwc/s5c-handler.c:647)
09/14 18:38:32.933: [sgwc] INFO:     MME_S11_TEID[48] SGW_S11_TEID[8] (../src/sgwc/s5c-handler.c:717)
09/14 18:38:32.933: [sgwc] INFO:     SGW_S5C_TEID[0x7f] PGW_S5C_TEID[0x4b] (../src/sgwc/s5c-handler.c:719)
09/14 18:38:32.933: [sgwc] INFO:     SGW_S5U_TEID[0] PGW_S5U_TEID[3032] (../src/sgwc/s5c-handler.c:721)
09/14 18:38:32.933: [sgwc] INFO:     bearer[EBI=0] xact=0x7ff4c1d694e8 (../src/sgwc/s5c-handler.c:749)
09/14 18:38:32.933: [sgwc] INFO: PFCP Session Modification from bearer: bearer_id=3 sess_id=2 gtp_xact_id=6 flags=0x44 (../src/sgwc/pfcp-path.c:455)
09/14 18:38:32.933: [sgwc] INFO: Session Modification Request (../src/sgwc/sxa-build.c:149)
09/14 18:38:32.933: [sgwc] INFO: PFCP Session Modification build start: sess_id=2 xact=0x7ff4c1d26a60 flags=0x44 bearer_to_modify_count=1 (../src/sgwc/sxa-build.c:155)
09/14 18:38:32.933: [sgwc] INFO: Session Modification Response (../src/sgwc/sxa-handler.c:488)
09/14 18:38:33.138: [sgwc] INFO: Modify Bearer Request (../src/sgwc/s11-handler.c:478)
09/14 18:38:33.138: [sgwc] INFO:     sess_id=2 current_xact=0x7ff4c1d26b68 flags=0x60003, bearer[EBI=6] (../src/sgwc/s11-handler.c:613)
09/14 18:38:33.138: [sgwc] INFO:     MME_S11_TEID[48] SGW_S11_TEID[8] (../src/sgwc/s11-handler.c:646)
09/14 18:38:33.138: [sgwc] INFO:     ENB_S1U_TEID[2] SGW_S1U_TEID[26] (../src/sgwc/s11-handler.c:648)
09/14 18:38:33.138: [sgwc] INFO:     sess_id=2 xact=0x7ff4c1d26b68 flags=0x60003 (../src/sgwc/s11-handler.c:662)
09/14 18:38:33.138: [sgwc] INFO: PFCP Session Modification xact: sess_id=2 xact=0x7ff4c1d26b68 local_seid=0x7f bearer_to_modify_count=1 (../src/sgwc/pfcp-path.c:297)
09/14 18:38:33.138: [sgwc] INFO: Session Modification Request (../src/sgwc/sxa-build.c:149)
09/14 18:38:33.138: [sgwc] INFO: PFCP Session Modification build start: sess_id=2 xact=0x7ff4c1d26b68 flags=0x60003 bearer_to_modify_count=1 (../src/sgwc/sxa-build.c:155)
09/14 18:38:33.138: [sgwc] INFO: Session Modification Response (../src/sgwc/sxa-handler.c:488)
09/14 18:38:35.434: [gtp] WARNING: [1] REMOTE Request Duplicated. Discard! for step 1 type 95 peer [127.0.0.4]:2123 (../lib/gtp/xact.c:623)
09/14 18:38:37.936: [gtp] WARNING: [1] REMOTE Request Duplicated. Discard! for step 1 type 95 peer [127.0.0.4]:2123 (../lib/gtp/xact.c:623)
09/14 18:38:40.435: [gtp] WARNING: [3] LOCAL  No Reponse. Give up! for step 1 type 95 peer [127.0.0.2]:2123 (../lib/gtp/xact.c:836)
09/14 18:38:40.435: [sgwc] ERROR: [001010123456780] No Create Bearer Response (../src/sgwc/sxa-handler.c:129)
09/14 18:38:40.435: [sgwc] INFO:     bearer[EBI=0] (../src/sgwc/sxa-handler.c:130)
09/14 18:38:40.435: [sgwc] INFO: PFCP Session Modification from bearer: bearer_id=3 sess_id=2 gtp_xact_id=0 flags=0x84 (../src/sgwc/pfcp-path.c:455)
09/14 18:38:40.435: [sgwc] INFO: Session Modification Request (../src/sgwc/sxa-build.c:149)
09/14 18:38:40.435: [sgwc] INFO: PFCP Session Modification build start: sess_id=2 xact=0x7ff4c1d26c70 flags=0x84 bearer_to_modify_count=1 (../src/sgwc/sxa-build.c:155)
09/14 18:38:40.436: [sgwc] INFO: Session Modification Response (../src/sgwc/sxa-handler.c:488)
09/14 18:39:07.219: [sgwc] INFO: Release Access Bearers Request (../src/sgwc/s11-handler.c:1488)
09/14 18:39:07.219: [sgwc] INFO:     MME_S11_TEID[48] SGW_S11_TEID[8] (../src/sgwc/s11-handler.c:1512)
09/14 18:39:07.219: [sgwc] INFO:     sess_id=1 xact=0x7ff4c1d697d0 (../src/sgwc/s11-handler.c:1529)
09/14 18:39:07.219: [sgwc] INFO: PFCP Session Modification from session: sess_id=1 gtp_xact_id=9 flags=0x100002 (../src/sgwc/pfcp-path.c:414)
09/14 18:39:07.219: [sgwc] INFO: PFCP Session Modification xact: sess_id=1 xact=0x7ff4c1d273a8 local_seid=0x9c bearer_to_modify_count=1 (../src/sgwc/pfcp-path.c:297)
09/14 18:39:07.219: [sgwc] INFO: Session Modification Request (../src/sgwc/sxa-build.c:149)
09/14 18:39:07.219: [sgwc] INFO: PFCP Session Modification build start: sess_id=1 xact=0x7ff4c1d273a8 flags=0x100003 bearer_to_modify_count=1 (../src/sgwc/sxa-build.c:155)
09/14 18:39:07.220: [sgwc] INFO:     sess_id=2 xact=0x7ff4c1d697d0 (../src/sgwc/s11-handler.c:1529)
09/14 18:39:07.220: [sgwc] INFO: PFCP Session Modification from session: sess_id=2 gtp_xact_id=9 flags=0x100002 (../src/sgwc/pfcp-path.c:414)
09/14 18:39:07.220: [sgwc] INFO: PFCP Session Modification xact: sess_id=2 xact=0x7ff4c1d274b0 local_seid=0x7f bearer_to_modify_count=1 (../src/sgwc/pfcp-path.c:297)
09/14 18:39:07.220: [sgwc] INFO: Session Modification Request (../src/sgwc/sxa-build.c:149)
09/14 18:39:07.220: [sgwc] INFO: PFCP Session Modification build start: sess_id=2 xact=0x7ff4c1d274b0 flags=0x100003 bearer_to_modify_count=1 (../src/sgwc/sxa-build.c:155)
09/14 18:39:07.220: [sgwc] INFO: Session Modification Response (../src/sgwc/sxa-handler.c:488)
09/14 18:39:07.220: [sgwc] INFO: Session Modification Response (../src/sgwc/sxa-handler.c:488)
09/14 18:44:16.464: [app] INFO: SIGTERM received (../src/main.c:54)
09/14 18:44:16.464: [app] INFO: Open5GS daemon terminating... (../src/main.c:231)
09/14 18:44:16.466: [sgwc] INFO: PFCP de-associated [127.0.0.6]:8805 (../src/sgwc/pfcp-sm.c:181)
09/14 18:44:16.466: [sgwc] INFO: [Removed] Number of SGWC-Sessions is now 1 (../src/sgwc/context.c:958)
09/14 18:44:16.466: [sgwc] INFO: [Removed] Number of SGWC-Sessions is now 0 (../src/sgwc/context.c:958)
09/14 18:44:16.466: [sgwc] INFO: [Removed] Number of SGWC-UEs is now 0 (../src/sgwc/context.c:268)
09/14 18:44:16.466: [app] INFO: SGW-C terminate...done (../src/sgwc/app.c:39)
Open5GS daemon v2.8.0

09/14 18:44:32.451: [app] INFO: Configuration: '/home/co1750/tc005-o5g/etc/sgwc.yaml' (../lib/app/ogs-init.c:144)
09/14 18:44:32.451: [app] INFO: File Logging: '/home/co1750/tc005-o5g/log/sgwc.log' (../lib/app/ogs-init.c:147)
09/14 18:44:32.451: [app] INFO: LOG-LEVEL: 'info' (../lib/app/ogs-init.c:150)
09/14 18:44:32.454: [gtp] INFO: gtp_server() [127.0.0.3]:2123 (../lib/gtp/path.c:30)
09/14 18:44:32.454: [pfcp] INFO: pfcp_server() [127.0.0.3]:8805 (../lib/pfcp/path.c:30)
09/14 18:44:32.454: [app] INFO: SGW-C initialize...done (../src/sgwc/app.c:31)
09/14 18:44:34.955: [sgwc] INFO: PFCP associated [127.0.0.6]:8805 (../src/sgwc/pfcp-sm.c:167)
09/14 18:44:48.322: [sgwc] INFO: [Added] Number of SGWC-UEs is now 1 (../src/sgwc/context.c:246)
09/14 18:44:48.322: [sgwc] INFO: Create Session Request (../src/sgwc/s11-handler.c:191)
09/14 18:44:48.322: [sgwc] INFO: [Added] Number of SGWC-Sessions is now 1 (../src/sgwc/context.c:952)
09/14 18:44:48.322: [sgwc] INFO: UE IMSI[001010123456780] APN[internet] (../src/sgwc/s11-handler.c:260)
09/14 18:44:48.322: [sgwc] INFO:     TAI[PLMN_ID:00f110,TAC:1] (../src/sgwc/s11-handler.c:273)
09/14 18:44:48.322: [sgwc] INFO:     E_CGI[PLMN_ID:00f110,CELL_ID:0x19b01] (../src/sgwc/s11-handler.c:276)
09/14 18:44:48.322: [sgwc] INFO:     MME_S11_TEID[33] SGW_S11_TEID[36] (../src/sgwc/s11-handler.c:429)
09/14 18:44:48.322: [sgwc] INFO: Session Establishment Request (../src/sgwc/sxa-build.c:39)
09/14 18:44:48.323: [sgwc] INFO: Session Establishment Response (../src/sgwc/sxa-handler.c:173)
09/14 18:44:48.323: [sgwc] INFO:     SGW_S5C_TEID[0x28] PGW_S5C_TEID[0x0] (../src/sgwc/sxa-handler.c:276)
09/14 18:44:48.323: [sgwc] INFO:     SGW_S5U_TEID[4096] PGW_S5U_TEID[0] (../src/sgwc/sxa-handler.c:287)
09/14 18:44:48.323: [gtp] INFO: gtp_connect() [127.0.0.4]:2123 (../lib/gtp/path.c:60)
09/14 18:44:48.325: [sgwc] INFO: Create Session Response (../src/sgwc/s5c-handler.c:117)
09/14 18:44:48.325: [sgwc] INFO:     MME_S11_TEID[33] SGW_S11_TEID[36] (../src/sgwc/s5c-handler.c:252)
09/14 18:44:48.325: [sgwc] INFO:     SGW_S5C_TEID[0x28] PGW_S5C_TEID[0x0] (../src/sgwc/s5c-handler.c:254)
09/14 18:44:48.325: [sgwc] INFO:     SGW_S5U_TEID[1304] PGW_S5U_TEID[0] (../src/sgwc/s5c-handler.c:294)
09/14 18:44:48.325: [sgwc] INFO:     sess_id=1 xact=0x7fe5b769d010 (../src/sgwc/s5c-handler.c:350)
09/14 18:44:48.325: [sgwc] INFO: PFCP Session Modification from session: sess_id=1 gtp_xact_id=1 flags=0x60004 (../src/sgwc/pfcp-path.c:414)
09/14 18:44:48.325: [sgwc] INFO: PFCP Session Modification xact: sess_id=1 xact=0x7fe5b765a640 local_seid=0x28 bearer_to_modify_count=1 (../src/sgwc/pfcp-path.c:297)
09/14 18:44:48.325: [sgwc] INFO: Session Modification Request (../src/sgwc/sxa-build.c:149)
09/14 18:44:48.325: [sgwc] INFO: PFCP Session Modification build start: sess_id=1 xact=0x7fe5b765a640 flags=0x60005 bearer_to_modify_count=1 (../src/sgwc/sxa-build.c:155)
09/14 18:44:48.325: [sgwc] INFO: Session Modification Response (../src/sgwc/sxa-handler.c:488)
09/14 18:44:48.590: [sgwc] INFO: Modify Bearer Request (../src/sgwc/s11-handler.c:478)
09/14 18:44:48.590: [sgwc] INFO:     sess_id=1 current_xact=0x7fe5b765a748 flags=0x60003, bearer[EBI=5] (../src/sgwc/s11-handler.c:613)
09/14 18:44:48.590: [sgwc] INFO:     MME_S11_TEID[33] SGW_S11_TEID[36] (../src/sgwc/s11-handler.c:646)
09/14 18:44:48.590: [sgwc] INFO:     ENB_S1U_TEID[1] SGW_S1U_TEID[4096] (../src/sgwc/s11-handler.c:648)
09/14 18:44:48.590: [sgwc] INFO:     sess_id=1 xact=0x7fe5b765a748 flags=0x60003 (../src/sgwc/s11-handler.c:662)
09/14 18:44:48.590: [sgwc] INFO: PFCP Session Modification xact: sess_id=1 xact=0x7fe5b765a748 local_seid=0x28 bearer_to_modify_count=1 (../src/sgwc/pfcp-path.c:297)
09/14 18:44:48.590: [sgwc] INFO: Session Modification Request (../src/sgwc/sxa-build.c:149)
09/14 18:44:48.590: [sgwc] INFO: PFCP Session Modification build start: sess_id=1 xact=0x7fe5b765a748 flags=0x60003 bearer_to_modify_count=1 (../src/sgwc/sxa-build.c:155)
09/14 18:44:48.590: [sgwc] INFO: Session Modification Response (../src/sgwc/sxa-handler.c:488)
09/14 18:46:58.561: [app] INFO: SIGTERM received (../src/main.c:54)
09/14 18:46:58.561: [app] INFO: Open5GS daemon terminating... (../src/main.c:231)
09/14 18:46:58.562: [sgwc] INFO: PFCP de-associated [127.0.0.6]:8805 (../src/sgwc/pfcp-sm.c:181)
09/14 18:46:58.562: [sgwc] INFO: [Removed] Number of SGWC-Sessions is now 0 (../src/sgwc/context.c:958)
09/14 18:46:58.562: [sgwc] INFO: [Removed] Number of SGWC-UEs is now 0 (../src/sgwc/context.c:268)
09/14 18:46:58.562: [app] INFO: SGW-C terminate...done (../src/sgwc/app.c:39)
Open5GS daemon v2.8.0

09/14 18:47:14.190: [app] INFO: Configuration: '/home/co1750/tc005-o5g/etc/sgwc.yaml' (../lib/app/ogs-init.c:144)
09/14 18:47:14.190: [app] INFO: File Logging: '/home/co1750/tc005-o5g/log/sgwc.log' (../lib/app/ogs-init.c:147)
09/14 18:47:14.190: [app] INFO: LOG-LEVEL: 'info' (../lib/app/ogs-init.c:150)
09/14 18:47:14.193: [gtp] INFO: gtp_server() [127.0.0.3]:2123 (../lib/gtp/path.c:30)
09/14 18:47:14.193: [pfcp] INFO: pfcp_server() [127.0.0.3]:8805 (../lib/pfcp/path.c:30)
09/14 18:47:14.193: [app] INFO: SGW-C initialize...done (../src/sgwc/app.c:31)
09/14 18:47:16.696: [sgwc] INFO: PFCP associated [127.0.0.6]:8805 (../src/sgwc/pfcp-sm.c:167)
09/14 18:47:30.042: [sgwc] INFO: [Added] Number of SGWC-UEs is now 1 (../src/sgwc/context.c:246)
09/14 18:47:30.042: [sgwc] INFO: Create Session Request (../src/sgwc/s11-handler.c:191)
09/14 18:47:30.042: [sgwc] INFO: [Added] Number of SGWC-Sessions is now 1 (../src/sgwc/context.c:952)
09/14 18:47:30.042: [sgwc] INFO: UE IMSI[001010123456780] APN[internet] (../src/sgwc/s11-handler.c:260)
09/14 18:47:30.042: [sgwc] INFO:     TAI[PLMN_ID:00f110,TAC:1] (../src/sgwc/s11-handler.c:273)
09/14 18:47:30.042: [sgwc] INFO:     E_CGI[PLMN_ID:00f110,CELL_ID:0x19b01] (../src/sgwc/s11-handler.c:276)
09/14 18:47:30.042: [sgwc] INFO:     MME_S11_TEID[18] SGW_S11_TEID[27] (../src/sgwc/s11-handler.c:429)
09/14 18:47:30.042: [sgwc] INFO: Session Establishment Request (../src/sgwc/sxa-build.c:39)
09/14 18:47:30.042: [sgwc] INFO: Session Establishment Response (../src/sgwc/sxa-handler.c:173)
09/14 18:47:30.042: [sgwc] INFO:     SGW_S5C_TEID[0xd2] PGW_S5C_TEID[0x0] (../src/sgwc/sxa-handler.c:276)
09/14 18:47:30.042: [sgwc] INFO:     SGW_S5U_TEID[1039] PGW_S5U_TEID[0] (../src/sgwc/sxa-handler.c:287)
09/14 18:47:30.042: [gtp] INFO: gtp_connect() [127.0.0.4]:2123 (../lib/gtp/path.c:60)
09/14 18:47:30.044: [sgwc] INFO: Create Session Response (../src/sgwc/s5c-handler.c:117)
09/14 18:47:30.044: [sgwc] INFO:     MME_S11_TEID[18] SGW_S11_TEID[27] (../src/sgwc/s5c-handler.c:252)
09/14 18:47:30.044: [sgwc] INFO:     SGW_S5C_TEID[0xd2] PGW_S5C_TEID[0x0] (../src/sgwc/s5c-handler.c:254)
09/14 18:47:30.044: [sgwc] INFO:     SGW_S5U_TEID[2454] PGW_S5U_TEID[0] (../src/sgwc/s5c-handler.c:294)
09/14 18:47:30.044: [sgwc] INFO:     sess_id=1 xact=0x7f8eccd74010 (../src/sgwc/s5c-handler.c:350)
09/14 18:47:30.044: [sgwc] INFO: PFCP Session Modification from session: sess_id=1 gtp_xact_id=1 flags=0x60004 (../src/sgwc/pfcp-path.c:414)
09/14 18:47:30.044: [sgwc] INFO: PFCP Session Modification xact: sess_id=1 xact=0x7f8eccd31640 local_seid=0xd2 bearer_to_modify_count=1 (../src/sgwc/pfcp-path.c:297)
09/14 18:47:30.044: [sgwc] INFO: Session Modification Request (../src/sgwc/sxa-build.c:149)
09/14 18:47:30.044: [sgwc] INFO: PFCP Session Modification build start: sess_id=1 xact=0x7f8eccd31640 flags=0x60005 bearer_to_modify_count=1 (../src/sgwc/sxa-build.c:155)
09/14 18:47:30.045: [sgwc] INFO: Session Modification Response (../src/sgwc/sxa-handler.c:488)
09/14 18:47:30.310: [sgwc] INFO: Modify Bearer Request (../src/sgwc/s11-handler.c:478)
09/14 18:47:30.310: [sgwc] INFO:     sess_id=1 current_xact=0x7f8eccd31748 flags=0x60003, bearer[EBI=5] (../src/sgwc/s11-handler.c:613)
09/14 18:47:30.310: [sgwc] INFO:     MME_S11_TEID[18] SGW_S11_TEID[27] (../src/sgwc/s11-handler.c:646)
09/14 18:47:30.310: [sgwc] INFO:     ENB_S1U_TEID[1] SGW_S1U_TEID[1039] (../src/sgwc/s11-handler.c:648)
09/14 18:47:30.310: [sgwc] INFO:     sess_id=1 xact=0x7f8eccd31748 flags=0x60003 (../src/sgwc/s11-handler.c:662)
09/14 18:47:30.310: [sgwc] INFO: PFCP Session Modification xact: sess_id=1 xact=0x7f8eccd31748 local_seid=0xd2 bearer_to_modify_count=1 (../src/sgwc/pfcp-path.c:297)
09/14 18:47:30.310: [sgwc] INFO: Session Modification Request (../src/sgwc/sxa-build.c:149)
09/14 18:47:30.310: [sgwc] INFO: PFCP Session Modification build start: sess_id=1 xact=0x7f8eccd31748 flags=0x60003 bearer_to_modify_count=1 (../src/sgwc/sxa-build.c:155)
09/14 18:47:30.310: [sgwc] INFO: Session Modification Response (../src/sgwc/sxa-handler.c:488)
09/14 18:47:30.335: [sgwc] INFO: Create Session Request (../src/sgwc/s11-handler.c:191)
09/14 18:47:30.335: [sgwc] INFO: [Added] Number of SGWC-Sessions is now 2 (../src/sgwc/context.c:952)
09/14 18:47:30.335: [sgwc] INFO: UE IMSI[001010123456780] APN[ims] (../src/sgwc/s11-handler.c:260)
09/14 18:47:30.335: [sgwc] INFO:     TAI[PLMN_ID:00f110,TAC:1] (../src/sgwc/s11-handler.c:273)
09/14 18:47:30.335: [sgwc] INFO:     E_CGI[PLMN_ID:00f110,CELL_ID:0x19b01] (../src/sgwc/s11-handler.c:276)
09/14 18:47:30.335: [sgwc] INFO:     MME_S11_TEID[18] SGW_S11_TEID[27] (../src/sgwc/s11-handler.c:429)
09/14 18:47:30.335: [sgwc] INFO: Session Establishment Request (../src/sgwc/sxa-build.c:39)
09/14 18:47:30.335: [sgwc] INFO: Session Establishment Response (../src/sgwc/sxa-handler.c:173)
09/14 18:47:30.335: [sgwc] INFO:     SGW_S5C_TEID[0xce] PGW_S5C_TEID[0x0] (../src/sgwc/sxa-handler.c:276)
09/14 18:47:30.335: [sgwc] INFO:     SGW_S5U_TEID[659] PGW_S5U_TEID[0] (../src/sgwc/sxa-handler.c:287)
09/14 18:47:30.337: [sgwc] INFO: Create Session Response (../src/sgwc/s5c-handler.c:117)
09/14 18:47:30.337: [sgwc] INFO:     MME_S11_TEID[18] SGW_S11_TEID[27] (../src/sgwc/s5c-handler.c:252)
09/14 18:47:30.337: [sgwc] INFO:     SGW_S5C_TEID[0xce] PGW_S5C_TEID[0x0] (../src/sgwc/s5c-handler.c:254)
09/14 18:47:30.337: [sgwc] INFO:     SGW_S5U_TEID[2257] PGW_S5U_TEID[0] (../src/sgwc/s5c-handler.c:294)
09/14 18:47:30.338: [sgwc] INFO:     sess_id=2 xact=0x7f8eccd742f8 (../src/sgwc/s5c-handler.c:350)
09/14 18:47:30.338: [sgwc] INFO: PFCP Session Modification from session: sess_id=2 gtp_xact_id=4 flags=0x60004 (../src/sgwc/pfcp-path.c:414)
09/14 18:47:30.338: [sgwc] INFO: PFCP Session Modification xact: sess_id=2 xact=0x7f8eccd31958 local_seid=0xce bearer_to_modify_count=1 (../src/sgwc/pfcp-path.c:297)
09/14 18:47:30.338: [sgwc] INFO: Session Modification Request (../src/sgwc/sxa-build.c:149)
09/14 18:47:30.338: [sgwc] INFO: PFCP Session Modification build start: sess_id=2 xact=0x7f8eccd31958 flags=0x60005 bearer_to_modify_count=1 (../src/sgwc/sxa-build.c:155)
09/14 18:47:30.338: [sgwc] INFO: Session Modification Response (../src/sgwc/sxa-handler.c:488)
09/14 18:47:30.338: [sgwc] INFO: Create Bearer Request (../src/sgwc/s5c-handler.c:647)
09/14 18:47:30.338: [sgwc] INFO:     MME_S11_TEID[18] SGW_S11_TEID[27] (../src/sgwc/s5c-handler.c:717)
09/14 18:47:30.338: [sgwc] INFO:     SGW_S5C_TEID[0xce] PGW_S5C_TEID[0xe5] (../src/sgwc/s5c-handler.c:719)
09/14 18:47:30.338: [sgwc] INFO:     SGW_S5U_TEID[0] PGW_S5U_TEID[866] (../src/sgwc/s5c-handler.c:721)
09/14 18:47:30.338: [sgwc] INFO:     bearer[EBI=0] xact=0x7f8eccd744e8 (../src/sgwc/s5c-handler.c:749)
09/14 18:47:30.338: [sgwc] INFO: PFCP Session Modification from bearer: bearer_id=3 sess_id=2 gtp_xact_id=6 flags=0x44 (../src/sgwc/pfcp-path.c:455)
09/14 18:47:30.338: [sgwc] INFO: Session Modification Request (../src/sgwc/sxa-build.c:149)
09/14 18:47:30.338: [sgwc] INFO: PFCP Session Modification build start: sess_id=2 xact=0x7f8eccd31a60 flags=0x44 bearer_to_modify_count=1 (../src/sgwc/sxa-build.c:155)
09/14 18:47:30.338: [sgwc] INFO: Session Modification Response (../src/sgwc/sxa-handler.c:488)
09/14 18:47:30.542: [sgwc] INFO: Modify Bearer Request (../src/sgwc/s11-handler.c:478)
09/14 18:47:30.542: [sgwc] INFO:     sess_id=2 current_xact=0x7f8eccd31b68 flags=0x60003, bearer[EBI=6] (../src/sgwc/s11-handler.c:613)
09/14 18:47:30.542: [sgwc] INFO:     MME_S11_TEID[18] SGW_S11_TEID[27] (../src/sgwc/s11-handler.c:646)
09/14 18:47:30.542: [sgwc] INFO:     ENB_S1U_TEID[2] SGW_S1U_TEID[659] (../src/sgwc/s11-handler.c:648)
09/14 18:47:30.542: [sgwc] INFO:     sess_id=2 xact=0x7f8eccd31b68 flags=0x60003 (../src/sgwc/s11-handler.c:662)
09/14 18:47:30.542: [sgwc] INFO: PFCP Session Modification xact: sess_id=2 xact=0x7f8eccd31b68 local_seid=0xce bearer_to_modify_count=1 (../src/sgwc/pfcp-path.c:297)
09/14 18:47:30.542: [sgwc] INFO: Session Modification Request (../src/sgwc/sxa-build.c:149)
09/14 18:47:30.542: [sgwc] INFO: PFCP Session Modification build start: sess_id=2 xact=0x7f8eccd31b68 flags=0x60003 bearer_to_modify_count=1 (../src/sgwc/sxa-build.c:155)
09/14 18:47:30.542: [sgwc] INFO: Session Modification Response (../src/sgwc/sxa-handler.c:488)
09/14 18:47:30.750: [sgwc] INFO: Create Bearer Response (../src/sgwc/s11-handler.c:874)
09/14 18:47:30.750: [sgwc] INFO:     ENB_S1U_TEID[3] SGW_S1U_TEID[0] (../src/sgwc/s11-handler.c:1026)
09/14 18:47:30.750: [sgwc] INFO:     TAI[PLMN_ID:00f110,TAC:1] (../src/sgwc/s11-handler.c:1067)
09/14 18:47:30.750: [sgwc] INFO:     E_CGI[PLMN_ID:00f110,CELL_ID:0x19b01] (../src/sgwc/s11-handler.c:1070)
09/14 18:47:30.750: [sgwc] INFO:     bearer[EBI=7] xact=0x7f8eccd744e8 (../src/sgwc/s11-handler.c:1077)
09/14 18:47:30.750: [sgwc] INFO: PFCP Session Modification from bearer: bearer_id=3 sess_id=2 gtp_xact_id=6 flags=0x42 (../src/sgwc/pfcp-path.c:455)
09/14 18:47:30.750: [sgwc] INFO: Session Modification Request (../src/sgwc/sxa-build.c:149)
09/14 18:47:30.750: [sgwc] INFO: PFCP Session Modification build start: sess_id=2 xact=0x7f8eccd31c70 flags=0x42 bearer_to_modify_count=1 (../src/sgwc/sxa-build.c:155)
09/14 18:47:30.750: [sgwc] INFO: Session Modification Response (../src/sgwc/sxa-handler.c:488)
09/14 18:48:04.587: [sgwc] INFO: Release Access Bearers Request (../src/sgwc/s11-handler.c:1488)
09/14 18:48:04.587: [sgwc] INFO:     MME_S11_TEID[18] SGW_S11_TEID[27] (../src/sgwc/s11-handler.c:1512)
09/14 18:48:04.587: [sgwc] INFO:     sess_id=1 xact=0x7f8eccd747d0 (../src/sgwc/s11-handler.c:1529)
09/14 18:48:04.587: [sgwc] INFO: PFCP Session Modification from session: sess_id=1 gtp_xact_id=9 flags=0x100002 (../src/sgwc/pfcp-path.c:414)
09/14 18:48:04.587: [sgwc] INFO: PFCP Session Modification xact: sess_id=1 xact=0x7f8eccd323a8 local_seid=0xd2 bearer_to_modify_count=1 (../src/sgwc/pfcp-path.c:297)
09/14 18:48:04.587: [sgwc] INFO: Session Modification Request (../src/sgwc/sxa-build.c:149)
09/14 18:48:04.587: [sgwc] INFO: PFCP Session Modification build start: sess_id=1 xact=0x7f8eccd323a8 flags=0x100003 bearer_to_modify_count=1 (../src/sgwc/sxa-build.c:155)
09/14 18:48:04.587: [sgwc] INFO:     sess_id=2 xact=0x7f8eccd747d0 (../src/sgwc/s11-handler.c:1529)
09/14 18:48:04.587: [sgwc] INFO: PFCP Session Modification from session: sess_id=2 gtp_xact_id=9 flags=0x100002 (../src/sgwc/pfcp-path.c:414)
09/14 18:48:04.587: [sgwc] INFO: PFCP Session Modification xact: sess_id=2 xact=0x7f8eccd324b0 local_seid=0xce bearer_to_modify_count=2 (../src/sgwc/pfcp-path.c:297)
09/14 18:48:04.587: [sgwc] INFO: Session Modification Request (../src/sgwc/sxa-build.c:149)
09/14 18:48:04.587: [sgwc] INFO: PFCP Session Modification build start: sess_id=2 xact=0x7f8eccd324b0 flags=0x100003 bearer_to_modify_count=2 (../src/sgwc/sxa-build.c:155)
09/14 18:48:04.588: [sgwc] INFO: Session Modification Response (../src/sgwc/sxa-handler.c:488)
09/14 18:48:04.588: [sgwc] INFO: Session Modification Response (../src/sgwc/sxa-handler.c:488)
09/14 18:49:06.468: [app] INFO: SIGTERM received (../src/main.c:54)
09/14 18:49:06.468: [app] INFO: Open5GS daemon terminating... (../src/main.c:231)
09/14 18:49:06.469: [sgwc] INFO: PFCP de-associated [127.0.0.6]:8805 (../src/sgwc/pfcp-sm.c:181)
09/14 18:49:06.469: [sgwc] INFO: [Removed] Number of SGWC-Sessions is now 1 (../src/sgwc/context.c:958)
09/14 18:49:06.469: [sgwc] INFO: [Removed] Number of SGWC-Sessions is now 0 (../src/sgwc/context.c:958)
09/14 18:49:06.469: [sgwc] INFO: [Removed] Number of SGWC-UEs is now 0 (../src/sgwc/context.c:268)
09/14 18:49:06.469: [app] INFO: SGW-C terminate...done (../src/sgwc/app.c:39)
