11:21:29.566         sip_endpoint.c !.Module "mod-pjsua-log" registered
11:21:29.566         sip_endpoint.c  .Module "mod-tsx-layer" registered
11:21:29.566         sip_endpoint.c  .Module "mod-stateful-util" registered
11:21:29.566         sip_endpoint.c  .Module "mod-ua" registered
11:21:29.566         sip_endpoint.c  .Module "mod-100rel" registered
11:21:29.566         sip_endpoint.c  .Module "mod-pjsua" registered
11:21:29.566         sip_endpoint.c  .Module "mod-invite" registered
11:21:29.567                  pjlib  ..select() I/O Queue created (0x55d1c5748ea0)
11:21:29.570         sip_endpoint.c  .Module "mod-evsub" registered
11:21:29.570         sip_endpoint.c  .Module "mod-presence" registered
11:21:29.570         sip_endpoint.c  .Module "mod-dlg_even" registered
11:21:29.570         sip_endpoint.c  .Module "mod-mwi" registered
11:21:29.570         sip_endpoint.c  .Module "mod-refer" registered
11:21:29.570         sip_endpoint.c  .Module "mod-pjsua-pres" registered
11:21:29.570         sip_endpoint.c  .Module "mod-pjsua-im" registered
11:21:29.570         sip_endpoint.c  .Module "mod-pjsua-options" registered
11:21:29.570           pjsua_core.c  .1 SIP worker threads created
11:21:29.570           pjsua_core.c  .pjsua version 2.15-dev for Linux-5.15.0.139/x86_64/glibc-2.31 initialized
11:21:29.570           pjsua_core.c  .PJSUA state changed: CREATED --> INIT
11:21:29.570         sip_endpoint.c  Module "mod-default-handler" registered
11:21:29.570           conference.c  .Add port 1 (ringback) queued
11:21:29.570           conference.c  .Add port 2 (ring) queued
11:21:29.570           pjsua_core.c  SIP UDP socket reachable at 127.0.0.1:7075
11:21:29.570      udp0x55d1c5760520  SIP UDP transport started, published address is 127.0.0.1:7075
11:21:29.570            pjsua_acc.c  Adding account: id=<sip:127.0.0.1:7075>
11:21:29.570            pjsua_acc.c  .Account <sip:127.0.0.1:7075> added with id 0
11:21:29.570            pjsua_acc.c  Modifying account 0
11:21:29.570            pjsua_acc.c  Acc 0: setting online status to 1..
11:21:29.570            pjsua_acc.c  Adding account: id=sip:tc015@127.0.0.1
11:21:29.570            pjsua_acc.c  .Account sip:tc015@127.0.0.1 added with id 1
11:21:29.570            pjsua_acc.c  .Acc 1: setting registration..
11:21:29.570            pjsua_acc.c  ..Contact for acc 1 updated: <sip:tc015@127.0.0.1:7075;ob>
11:21:29.570           pjsua_core.c  ...TX 539 bytes Request msg REGISTER/cseq=59687 (tdta0x55d1c5765e30) to UDP 127.0.0.1:9595:
REGISTER sip:127.0.0.1:9595 SIP/2.0

Via: SIP/2.0/UDP 127.0.0.1:7075;rport;branch=z9hG4bKPjel766MOBK3vnseWoWriPzCD8CUZbw1RM

Max-Forwards: 70

From: <sip:tc015@127.0.0.1>;tag=Nn3E8borUAYOJ8g6XcihWjYqdwdQH2jF

To: <sip:tc015@127.0.0.1>

Call-ID: 1MsENwes7tPhQzF2Ws8t079-R6Y6NkQ2

CSeq: 59687 REGISTER

User-Agent: PJSUA/v2.15-dev Linux-5.15.0.139 x86_64 glibc-2.31

Contact: <sip:tc015@127.0.0.1:7075;ob>

Expires: 300

Allow: PRACK, INVITE, ACK, BYE, CANCEL, UPDATE, INFO, SUBSCRIBE, NOTIFY, REFER, MESSAGE, OPTIONS

Content-Length:  0




--end msg--
11:21:29.570            pjsua_acc.c  ..Acc 1: Registration sent
11:21:29.570            pjsua_acc.c  Acc 1: setting online status to 1..
11:21:29.570            pjsua_aud.c  Setting null sound device..
11:21:29.570            pjsua_app.c  .Turning sound device -99 -99 ON
11:21:29.570            pjsua_aud.c  .Opening null sound device..
11:21:29.570           pjsua_core.c  PJSUA state changed: INIT --> STARTING
11:21:29.570         sip_endpoint.c  .Module "mod-unsolicited-mwi" registered
11:21:29.570           pjsua_core.c  .PJSUA state changed: STARTING --> RUNNING
11:21:29.570                 main.c  Ready: Success
>>>>
Account list:
  [ 0] <sip:127.0.0.1:7075>: does not register
       Online status: Online
 *[ 1] sip:tc015@127.0.0.1: 100/In Progress (expires=0)
       Online status: Online
Buddy list:
 -none-

+=============================================================================+
|       Call Commands:         |   Buddy, IM & Presence:  |     Account:      |
|                              |                          |                   |
|  m  Make new call            | +b  Add new buddy        | +a  Add new accnt.|
|  M  Make multiple calls      | -b  Delete buddy         | -a  Delete accnt. |
|  a  Answer call              |  i  Send IM              | !a  Modify accnt. |
|  h  Hangup call  (ha=all)    |  s  Subscribe presence   | rr  (Re-)register |
|  H  Hold call                |  u  Unsubscribe presence | ru  Unregister    |
|  o Toggle call SDP offer     |  D  Subscribe dlg event  |                   |
|                              |  Du Unsub dlg event      |                   |
|  v  re-inVite (release hold) |  t  Toggle online status |  >  Cycle next ac.|
|  U  send UPDATE              |  T  Set online status    |  <  Cycle prev ac.|
| ],[ Select next/prev call    +--------------------------+-------------------+
|  x  Xfer call                |      Media Commands:     |  Status & Config: |
|  X  Xfer with Replaces       |                          |                   |
|  #  Send RFC 2833 DTMF       | cl  List ports           |  d  Dump status   |
|  *  Send DTMF with INFO      | cc  Connect port         | dd  Dump detailed |
| dq  Dump curr. call quality  | cd  Disconnect port      | dc  Dump config   |
|                              |  V  Adjust audio Volume  |  f  Save config   |
|  S  Send arbitrary REQUEST   | Cp  Codec priorities     |                   |
+-----------------------------------------------------------------------------+
|  q  QUIT      L  ReLoad       I  IP change     n  detect NAT type           |
|  sleep MS     echo [0|1|txt]                                                |
+=============================================================================+
You have 0 active call
>>> 11:21:29.580           pjsua_core.c !.RX 347 bytes Response msg 200/REGISTER/cseq=59687 (rdata0x55d1c5761fa8) from UDP 127.0.0.1:9595:
SIP/2.0 200 OK

Via: SIP/2.0/UDP 127.0.0.1:7075;rport;branch=z9hG4bKPjel766MOBK3vnseWoWriPzCD8CUZbw1RM

From: <sip:tc015@127.0.0.1>;tag=Nn3E8borUAYOJ8g6XcihWjYqdwdQH2jF

To: <sip:tc015@127.0.0.1>;tag=tc015resp

Call-ID: 1MsENwes7tPhQzF2Ws8t079-R6Y6NkQ2

CSeq: 59687 REGISTER

Contact: <sip:tc015@127.0.0.1:9595>;expires=3600

Content-Length: 0




--end msg--
11:21:29.580            pjsua_acc.c  ....SIP outbound status for acc 1 is not active
11:21:29.580            pjsua_acc.c  ....Service-Route updated for acc 1 with 0 URI(s)
11:21:29.580            pjsua_acc.c  ....sip:tc015@127.0.0.1: registration success, status=200 (OK), will re-register in 3600 seconds
11:21:29.580            pjsua_acc.c  ....Keep-alive timer started for acc 1, destination:127.0.0.1:9595, interval:14s
11:21:29.590           conference.c !.Added port 1 (ringback), port count=2
11:21:29.590           conference.c  .Added port 2 (ring), port count=3
11:21:30.570            pjsua_aud.c !Closing sound device after idle for 1 second(s)
11:21:30.570            pjsua_app.c  .Turning sound device -99 -99 OFF
11:21:30.570            pjsua_aud.c  .Closing null sound device..
m
(You currently have 0 calls)
Buddy list:
 -none-

Choices:
   0         For current dialog.
  URL        An URL
  <Enter>    Empty input (or 'q') to cancel
Make call: sip:bob@127.0.0.1:9595
11:21:36.074           pjsua_call.c !Making call with acc #1 to sip:bob@127.0.0.1:9595
11:21:36.074            pjsua_aud.c  .Set sound device: capture=-99, playback=-99, mode=0, use_default_settings=0
11:21:36.074            pjsua_aud.c  ..Null sound device, mode setting is ignored
11:21:36.074            pjsua_aud.c  ..Setting null sound device..
11:21:36.074            pjsua_app.c  ...Turning sound device -99 -99 ON
11:21:36.074            pjsua_aud.c  ...Opening null sound device..
11:21:36.074          pjsua_media.c  .Call 0: initializing media..
11:21:36.074          pjsua_media.c  ..RTP socket reachable at 127.0.0.1:4000
11:21:36.074          pjsua_media.c  ..RTCP socket reachable at 127.0.0.1:4001
11:21:36.074     srtp0x55d1c5761f80  ..SRTP transport created
11:21:36.074          pjsua_media.c  ..Media index 0 selected for audio call 0
11:21:36.074      udp0x55d1c5763be0  ..UDP media transport created
11:21:36.074           pjsua_core.c  ....TX 1263 bytes Request msg INVITE/cseq=10282 (tdta0x55d1c576ff70) to UDP 127.0.0.1:9595:
INVITE sip:bob@127.0.0.1:9595 SIP/2.0

Via: SIP/2.0/UDP 127.0.0.1:7075;rport;branch=z9hG4bKPjZ0GuGbhbJJcmSFMd4y797UhalTXRKSuB

Max-Forwards: 70

From: sip:tc015@127.0.0.1;tag=DCwSuFJ7RhF9Qee54VNcUYZgaF6Pu8Jv

To: sip:bob@127.0.0.1

Contact: <sip:tc015@127.0.0.1:7075;ob>

Call-ID: 6Nhu1Yi1LP6MEBePJ4lLEJvrfi-DQVcq

CSeq: 10282 INVITE

Allow: PRACK, INVITE, ACK, BYE, CANCEL, UPDATE, INFO, SUBSCRIBE, NOTIFY, REFER, MESSAGE, OPTIONS

Supported: replaces, 100rel, timer, siprec, norefersub

Session-Expires: 1800

Min-SE: 90

User-Agent: PJSUA/v2.15-dev Linux-5.15.0.139 x86_64 glibc-2.31

Content-Type: application/sdp

Content-Length:   619



v=0

o=- 3997999296 3997999296 IN IP4 127.0.0.1

s=pjmedia

b=AS:84

t=0 0

a=X-nat:0

m=audio 4000 RTP/AVP 96 97 98 99 3 0 8 9 120 121 122

c=IN IP4 127.0.0.1

b=TIAS:64000

a=rtcp:4001 IN IP4 127.0.0.1

a=sendrecv

a=rtpmap:96 speex/16000

a=rtpmap:97 speex/8000

a=rtpmap:98 speex/32000

a=rtpmap:99 iLBC/8000

a=fmtp:99 mode=30

a=rtpmap:3 GSM/8000

a=rtpmap:0 PCMU/8000

a=rtpmap:8 PCMA/8000

a=rtpmap:9 G722/8000

a=rtpmap:120 telephone-event/16000

a=fmtp:120 0-16

a=rtpmap:121 telephone-event/8000

a=fmtp:121 0-16

a=rtpmap:122 telephone-event/32000

a=fmtp:122 0-16

a=ssrc:533055708 cname:5ca1f8fa1e05221d


--end msg--
11:21:36.074            pjsua_app.c  .......Call 0 state changed to CALLING
>>> 11:21:36.074           pjsua_core.c !.RX 577 bytes Response msg 504/INVITE/cseq=10282 (rdata0x7eff3c000fa8) from UDP 127.0.0.1:9595:
SIP/2.0 504 Server Time-out

Via: SIP/2.0/UDP 127.0.0.1:7075;rport;branch=z9hG4bKPjZ0GuGbhbJJcmSFMd4y797UhalTXRKSuB

From: sip:tc015@127.0.0.1;tag=DCwSuFJ7RhF9Qee54VNcUYZgaF6Pu8Jv

To: sip:bob@127.0.0.1;tag=tc015resp

Call-ID: 6Nhu1Yi1LP6MEBePJ4lLEJvrfi-DQVcq

CSeq: 10282 INVITE

P-Asserted-Identity: <sip:scscf.127.0.0.1>

Content-Type: application/3gpp-ims+xml

Content-Length: 189



<?xml version="1.0" encoding="UTF-8"?>

<ims-3gpp version="1">

<alternative-service>

<type>restoration</type>

<action>initial-registration</action>

</alternative-service>

</ims-3gpp>


--end msg--
11:21:36.075           pjsua_core.c  ..TX 325 bytes Request msg ACK/cseq=10282 (tdta0x7eff3c002f80) to UDP 127.0.0.1:9595:
ACK sip:bob@127.0.0.1:9595 SIP/2.0

Via: SIP/2.0/UDP 127.0.0.1:7075;rport;branch=z9hG4bKPjZ0GuGbhbJJcmSFMd4y797UhalTXRKSuB

Max-Forwards: 70

From: sip:tc015@127.0.0.1;tag=DCwSuFJ7RhF9Qee54VNcUYZgaF6Pu8Jv

To: sip:bob@127.0.0.1;tag=tc015resp

Call-ID: 6Nhu1Yi1LP6MEBePJ4lLEJvrfi-DQVcq

CSeq: 10282 ACK

Content-Length:  0




--end msg--
11:21:36.075          pjsua_media.c  .....Call 0: deinitializing media..
11:21:36.075          pjsua_media.c  ......
  [DISCONNECTED] To: sip:bob@127.0.0.1

    Call time: 00h:00m:00s, 1st res in 1 ms, conn in 0ms
11:21:36.075          pjsua_media.c  ......Call 0: cleaning up provisional media, prov_med_cnt=1, med_cnt=0
11:21:36.075     srtp0x55d1c5761f80  ......Destroying SRTP transport
11:21:36.075      udp0x55d1c5763be0  ......UDP media transport destroying
11:21:36.075      udp0x55d1c5763be0  ......UDP media transport destroyed
11:21:36.075     srtp0x55d1c5761f80  ......SRTP transport destroyed
11:21:36.075            pjsua_app.c  .....Call 0 is DISCONNECTED [reason=504 (Server Time-out)]
11:21:37.075            pjsua_aud.c  Closing sound device after idle for 1 second(s)
11:21:37.075            pjsua_app.c  .Turning sound device -99 -99 OFF
11:21:37.075            pjsua_aud.c  .Closing null sound device..
h
No current call
>>> q
11:21:51.083           conference.c !.Remove port 1 queued
11:21:51.083           conference.c  .Remove port 2 queued
11:21:51.083           pjsua_core.c  Shutting down, flags=0...
11:21:51.083           pjsua_core.c  PJSUA state changed: RUNNING --> CLOSING
11:21:51.083           pjsua_call.c  .Hangup all calls..
11:21:51.083           pjsua_pres.c  .Shutting down presence..
11:21:51.083            pjsua_acc.c  .Acc 1: setting unregistration..
11:21:51.084           pjsua_core.c  ...TX 439 bytes Request msg REGISTER/cseq=59688 (tdta0x55d1c5762030) to UDP 127.0.0.1:9595:
REGISTER sip:127.0.0.1:9595 SIP/2.0

Via: SIP/2.0/UDP 127.0.0.1:7075;rport;branch=z9hG4bKPjuZXyp58V-v0sXtD49w1mkMUYdhKXTfL5

Max-Forwards: 70

From: <sip:tc015@127.0.0.1>;tag=pDh5cem6PqjRzSBuMRlGflqhXtnnyXxn

To: <sip:tc015@127.0.0.1>

Call-ID: 1MsENwes7tPhQzF2Ws8t079-R6Y6NkQ2

CSeq: 59688 REGISTER

User-Agent: PJSUA/v2.15-dev Linux-5.15.0.139 x86_64 glibc-2.31

Contact: <sip:tc015@127.0.0.1:7075;ob>

Expires: 0

Content-Length:  0




--end msg--
11:21:51.084            pjsua_acc.c  ..Acc 1: Unregistration sent
11:21:51.084           pjsua_core.c  ..RX 347 bytes Response msg 200/REGISTER/cseq=59688 (rdata0x7eff3c000fa8) from UDP 127.0.0.1:9595:
SIP/2.0 200 OK

Via: SIP/2.0/UDP 127.0.0.1:7075;rport;branch=z9hG4bKPjuZXyp58V-v0sXtD49w1mkMUYdhKXTfL5

From: <sip:tc015@127.0.0.1>;tag=pDh5cem6PqjRzSBuMRlGflqhXtnnyXxn

To: <sip:tc015@127.0.0.1>;tag=tc015resp

Call-ID: 1MsENwes7tPhQzF2Ws8t079-R6Y6NkQ2

CSeq: 59688 REGISTER

Contact: <sip:tc015@127.0.0.1:9595>;expires=3600

Content-Length: 0




--end msg--
11:21:51.084            pjsua_acc.c  .....sip:tc015@127.0.0.1: unregistration success
11:21:52.090           pjsua_core.c  .Destroying...
11:21:52.090        sip_transport.c  .Transport udp0x55d1c5760520 shutting down, force=0
11:21:52.090          pjsua_media.c  .Shutting down media..
11:21:52.100           conference.c  ...Stop any transmission to port 1 (ringback)
11:21:52.100           conference.c  ...Stop any transmission from port 1 (ringback)
11:21:52.100           conference.c  ...Removed port 1 (ringback), port count=2
11:21:52.100           conference.c  ...Stop any transmission to port 2 (ring)
11:21:52.100           conference.c  ...Stop any transmission from port 2 (ring)
11:21:52.100           conference.c  ...Removed port 2 (ring), port count=1
11:21:52.100           conference.c  ...Stop any transmission to port 0 (Master/sound)
11:21:52.100           conference.c  ...Stop any transmission from port 0 (Master/sound)
11:21:52.100           conference.c  ...Removed port 0 (Master/sound), port count=0
11:21:52.100      sip_transaction.c  .Stopping transaction layer module
11:21:52.100      sip_transaction.c  .Stopped transaction layer module
11:21:52.100         sip_endpoint.c  .Module "mod-default-handler" unregistered
11:21:52.100         sip_endpoint.c  .Module "mod-unsolicited-mwi" unregistered
11:21:52.100         sip_endpoint.c  .Module "mod-pjsua-options" unregistered
11:21:52.100         sip_endpoint.c  .Module "mod-pjsua-im" unregistered
11:21:52.100         sip_endpoint.c  .Module "mod-pjsua-pres" unregistered
11:21:52.100         sip_endpoint.c  .Module "mod-pjsua" unregistered
11:21:52.100         sip_endpoint.c  .Module "mod-stateful-util" unregistered
11:21:52.100         sip_endpoint.c  .Module "mod-refer" unregistered
11:21:52.100         sip_endpoint.c  .Module "mod-mwi" unregistered
11:21:52.100         sip_endpoint.c  .Module "mod-dlg_even" unregistered
11:21:52.100         sip_endpoint.c  .Module "mod-presence" unregistered
11:21:52.100         sip_endpoint.c  .Module "mod-evsub" unregistered
11:21:52.100         sip_endpoint.c  .Module "mod-invite" unregistered
11:21:52.100         sip_endpoint.c  .Module "mod-100rel" unregistered
11:21:52.100         sip_endpoint.c  .Module "mod-ua" unregistered
11:21:52.100      sip_transaction.c  .Transaction layer module destroyed
11:21:52.100         sip_endpoint.c  .Module "mod-tsx-layer" unregistered
11:21:52.100         sip_endpoint.c  .Module "mod-msg-print" unregistered
11:21:52.100         sip_endpoint.c  .Module "mod-pjsua-log" unregistered
11:21:52.101      udp0x55d1c5760520  .SIP UDP transport destroyed
11:21:52.101                timer.c  .Dumping timer heap:
11:21:52.101                timer.c  .  Cur size: 0 entries, max: 3070
11:21:52.101         sip_endpoint.c  .Endpoint 0x55d1c572d1e0 destroyed
11:21:52.101           pjsua_core.c  .PJSUA state changed: CLOSING --> NULL
11:21:52.101           pjsua_core.c  .PJSUA destroyed...
