17:29:13.997         sip_endpoint.c !.Module "mod-pjsua-log" registered
17:29:13.997         sip_endpoint.c  .Module "mod-tsx-layer" registered
17:29:13.997         sip_endpoint.c  .Module "mod-stateful-util" registered
17:29:13.997         sip_endpoint.c  .Module "mod-ua" registered
17:29:13.997         sip_endpoint.c  .Module "mod-100rel" registered
17:29:13.997         sip_endpoint.c  .Module "mod-pjsua" registered
17:29:13.997         sip_endpoint.c  .Module "mod-invite" registered
17:29:13.997                  pjlib  ..select() I/O Queue created (0x563725e38ea0)
17:29:13.999         sip_endpoint.c  .Module "mod-evsub" registered
17:29:13.999         sip_endpoint.c  .Module "mod-presence" registered
17:29:13.999         sip_endpoint.c  .Module "mod-dlg_even" registered
17:29:13.999         sip_endpoint.c  .Module "mod-mwi" registered
17:29:13.999         sip_endpoint.c  .Module "mod-refer" registered
17:29:13.999         sip_endpoint.c  .Module "mod-pjsua-pres" registered
17:29:13.999         sip_endpoint.c  .Module "mod-pjsua-im" registered
17:29:13.999         sip_endpoint.c  .Module "mod-pjsua-options" registered
17:29:13.999           pjsua_core.c  .1 SIP worker threads created
17:29:13.999           pjsua_core.c  .pjsua version 2.15-dev for Linux-5.15.0.139/x86_64/glibc-2.31 initialized
17:29:13.999           pjsua_core.c  .PJSUA state changed: CREATED --> INIT
17:29:13.999         sip_endpoint.c  Module "mod-default-handler" registered
17:29:13.999           conference.c  .Add port 1 (ringback) queued
17:29:13.999           conference.c  .Add port 2 (ring) queued
17:29:14.000           pjsua_core.c  SIP UDP socket reachable at 10.10.46.104:6061
17:29:14.000      udp0x563725e50520  SIP UDP transport started, published address is 10.10.46.104:6061
17:29:14.000            pjsua_acc.c  Adding account: id=<sip:10.10.46.104:6061>
17:29:14.000            pjsua_acc.c  .Account <sip:10.10.46.104:6061> added with id 0
17:29:14.000            pjsua_acc.c  Modifying account 0
17:29:14.000            pjsua_acc.c  Acc 0: setting online status to 1..
17:29:14.001             tcptp:6061  SIP TCP listener ready for incoming connections at 10.10.46.104:6061
17:29:14.001            pjsua_acc.c  Adding account: id=<sip:10.10.46.104:6061;transport=TCP>
17:29:14.001            pjsua_acc.c  .Account <sip:10.10.46.104:6061;transport=TCP> added with id 1
17:29:14.001            pjsua_acc.c  Modifying account 1
17:29:14.001            pjsua_acc.c  Acc 1: setting online status to 1..
17:29:14.001            pjsua_acc.c  Adding account: id=sip:b@127.0.0.1
17:29:14.001            pjsua_acc.c  .Account sip:b@127.0.0.1 added with id 2
17:29:14.001            pjsua_acc.c  Acc 2: setting online status to 1..
17:29:14.001            pjsua_aud.c  Setting null sound device..
17:29:14.001            pjsua_app.c  .Turning sound device -99 -99 ON
17:29:14.001            pjsua_aud.c  .Opening null sound device..
17:29:14.001           pjsua_core.c  PJSUA state changed: INIT --> STARTING
17:29:14.001         sip_endpoint.c  .Module "mod-unsolicited-mwi" registered
17:29:14.001           pjsua_core.c  .PJSUA state changed: STARTING --> RUNNING
17:29:14.001                 main.c  Ready: Success
>>>>
Account list:
  [ 0] <sip:10.10.46.104:6061>: does not register
       Online status: Online
  [ 1] <sip:10.10.46.104:6061;transport=TCP>: does not register
       Online status: Online
 *[ 2] sip:b@127.0.0.1: does not register
       Online status: Online
Buddy list:
 -none-

+=============================================================================+
|       Call Commands:         |   Buddy, IM & Presence:  |     Account:      |
|                              |                          |                   |
|  m  Make new call            | +b  Add new buddy        | +a  Add new accnt.|
|  M  Make multiple calls      | -b  Delete buddy         | -a  Delete accnt. |
|  a  Answer call              |  i  Send IM              | !a  Modify accnt. |
|  h  Hangup call  (ha=all)    |  s  Subscribe presence   | rr  (Re-)register |
|  H  Hold call                |  u  Unsubscribe presence | ru  Unregister    |
|  o Toggle call SDP offer     |  D  Subscribe dlg event  |                   |
|                              |  Du Unsub dlg event      |                   |
|  v  re-inVite (release hold) |  t  Toggle online status |  >  Cycle next ac.|
|  U  send UPDATE              |  T  Set online status    |  <  Cycle prev ac.|
| ],[ Select next/prev call    +--------------------------+-------------------+
|  x  Xfer call                |      Media Commands:     |  Status & Config: |
|  X  Xfer with Replaces       |                          |                   |
|  #  Send RFC 2833 DTMF       | cl  List ports           |  d  Dump status   |
|  *  Send DTMF with INFO      | cc  Connect port         | dd  Dump detailed |
| dq  Dump curr. call quality  | cd  Disconnect port      | dc  Dump config   |
|                              |  V  Adjust audio Volume  |  f  Save config   |
|  S  Send arbitrary REQUEST   | Cp  Codec priorities     |                   |
+-----------------------------------------------------------------------------+
|  q  QUIT      L  ReLoad       I  IP change     n  detect NAT type           |
|  sleep MS     echo [0|1|txt]                                                |
+=============================================================================+
You have 0 active call
>>> 17:29:14.020           conference.c !.Added port 1 (ringback), port count=2
17:29:14.020           conference.c  .Added port 2 (ring), port count=3
17:29:15.001            pjsua_aud.c !Closing sound device after idle for 1 second(s)
17:29:15.001            pjsua_app.c  .Turning sound device -99 -99 OFF
17:29:15.001            pjsua_aud.c  .Closing null sound device..
17:29:19.507           pjsua_core.c  .RX 1260 bytes Request msg INVITE/cseq=24046 (rdata0x563725e51fa8) from UDP 127.0.0.1:6060:
INVITE sip:b@127.0.0.1:6061 SIP/2.0

Via: SIP/2.0/UDP 127.0.0.1:6060;rport;branch=z9hG4bKPj3vghTg7RIZ820.raYCPCzBNFYDYbOH5-

Max-Forwards: 70

From: sip:a@127.0.0.1;tag=qq3WxUqj5YD.jKz-aYLEPfjoylE5cY1p

To: sip:b@127.0.0.1

Contact: <sip:a@127.0.0.1:6060;ob>

Call-ID: 4TFHXm.YiPj8mCWvGDQt3bAxXNc647sa

CSeq: 24046 INVITE

Allow: PRACK, INVITE, ACK, BYE, CANCEL, UPDATE, INFO, SUBSCRIBE, NOTIFY, REFER, MESSAGE, OPTIONS

Supported: replaces, 100rel, timer, siprec, norefersub

Session-Expires: 1800

Min-SE: 90

User-Agent: PJSUA/v2.15-dev Linux-5.15.0.139 x86_64 glibc-2.31

Content-Type: application/sdp

Content-Length:   628



v=0

o=- 3997416559 3997416559 IN IP4 10.10.46.104

s=pjmedia

b=AS:84

t=0 0

a=X-nat:0

m=audio 4000 RTP/AVP 96 97 98 99 3 0 8 9 120 121 122

c=IN IP4 10.10.46.104

b=TIAS:64000

a=rtcp:4001 IN IP4 10.10.46.104

a=sendrecv

a=rtpmap:96 speex/16000

a=rtpmap:97 speex/8000

a=rtpmap:98 speex/32000

a=rtpmap:99 iLBC/8000

a=fmtp:99 mode=30

a=rtpmap:3 GSM/8000

a=rtpmap:0 PCMU/8000

a=rtpmap:8 PCMA/8000

a=rtpmap:9 G722/8000

a=rtpmap:120 telephone-event/16000

a=fmtp:120 0-16

a=rtpmap:121 telephone-event/8000

a=fmtp:121 0-16

a=rtpmap:122 telephone-event/32000

a=fmtp:122 0-16

a=ssrc:892120862 cname:37fb960e5aedd027


--end msg--
17:29:19.507           pjsua_call.c  .Incoming Request msg INVITE/cseq=24046 (rdata0x563725e51fa8)
17:29:19.507          pjsua_media.c  ..Call 0: initializing media..
17:29:19.508          pjsua_media.c  ...RTP socket bind() at 0.0.0.0:4000 error: Address already in use
17:29:19.508          pjsua_media.c  ...RTP socket reachable at 10.10.46.104:4002
17:29:19.508          pjsua_media.c  ...RTCP socket reachable at 10.10.46.104:4003
17:29:19.508     srtp0x7f1dec010030  ...SRTP transport created
17:29:19.508          pjsua_media.c  ...Media index 0 selected for audio call 0
17:29:19.508      udp0x7f1dec00fa00  ...UDP media transport created
17:29:19.509           pjsua_core.c  .....TX 302 bytes Response msg 100/INVITE/cseq=24046 (tdta0x7f1dec01b960) to UDP 127.0.0.1:6060:
SIP/2.0 100 Trying

Via: SIP/2.0/UDP 127.0.0.1:6060;rport=6060;received=127.0.0.1;branch=z9hG4bKPj3vghTg7RIZ820.raYCPCzBNFYDYbOH5-

Call-ID: 4TFHXm.YiPj8mCWvGDQt3bAxXNc647sa

From: <sip:a@127.0.0.1>;tag=qq3WxUqj5YD.jKz-aYLEPfjoylE5cY1p

To: <sip:b@127.0.0.1>

CSeq: 24046 INVITE

Content-Length:  0




--end msg--
17:29:19.509            pjsua_aud.c  ..Conf connect: 2 --> 0
17:29:19.509            pjsua_aud.c  ...Set sound device: capture=-99, playback=-99, mode=0, use_default_settings=0
17:29:19.509            pjsua_aud.c  ....Null sound device, mode setting is ignored
17:29:19.509            pjsua_aud.c  ....Setting null sound device..
17:29:19.509            pjsua_app.c  .....Turning sound device -99 -99 ON
17:29:19.509            pjsua_aud.c  .....Opening null sound device..
17:29:19.509           conference.c  ....Connect ports 2->0 queued
17:29:19.509           pjsua_call.c  ..Answering call 0: code=180
17:29:19.509           pjsua_core.c  ......TX 471 bytes Response msg 180/INVITE/cseq=24046 (tdta0x7f1dec01fae0) to UDP 127.0.0.1:6060:
SIP/2.0 180 Ringing

Via: SIP/2.0/UDP 127.0.0.1:6060;rport=6060;received=127.0.0.1;branch=z9hG4bKPj3vghTg7RIZ820.raYCPCzBNFYDYbOH5-

Call-ID: 4TFHXm.YiPj8mCWvGDQt3bAxXNc647sa

From: <sip:a@127.0.0.1>;tag=qq3WxUqj5YD.jKz-aYLEPfjoylE5cY1p

To: <sip:b@127.0.0.1>;tag=yFSEeBUNNdz2t5CqxvCBqz0-7VRjgFS6

CSeq: 24046 INVITE

Contact: <sip:b@127.0.0.1:6061>

Allow: PRACK, INVITE, ACK, BYE, CANCEL, UPDATE, INFO, SUBSCRIBE, NOTIFY, REFER, MESSAGE, OPTIONS

Content-Length:  0




--end msg--
17:29:19.509            pjsua_app.c  .........Call 0 state changed to EARLY (180 Ringing)
17:29:19.509            pjsua_app.c  ..Incoming call for account 2!
Media count: 1 audio & 0 video
From: <sip:a@127.0.0.1>
To: <sip:b@127.0.0.1>
Press a to answer or h to reject call
17:29:19.528           conference.c !.Port 2 (ring) transmitting to port 0 (Master/sound)
a
Answer with code (100-699) (empty to cancel): 200
17:29:26.533           pjsua_call.c !Answering call 0: code=200
17:29:26.533      inv0x7f1dec004b20  ..SDP negotiation done: Success
17:29:26.533          pjsua_media.c  ...Call 0: updating media..
17:29:26.533          pjsua_media.c  .....Media stream call00:0 is destroyed
17:29:26.533      udp0x7f1dec00fa00  ....UDP media transport started
17:29:26.533            pjsua_aud.c  ....Audio channel update for index 0 for call 0...
17:29:26.533     strm0x563725e58ca8  .....VAD temporarily disabled
17:29:26.533      udp0x7f1dec00fa00  .....UDP media transport attached
17:29:26.533     strm0x563725e58ca8  .....Encoder stream started
17:29:26.533     strm0x563725e58ca8  .....Decoder stream started
17:29:26.533           conference.c  ......Add port 3 (sip:a@127.0.0.1) queued
17:29:26.533          pjsua_media.c  ....audio updated, stream #0: speex (sendrecv)
17:29:26.533            pjsua_app.c  ...Call 0 media 0 [type=audio], status is Active
17:29:26.533            pjsua_aud.c  ...Conf disconnect: 2 -x- 0
17:29:26.533           conference.c  .....Disconnect ports 2->0 queued
17:29:26.533            pjsua_aud.c  ...Conf connect: 3 --> 0
17:29:26.533           conference.c  .....Connect ports 3->0 queued
17:29:26.533            pjsua_aud.c  ...Conf connect: 0 --> 3
17:29:26.533           conference.c  .....Connect ports 0->3 queued
17:29:26.534           pjsua_core.c  ....TX 930 bytes Response msg 200/INVITE/cseq=24046 (tdta0x563725e55630) to UDP 127.0.0.1:6060:
SIP/2.0 200 OK

Via: SIP/2.0/UDP 127.0.0.1:6060;rport=6060;received=127.0.0.1;branch=z9hG4bKPj3vghTg7RIZ820.raYCPCzBNFYDYbOH5-

Call-ID: 4TFHXm.YiPj8mCWvGDQt3bAxXNc647sa

From: <sip:a@127.0.0.1>;tag=qq3WxUqj5YD.jKz-aYLEPfjoylE5cY1p

To: <sip:b@127.0.0.1>;tag=yFSEeBUNNdz2t5CqxvCBqz0-7VRjgFS6

CSeq: 24046 INVITE

Allow: PRACK, INVITE, ACK, BYE, CANCEL, UPDATE, INFO, SUBSCRIBE, NOTIFY, REFER, MESSAGE, OPTIONS

Contact: <sip:b@127.0.0.1:6061>

Supported: replaces, 100rel, timer, siprec, norefersub

Session-Expires: 1800;refresher=uac

Require: timer

Content-Type: application/sdp

Content-Length:   321



v=0

o=- 3997416559 3997416560 IN IP4 10.10.46.104

s=pjmedia

b=AS:84

t=0 0

a=X-nat:0

m=audio 4002 RTP/AVP 96 120

c=IN IP4 10.10.46.104

b=TIAS:64000

a=rtcp:4003 IN IP4 10.10.46.104

a=sendrecv

a=rtpmap:96 speex/16000

a=rtpmap:120 telephone-event/16000

a=fmtp:120 0-16

a=ssrc:1013691689 cname:5b5984e81025564a


--end msg--
17:29:26.534            pjsua_app.c  .......Call 0 state changed to CONNECTING
>>> 17:29:26.534           pjsua_core.c  .RX 340 bytes Request msg ACK/cseq=24046 (rdata0x7f1dec000b88) from UDP 127.0.0.1:6060:
ACK sip:b@127.0.0.1:6061 SIP/2.0

Via: SIP/2.0/UDP 127.0.0.1:6060;rport;branch=z9hG4bKPj3WxADxBYjnY2YqmOGvKyx4x05o4Y08YL

Max-Forwards: 70

From: sip:a@127.0.0.1;tag=qq3WxUqj5YD.jKz-aYLEPfjoylE5cY1p

To: sip:b@127.0.0.1;tag=yFSEeBUNNdz2t5CqxvCBqz0-7VRjgFS6

Call-ID: 4TFHXm.YiPj8mCWvGDQt3bAxXNc647sa

CSeq: 24046 ACK

Content-Length:  0




--end msg--
17:29:26.534            pjsua_app.c  ...Call 0 state changed to CONFIRMED
17:29:26.548           conference.c !.Added port 3 (sip:a@127.0.0.1), port count=4
17:29:26.548           conference.c  .Port 2 (ring) stop transmitting to port 0 (Master/sound)
17:29:26.548           conference.c  .Port 3 (sip:a@127.0.0.1) transmitting to port 0 (Master/sound)
17:29:26.548           conference.c  .Port 0 (Master/sound) transmitting to port 3 (sip:a@127.0.0.1)
17:29:26.548           Master/sound  Underflow, buf_cnt=0, will generate 1 frame
17:29:26.548     strm0x563725e58ca8  Resetting jitter buffer in stream playback start
17:29:27.169     strm0x563725e58ca8 !VAD re-enabled
17:29:41.175           pjsua_core.c  .RX 404 bytes Request msg BYE/cseq=24047 (rdata0x7f1dec01b8d8) from UDP 127.0.0.1:6060:
BYE sip:b@127.0.0.1:6061 SIP/2.0

Via: SIP/2.0/UDP 127.0.0.1:6060;rport;branch=z9hG4bKPjUnA6EL5nsojDWglKb45K9dxHHNhfMFtC

Max-Forwards: 70

From: sip:a@127.0.0.1;tag=qq3WxUqj5YD.jKz-aYLEPfjoylE5cY1p

To: sip:b@127.0.0.1;tag=yFSEeBUNNdz2t5CqxvCBqz0-7VRjgFS6

Call-ID: 4TFHXm.YiPj8mCWvGDQt3bAxXNc647sa

CSeq: 24047 BYE

User-Agent: PJSUA/v2.15-dev Linux-5.15.0.139 x86_64 glibc-2.31

Content-Length:  0




--end msg--
17:29:41.175           pjsua_core.c  .......TX 332 bytes Response msg 200/BYE/cseq=24047 (tdta0x7f1dec01d8b0) to UDP 127.0.0.1:6060:
SIP/2.0 200 OK

Via: SIP/2.0/UDP 127.0.0.1:6060;rport=6060;received=127.0.0.1;branch=z9hG4bKPjUnA6EL5nsojDWglKb45K9dxHHNhfMFtC

Call-ID: 4TFHXm.YiPj8mCWvGDQt3bAxXNc647sa

From: <sip:a@127.0.0.1>;tag=qq3WxUqj5YD.jKz-aYLEPfjoylE5cY1p

To: <sip:b@127.0.0.1>;tag=yFSEeBUNNdz2t5CqxvCBqz0-7VRjgFS6

CSeq: 24047 BYE

Content-Length:  0




--end msg--
17:29:41.175          pjsua_media.c  ......Call 0: deinitializing media..
17:29:41.175          pjsua_media.c  .......
  [DISCONNECTED] To: <sip:a@127.0.0.1>;tag=qq3WxUqj5YD.jKz-aYLEPfjoylE5cY1p

    Call time: 00h:00m:14s, 1st res in 2 ms, conn in 7027ms
    #0 audio speex @16kHz, sendrecv, peer=10.10.46.104:4000
       SRTP status: Not active Crypto-suite: 
       RX pt=96, last update:00h:00m:04.827s ago
          total 65pkt 2.5KB (5.1KB +IP hdr) @avg=1.3Kbps/2.7Kbps
          pkt loss=0 (0.0%), discrd=0 (0.0%), dup=0 (0.0%), reord=0 (0.0%)
                (msec)    min     avg     max     last    dev
          loss period:   0.000   0.000   0.000   0.000   0.000
          jitter     :   0.000   0.210   0.312   0.312   0.094
       TX pt=96, ptime=20, last update:00h:00m:00.000s ago
          total 65pkt 2.5KB (5.1KB +IP hdr) @avg=1.3Kbps/2.7Kbps
          pkt loss=0 (0.0%), dup=0 (0.0%), reorder=0 (0.0%)
                (msec)    min     avg     max     last    dev 
          loss period:   0.000   0.000   0.000   0.000   0.000
          jitter     :   0.000   0.187   0.375   0.375   0.166
       RTT msec      :   0.045   0.079   0.091   0.076   0.017
17:29:41.175           conference.c  .........Remove port 3 queued
17:29:41.175     strm0x563725e58ca8  ........Stream destroying
17:29:41.175      udp0x7f1dec00fa00  ........UDP media transport detached
17:29:41.175          pjsua_media.c  ........Media stream call00:0 is destroyed
17:29:41.175     srtp0x7f1dec010030  .......Destroying SRTP transport
17:29:41.175      udp0x7f1dec00fa00  .......UDP media transport destroying
17:29:41.175            pjsua_app.c  ......Call 0 is DISCONNECTED [reason=200 (Normal call clearing)]
17:29:41.188           conference.c !.Stop any transmission to port 3 (sip:a@127.0.0.1)
17:29:41.188           conference.c  .Port 0 (Master/sound) stop transmitting to port 3 (sip:a@127.0.0.1)
17:29:41.188           conference.c  .Stop any transmission from port 3 (sip:a@127.0.0.1)
17:29:41.188           conference.c  .Port 3 (sip:a@127.0.0.1) stop transmitting to port 0 (Master/sound)
17:29:41.188           conference.c  .Removed port 3 (sip:a@127.0.0.1), port count=3
17:29:41.189      udp0x7f1dec00fa00  .UDP media transport destroyed
17:29:41.189     srtp0x7f1dec010030  .SRTP transport destroyed
17:29:41.189     strm0x563725e58ca8  .Stream destroyed
17:29:42.175            pjsua_aud.c !Closing sound device after idle for 1 second(s)
17:29:42.175            pjsua_app.c  .Turning sound device -99 -99 OFF
17:29:42.175            pjsua_aud.c  .Closing null sound device..
q
17:29:51.682           conference.c  .Remove port 1 queued
17:29:51.682           conference.c  .Remove port 2 queued
17:29:51.682           pjsua_core.c  Shutting down, flags=0...
17:29:51.682           pjsua_core.c  PJSUA state changed: RUNNING --> CLOSING
17:29:51.691           pjsua_call.c  .Hangup all calls..
17:29:51.691           pjsua_pres.c  .Shutting down presence..
17:29:52.696           pjsua_core.c  .Destroying...
17:29:52.696        sip_transport.c  .Transport udp0x563725e50520 shutting down, force=0
17:29:52.697             tcptp:6061  .SIP TCP listener destroyed
17:29:52.697          pjsua_media.c  .Shutting down media..
17:29:52.706           conference.c  ...Stop any transmission to port 1 (ringback)
17:29:52.706           conference.c  ...Stop any transmission from port 1 (ringback)
17:29:52.706           conference.c  ...Removed port 1 (ringback), port count=2
17:29:52.706           conference.c  ...Stop any transmission to port 2 (ring)
17:29:52.706           conference.c  ...Stop any transmission from port 2 (ring)
17:29:52.706           conference.c  ...Removed port 2 (ring), port count=1
17:29:52.706           conference.c  ...Stop any transmission to port 0 (Master/sound)
17:29:52.706           conference.c  ...Stop any transmission from port 0 (Master/sound)
17:29:52.706           conference.c  ...Removed port 0 (Master/sound), port count=0
17:29:52.706      sip_transaction.c  .Stopping transaction layer module
17:29:52.706      sip_transaction.c  .Stopped transaction layer module
17:29:52.706         sip_endpoint.c  .Module "mod-default-handler" unregistered
17:29:52.706         sip_endpoint.c  .Module "mod-unsolicited-mwi" unregistered
17:29:52.706         sip_endpoint.c  .Module "mod-pjsua-options" unregistered
17:29:52.706         sip_endpoint.c  .Module "mod-pjsua-im" unregistered
17:29:52.706         sip_endpoint.c  .Module "mod-pjsua-pres" unregistered
17:29:52.706         sip_endpoint.c  .Module "mod-pjsua" unregistered
17:29:52.706         sip_endpoint.c  .Module "mod-stateful-util" unregistered
17:29:52.706         sip_endpoint.c  .Module "mod-refer" unregistered
17:29:52.706         sip_endpoint.c  .Module "mod-mwi" unregistered
17:29:52.706         sip_endpoint.c  .Module "mod-dlg_even" unregistered
17:29:52.706         sip_endpoint.c  .Module "mod-presence" unregistered
17:29:52.706         sip_endpoint.c  .Module "mod-evsub" unregistered
17:29:52.706         sip_endpoint.c  .Module "mod-invite" unregistered
17:29:52.706         sip_endpoint.c  .Module "mod-100rel" unregistered
17:29:52.706         sip_endpoint.c  .Module "mod-ua" unregistered
17:29:52.706      sip_transaction.c  .Transaction layer module destroyed
17:29:52.706         sip_endpoint.c  .Module "mod-tsx-layer" unregistered
17:29:52.706         sip_endpoint.c  .Module "mod-msg-print" unregistered
17:29:52.706         sip_endpoint.c  .Module "mod-pjsua-log" unregistered
17:29:52.707      udp0x563725e50520  .SIP UDP transport destroyed
17:29:52.707                timer.c  .Dumping timer heap:
17:29:52.707                timer.c  .  Cur size: 0 entries, max: 3070
17:29:52.707         sip_endpoint.c  .Endpoint 0x563725e1d1e0 destroyed
17:29:52.707           pjsua_core.c  .PJSUA state changed: CLOSING --> NULL
17:29:52.707           pjsua_core.c  .PJSUA destroyed...
