[m[33m[44m.=======================================================.
|            _____ ____     ____ _     ___              |
|           |  ___/ ___|   / ___| |   |_ _|             |
|           | |_  \___ \  | |   | |    | |              |
|           |  _|  ___) | | |___| |___ | |              |
|           |_|   |____/   \____|_____|___|             |
|                                                       |
.=======================================================.
| Anthony Minessale II, Ken Rice,                       |
| Michael Jerris, Travis Cross                          |
| FreeSWITCH (http://www.freeswitch.org)                |
| Paypal Donations Appreciated: paypal@freeswitch.org   |
| Brought to you by ClueCon http://www.cluecon.com/     |
.=======================================================.

.===============================================================.
|       _                                                       |
|   ___| |_   _  ___  ___ ___  _ __         ___ ___  _ __ ___   |
|  / __| | | | |/ _ \/ __/ _ \| '_ \       / __/ _ \| '_ ` _ \  |
| | (__| | |_| |  __/ (_| (_) | | | |  _  | (_| (_) | | | | | | |
|  \___|_|\__,_|\___|\___\___/|_| |_| (_)  \___\___/|_| |_| |_| |
|                                                               |
.===============================================================.
[m
Type /help <enter> to see a list of commands



[m
[This app Best viewed at 160x60 or more..]
[m+OK log level  [7]
[m+OK


[K[33m2026-09-04 11:24:28.786922 85.97% [DEBUG] mod_commands.c:7227 7
[mfreeswitch@CSPDSWUser01> 
[K[36m2026-09-04 11:24:28.806928 85.97% [NOTICE] switch_channel.c:1143 New Channel sofia/external/001010123456780@ims.mnc001.mcc001.3gppnetwork.org [039dab58-9ec6-47b6-b410-da89a5cb4d51]
[mfreeswitch@CSPDSWUser01> 
[K[33m2026-09-04 11:24:28.806928 85.97% [DEBUG] switch_core_state_machine.c:581 (sofia/external/001010123456780@ims.mnc001.mcc001.3gppnetwork.org) Running State Change CS_NEW (Cur 1 Tot 8)
[mfreeswitch@CSPDSWUser01> 
[K[32m2026-09-04 11:24:28.806928 85.97% [INFO] sofia.c:10472 sofia/external/001010123456780@ims.mnc001.mcc001.3gppnetwork.org receiving invite from 10.45.0.1:6060 version: 1.11.2-dev git 1d77a57 2026-08-02 17:33:59Z 64bit call-id: PzuN-xNsmSwtKDGmYMC8C.LDUWn4hjFg
[mfreeswitch@CSPDSWUser01> 
[K[33m2026-09-04 11:24:28.806928 85.97% [DEBUG] sofia.c:7505 Channel sofia/external/001010123456780@ims.mnc001.mcc001.3gppnetwork.org entering state [received][100]
[mfreeswitch@CSPDSWUser01> 
[K[33m2026-09-04 11:24:28.806928 85.97% [DEBUG] sofia.c:7515 Remote SDP:
v=0
o=- 3997481068 3997481068 IN IP4 10.45.0.2
s=pjmedia
b=AS:84
t=0 0
a=X-nat:0
m=audio 4000 RTP/AVP 0 8 96 97 3 98 99 9 120 121 122
c=IN IP4 10.45.0.2
b=TIAS:64000
a=rtpmap:0 PCMU/8000
a=rtpmap:8 PCMA/8000
a=rtpmap:96 speex/16000
a=rtpmap:97 speex/8000
a=rtpmap:3 GSM/8000
a=rtpmap:98 speex/32000
a=rtpmap:99 iLBC/8000
a=fmtp:99 mode=30
a=rtpmap:9 G722/8000
a=rtpmap:120 telephone-event/8000
a=fmtp:120 0-16
a=rtpmap:121 telephone-event/16000
a=fmtp:121 0-16
a=rtpmap:122 telephone-event/32000
a=fmtp:122 0-16
a=rtcp:4001 IN IP4 10.45.0.2
a=ssrc:430565949 cname:410130c93184199d

[mfreeswitch@CSPDSWUser01> 
[K[33m2026-09-04 11:24:28.806928 85.97% [DEBUG] switch_core_media.c:5533 Audio Codec Compare [PCMU:0:8000:20:64000:1]/[PCMU:0:8000:20:64000:1]
[mfreeswitch@CSPDSWUser01> 
[K[33m2026-09-04 11:24:28.806928 85.97% [DEBUG] switch_core_media.c:5595 Audio Codec Compare [PCMU:0:8000:20:64000:1] ++++ is saved as a match
[mfreeswitch@CSPDSWUser01> 
[K[33m2026-09-04 11:24:28.806928 85.97% [DEBUG] switch_core_media.c:5533 Audio Codec Compare [PCMU:0:8000:20:64000:1]/[PCMA:8:8000:20:64000:1]
[mfreeswitch@CSPDSWUser01> 
[K[33m2026-09-04 11:24:28.806928 85.97% [DEBUG] switch_core_media.c:5533 Audio Codec Compare [PCMA:8:8000:20:64000:1]/[PCMU:0:8000:20:64000:1]
[mfreeswitch@CSPDSWUser01> 
[K[33m2026-09-04 11:24:28.806928 85.97% [DEBUG] switch_core_media.c:5533 Audio Codec Compare [PCMA:8:8000:20:64000:1]/[PCMA:8:8000:20:64000:1]
[mfreeswitch@CSPDSWUser01> 
[K[33m2026-09-04 11:24:28.806928 85.97% [DEBUG] switch_core_media.c:5595 Audio Codec Compare [PCMA:8:8000:20:64000:1] ++++ is saved as a match
[mfreeswitch@CSPDSWUser01> 
[K[33m2026-09-04 11:24:28.806928 85.97% [DEBUG] switch_core_media.c:5533 Audio Codec Compare [speex:96:16000:20:0:1]/[PCMU:0:8000:20:64000:1]
[mfreeswitch@CSPDSWUser01> 
[K[33m2026-09-04 11:24:28.806928 85.97% [DEBUG] switch_core_media.c:5533 Audio Codec Compare [speex:96:16000:20:0:1]/[PCMA:8:8000:20:64000:1]
[mfreeswitch@CSPDSWUser01> 
[K[33m2026-09-04 11:24:28.806928 85.97% [DEBUG] switch_core_media.c:5533 Audio Codec Compare [speex:97:8000:20:0:1]/[PCMU:0:8000:20:64000:1]
[mfreeswitch@CSPDSWUser01> 
[K[33m2026-09-04 11:24:28.806928 85.97% [DEBUG] switch_core_media.c:5533 Audio Codec Compare [speex:97:8000:20:0:1]/[PCMA:8:8000:20:64000:1]
[mfreeswitch@CSPDSWUser01> 
[K[33m2026-09-04 11:24:28.806928 85.97% [DEBUG] switch_core_media.c:5533 Audio Codec Compare [GSM:3:8000:20:13200:1]/[PCMU:0:8000:20:64000:1]
[mfreeswitch@CSPDSWUser01> 
[K[33m2026-09-04 11:24:28.806928 85.97% [DEBUG] switch_core_media.c:5533 Audio Codec Compare [GSM:3:8000:20:13200:1]/[PCMA:8:8000:20:64000:1]
[mfreeswitch@CSPDSWUser01> 
[K[33m2026-09-04 11:24:28.806928 85.97% [DEBUG] switch_core_media.c:5533 Audio Codec Compare [speex:98:32000:20:0:1]/[PCMU:0:8000:20:64000:1]
[mfreeswitch@CSPDSWUser01> 
[K[33m2026-09-04 11:24:28.806928 85.97% [DEBUG] switch_core_media.c:5533 Audio Codec Compare [speex:98:32000:20:0:1]/[PCMA:8:8000:20:64000:1]
[mfreeswitch@CSPDSWUser01> 
[K[33m2026-09-04 11:24:28.806928 85.97% [DEBUG] switch_core_media.c:5533 Audio Codec Compare [iLBC:99:8000:30:0:1]/[PCMU:0:8000:20:64000:1]
[mfreeswitch@CSPDSWUser01> 
[K[33m2026-09-04 11:24:28.806928 85.97% [DEBUG] switch_core_media.c:5533 Audio Codec Compare [iLBC:99:8000:30:0:1]/[PCMA:8:8000:20:64000:1]
[mfreeswitch@CSPDSWUser01> 
[K[33m2026-09-04 11:24:28.806928 85.97% [DEBUG] switch_core_media.c:5533 Audio Codec Compare [G722:9:8000:20:64000:1]/[PCMU:0:8000:20:64000:1]
[mfreeswitch@CSPDSWUser01> 
[K[33m2026-09-04 11:24:28.806928 85.97% [DEBUG] switch_core_media.c:5533 Audio Codec Compare [G722:9:8000:20:64000:1]/[PCMA:8:8000:20:64000:1]
[mfreeswitch@CSPDSWUser01> 
[K[33m2026-09-04 11:24:28.806928 85.97% [DEBUG] switch_core_media.c:5445 Set telephone-event payload to 120@8000
[mfreeswitch@CSPDSWUser01> 
[K[33m2026-09-04 11:24:28.806928 85.97% [DEBUG] switch_core_media.c:3730 Set Codec sofia/external/001010123456780@ims.mnc001.mcc001.3gppnetwork.org PCMU/8000 20 ms 160 samples 64000 bits 1 channels
[mfreeswitch@CSPDSWUser01> 
[K[33m2026-09-04 11:24:28.806928 85.97% [DEBUG] switch_core_codec.c:132 sofia/external/001010123456780@ims.mnc001.mcc001.3gppnetwork.org Original read codec set to PCMU:0
[mfreeswitch@CSPDSWUser01> 
[K[33m2026-09-04 11:24:28.806928 85.97% [DEBUG] switch_core_media.c:5805 Set telephone-event payload to 120@8000
[mfreeswitch@CSPDSWUser01> 
[K[33m2026-09-04 11:24:28.806928 85.97% [DEBUG] switch_core_media.c:5863 sofia/external/001010123456780@ims.mnc001.mcc001.3gppnetwork.org Set 2833 dtmf send payload to 120 recv payload to 120
[mfreeswitch@CSPDSWUser01> 
[K[33m2026-09-04 11:24:28.806928 85.97% [DEBUG] sofia.c:7939 (sofia/external/001010123456780@ims.mnc001.mcc001.3gppnetwork.org) State Change CS_NEW -> CS_INIT
[mfreeswitch@CSPDSWUser01> 
[K[33m2026-09-04 11:24:28.806928 85.97% [DEBUG] switch_core_state_machine.c:600 (sofia/external/001010123456780@ims.mnc001.mcc001.3gppnetwork.org) State NEW
[mfreeswitch@CSPDSWUser01> 
[K[33m2026-09-04 11:24:28.806928 85.97% [DEBUG] switch_core_state_machine.c:581 (sofia/external/001010123456780@ims.mnc001.mcc001.3gppnetwork.org) Running State Change CS_INIT (Cur 1 Tot 8)
[mfreeswitch@CSPDSWUser01> 
[K[33m2026-09-04 11:24:28.806928 85.97% [DEBUG] switch_core_state_machine.c:624 (sofia/external/001010123456780@ims.mnc001.mcc001.3gppnetwork.org) State INIT
[mfreeswitch@CSPDSWUser01> 
[K[33m2026-09-04 11:24:28.806928 85.97% [DEBUG] mod_sofia.c:97 sofia/external/001010123456780@ims.mnc001.mcc001.3gppnetwork.org SOFIA INIT
[mfreeswitch@CSPDSWUser01> 
[K[33m2026-09-04 11:24:28.806928 85.97% [DEBUG] switch_core_state_machine.c:40 sofia/external/001010123456780@ims.mnc001.mcc001.3gppnetwork.org Standard INIT
[mfreeswitch@CSPDSWUser01> 
[K[33m2026-09-04 11:24:28.806928 85.97% [DEBUG] switch_core_state_machine.c:48 (sofia/external/001010123456780@ims.mnc001.mcc001.3gppnetwork.org) State Change CS_INIT -> CS_ROUTING
[mfreeswitch@CSPDSWUser01> 
[K[33m2026-09-04 11:24:28.806928 85.97% [DEBUG] switch_core_state_machine.c:624 (sofia/external/001010123456780@ims.mnc001.mcc001.3gppnetwork.org) State INIT going to sleep
[mfreeswitch@CSPDSWUser01> 
[K[33m2026-09-04 11:24:28.806928 85.97% [DEBUG] switch_core_state_machine.c:581 (sofia/external/001010123456780@ims.mnc001.mcc001.3gppnetwork.org) Running State Change CS_ROUTING (Cur 1 Tot 8)
[mfreeswitch@CSPDSWUser01> 
[K[33m2026-09-04 11:24:28.806928 85.97% [DEBUG] switch_channel.c:2400 (sofia/external/001010123456780@ims.mnc001.mcc001.3gppnetwork.org) Callstate Change DOWN -> RINGING
[mfreeswitch@CSPDSWUser01> 
[K[33m2026-09-04 11:24:28.806928 85.97% [DEBUG] switch_core_state_machine.c:640 (sofia/external/001010123456780@ims.mnc001.mcc001.3gppnetwork.org) State ROUTING
[mfreeswitch@CSPDSWUser01> 
[K[33m2026-09-04 11:24:28.806928 85.97% [DEBUG] mod_sofia.c:158 sofia/external/001010123456780@ims.mnc001.mcc001.3gppnetwork.org SOFIA ROUTING
[mfreeswitch@CSPDSWUser01> 
[K[33m2026-09-04 11:24:28.806928 85.97% [DEBUG] switch_core_state_machine.c:230 sofia/external/001010123456780@ims.mnc001.mcc001.3gppnetwork.org Standard ROUTING
[mfreeswitch@CSPDSWUser01> 
[K[32m2026-09-04 11:24:28.806928 85.97% [INFO] mod_dialplan_xml.c:648 Processing 001010123456780 <001010123456780>->888 in context public
[mfreeswitch@CSPDSWUser01> 
[K[33mDialplan: sofia/external/001010123456780@ims.mnc001.mcc001.3gppnetwork.org parsing [public->answer_play_record] continue=false
[mfreeswitch@CSPDSWUser01> 
[K[33mDialplan: sofia/external/001010123456780@ims.mnc001.mcc001.3gppnetwork.org Regex (FAIL) [answer_play_record] destination_number(888) =~ /^(5000)$/ break=on-false
[mfreeswitch@CSPDSWUser01> 
[K[33mDialplan: sofia/external/001010123456780@ims.mnc001.mcc001.3gppnetwork.org parsing [public->conference-888] continue=false
[mfreeswitch@CSPDSWUser01> 
[K[33mDialplan: sofia/external/001010123456780@ims.mnc001.mcc001.3gppnetwork.org Regex (PASS) [conference-888] destination_number(888) =~ /^888$/ break=on-false
[mfreeswitch@CSPDSWUser01> 
[K[33mDialplan: sofia/external/001010123456780@ims.mnc001.mcc001.3gppnetwork.org Action answer() 
[mfreeswitch@CSPDSWUser01> 
[K[33mDialplan: sofia/external/001010123456780@ims.mnc001.mcc001.3gppnetwork.org Action conference(888@default) 
[mfreeswitch@CSPDSWUser01> 
[K[33m2026-09-04 11:24:28.806928 85.97% [DEBUG] switch_core_state_machine.c:281 (sofia/external/001010123456780@ims.mnc001.mcc001.3gppnetwork.org) State Change CS_ROUTING -> CS_EXECUTE
[mfreeswitch@CSPDSWUser01> 
[K[33m2026-09-04 11:24:28.806928 85.97% [DEBUG] switch_core_state_machine.c:640 (sofia/external/001010123456780@ims.mnc001.mcc001.3gppnetwork.org) State ROUTING going to sleep
[mfreeswitch@CSPDSWUser01> 
[K[33m2026-09-04 11:24:28.806928 85.97% [DEBUG] switch_core_state_machine.c:581 (sofia/external/001010123456780@ims.mnc001.mcc001.3gppnetwork.org) Running State Change CS_EXECUTE (Cur 1 Tot 8)
[mfreeswitch@CSPDSWUser01> 
[K[33m2026-09-04 11:24:28.806928 85.97% [DEBUG] switch_core_state_machine.c:647 (sofia/external/001010123456780@ims.mnc001.mcc001.3gppnetwork.org) State EXECUTE
[mfreeswitch@CSPDSWUser01> 
[K[33m2026-09-04 11:24:28.806928 85.97% [DEBUG] mod_sofia.c:213 sofia/external/001010123456780@ims.mnc001.mcc001.3gppnetwork.org SOFIA EXECUTE
[mfreeswitch@CSPDSWUser01> 
[K[33m2026-09-04 11:24:28.806928 85.97% [DEBUG] switch_core_state_machine.c:323 sofia/external/001010123456780@ims.mnc001.mcc001.3gppnetwork.org Standard EXECUTE
[mfreeswitch@CSPDSWUser01> 
[K[32mEXECUTE [depth=0] sofia/external/001010123456780@ims.mnc001.mcc001.3gppnetwork.org answer()
[mfreeswitch@CSPDSWUser01> 
[K[33m2026-09-04 11:24:28.806928 85.97% [DEBUG] switch_core_media.c:8667 AUDIO RTP [sofia/external/001010123456780@ims.mnc001.mcc001.3gppnetwork.org] 10.45.0.1 port 17870 -> 10.45.0.2 port 4000 codec: 0 ms: 20
[mfreeswitch@CSPDSWUser01> 
[K[33m2026-09-04 11:24:28.806928 85.97% [DEBUG] switch_rtp.c:4594 Not using a timer
[mfreeswitch@CSPDSWUser01> 
[K[33m2026-09-04 11:24:28.806928 85.97% [DEBUG] switch_core_media.c:8888 Activating RTCP PORT 4001
[mfreeswitch@CSPDSWUser01> 
[K[33m2026-09-04 11:24:28.806928 85.97% [DEBUG] switch_rtp.c:4907 RTCP send rate is: 1000 and packet rate is: 20000 Remote Port: 4001
[mfreeswitch@CSPDSWUser01> 
[K[33m2026-09-04 11:24:28.806928 85.97% [DEBUG] switch_rtp.c:2692 Setting RTCP remote addr to 10.45.0.2:4001 2
[mfreeswitch@CSPDSWUser01> 
[K[33m2026-09-04 11:24:28.806928 85.97% [DEBUG] switch_core_media.c:8980 sofia/external/001010123456780@ims.mnc001.mcc001.3gppnetwork.org Set 2833 dtmf send payload to 120
[mfreeswitch@CSPDSWUser01> 
[K[33m2026-09-04 11:24:28.806928 85.97% [DEBUG] switch_core_media.c:8987 sofia/external/001010123456780@ims.mnc001.mcc001.3gppnetwork.org Set 2833 dtmf receive payload to 120
[mfreeswitch@CSPDSWUser01> 
[K[33m2026-09-04 11:24:28.806928 85.97% [DEBUG] switch_core_media.c:9010 sofia/external/001010123456780@ims.mnc001.mcc001.3gppnetwork.org Set rtp dtmf delay to 40
[mfreeswitch@CSPDSWUser01> 
[K[33m2026-09-04 11:24:28.806928 85.97% [DEBUG] mod_sofia.c:937 Local SDP sofia/external/001010123456780@ims.mnc001.mcc001.3gppnetwork.org:
v=0
o=FreeSWITCH 1788474398 1788474399 IN IP4 10.45.0.1
s=FreeSWITCH
c=IN IP4 10.45.0.1
t=0 0
m=audio 17870 RTP/AVP 0 120
a=rtpmap:0 PCMU/8000
a=rtpmap:120 telephone-event/8000
a=fmtp:120 0-15
a=ptime:20
a=sendrecv
a=rtcp:17871 IN IP4 10.45.0.1

[mfreeswitch@CSPDSWUser01> 
[K[36m2026-09-04 11:24:28.806928 85.97% [NOTICE] mod_dptools.c:1406 Channel [sofia/external/001010123456780@ims.mnc001.mcc001.3gppnetwork.org] has been answered
[mfreeswitch@CSPDSWUser01> 
[K[33m2026-09-04 11:24:28.806928 85.97% [DEBUG] switch_channel.c:3914 (sofia/external/001010123456780@ims.mnc001.mcc001.3gppnetwork.org) Callstate Change RINGING -> ACTIVE
[mfreeswitch@CSPDSWUser01> 
[K[33m2026-09-04 11:24:28.806928 85.97% [DEBUG] sofia.c:7505 Channel sofia/external/001010123456780@ims.mnc001.mcc001.3gppnetwork.org entering state [completed][200]
[mfreeswitch@CSPDSWUser01> 
[K[32mEXECUTE [depth=0] sofia/external/001010123456780@ims.mnc001.mcc001.3gppnetwork.org conference(888@default)
[mfreeswitch@CSPDSWUser01> 
[K[33m2026-09-04 11:24:28.806928 85.97% [DEBUG] mod_conference.c:3458 using channel sound prefix: /home/co1750/freeswitch/root/sounds
[mfreeswitch@CSPDSWUser01> 
[K[33m2026-09-04 11:24:28.806928 85.97% [DEBUG] conference_member.c:1804 Raw Codec Activation Success L16@8000hz 1 channel 20ms
[mfreeswitch@CSPDSWUser01> 
[K[33m2026-09-04 11:24:28.806928 85.97% [DEBUG] conference_member.c:1851 Raw Codec Activation Success L16@8000hz 1 channel 20ms
[mfreeswitch@CSPDSWUser01> 
[K[33m2026-09-04 11:24:28.806928 85.97% [DEBUG] switch_core_codec.c:250 sofia/external/001010123456780@ims.mnc001.mcc001.3gppnetwork.org Push codec L16:100
[mfreeswitch@CSPDSWUser01> 
[K[33m2026-09-04 11:24:28.806928 85.97% [DEBUG] mod_conference.c:229 Setup timer success interval: 20  samples: 160
[mfreeswitch@CSPDSWUser01> 
[K[35m2026-09-04 11:24:28.806928 85.97% [WARNING] mod_sndfile.c:281 Error Opening File [/home/co1750/freeswitch/root/sounds/conference/conf-alone.wav] [System error : No such file or directory.]
[mfreeswitch@CSPDSWUser01> 
[K[33m2026-09-04 11:24:28.806928 85.97% [DEBUG] conference_member.c:106 sofia/external/001010123456780@ims.mnc001.mcc001.3gppnetwork.org binding '0' to 'mute'
[mfreeswitch@CSPDSWUser01> 
[K[32m2026-09-04 11:24:28.806928 85.97% [INFO] switch_ivr_async.c:221 Digit parser mod_conference: Setting realm to 'conf'
[mfreeswitch@CSPDSWUser01> 
[K[33m2026-09-04 11:24:28.806928 85.97% [DEBUG] switch_ivr_async.c:346 Digit parser mod_conference: binding 0/conf/0 callback: 0x7fc6b1275230 data: 0x7fc664015f50
[mfreeswitch@CSPDSWUser01> 
[K[33m2026-09-04 11:24:28.806928 85.97% [DEBUG] conference_member.c:106 sofia/external/001010123456780@ims.mnc001.mcc001.3gppnetwork.org binding '*' to 'deaf mute'
[mfreeswitch@CSPDSWUser01> 
[K[33m2026-09-04 11:24:28.806928 85.97% [DEBUG] switch_ivr_async.c:346 Digit parser mod_conference: binding */conf/0 callback: 0x7fc6b1275230 data: 0x7fc664015f80
[mfreeswitch@CSPDSWUser01> 
[K[33m2026-09-04 11:24:28.806928 85.97% [DEBUG] conference_member.c:106 sofia/external/001010123456780@ims.mnc001.mcc001.3gppnetwork.org binding '9' to 'energy up'
[mfreeswitch@CSPDSWUser01> 
[K[33m2026-09-04 11:24:28.806928 85.97% [DEBUG] switch_ivr_async.c:346 Digit parser mod_conference: binding 9/conf/0 callback: 0x7fc6b1275230 data: 0x7fc664015fb0
[mfreeswitch@CSPDSWUser01> 
[K[33m2026-09-04 11:24:28.806928 85.97% [DEBUG] conference_member.c:106 sofia/external/001010123456780@ims.mnc001.mcc001.3gppnetwork.org binding '8' to 'energy equ'
[mfreeswitch@CSPDSWUser01> 
[K[33m2026-09-04 11:24:28.806928 85.97% [DEBUG] switch_ivr_async.c:346 Digit parser mod_conference: binding 8/conf/0 callback: 0x7fc6b1275230 data: 0x7fc664015fe0
[mfreeswitch@CSPDSWUser01> 
[K[33m2026-09-04 11:24:28.806928 85.97% [DEBUG] conference_member.c:106 sofia/external/001010123456780@ims.mnc001.mcc001.3gppnetwork.org binding '7' to 'energy dn'
[mfreeswitch@CSPDSWUser01> 
[K[33m2026-09-04 11:24:28.806928 85.97% [DEBUG] switch_ivr_async.c:346 Digit parser mod_conference: binding 7/conf/0 callback: 0x7fc6b1275230 data: 0x7fc664016010
[mfreeswitch@CSPDSWUser01> 
[K[33m2026-09-04 11:24:28.806928 85.97% [DEBUG] conference_member.c:106 sofia/external/001010123456780@ims.mnc001.mcc001.3gppnetwork.org binding '3' to 'vol talk up'
[mfreeswitch@CSPDSWUser01> 
[K[33m2026-09-04 11:24:28.806928 85.97% [DEBUG] switch_ivr_async.c:346 Digit parser mod_conference: binding 3/conf/0 callback: 0x7fc6b1275230 data: 0x7fc664016040
[mfreeswitch@CSPDSWUser01> 
[K[33m2026-09-04 11:24:28.806928 85.97% [DEBUG] conference_member.c:106 sofia/external/001010123456780@ims.mnc001.mcc001.3gppnetwork.org binding '2' to 'vol talk zero'
[mfreeswitch@CSPDSWUser01> 
[K[33m2026-09-04 11:24:28.806928 85.97% [DEBUG] switch_ivr_async.c:346 Digit parser mod_conference: binding 2/conf/0 callback: 0x7fc6b1275230 data: 0x7fc664016070
[mfreeswitch@CSPDSWUser01> 
[K[33m2026-09-04 11:24:28.806928 85.97% [DEBUG] conference_member.c:106 sofia/external/001010123456780@ims.mnc001.mcc001.3gppnetwork.org binding '1' to 'vol talk dn'
[mfreeswitch@CSPDSWUser01> 
[K[33m2026-09-04 11:24:28.806928 85.97% [DEBUG] switch_ivr_async.c:346 Digit parser mod_conference: binding 1/conf/0 callback: 0x7fc6b1275230 data: 0x7fc6640160a0
[mfreeswitch@CSPDSWUser01> 
[K[33m2026-09-04 11:24:28.806928 85.97% [DEBUG] conference_member.c:106 sofia/external/001010123456780@ims.mnc001.mcc001.3gppnetwork.org binding '6' to 'vol listen up'
[mfreeswitch@CSPDSWUser01> 
[K[33m2026-09-04 11:24:28.806928 85.97% [DEBUG] switch_ivr_async.c:346 Digit parser mod_conference: binding 6/conf/0 callback: 0x7fc6b1275230 data: 0x7fc6640160d0
[mfreeswitch@CSPDSWUser01> 
[K[33m2026-09-04 11:24:28.806928 85.97% [DEBUG] conference_member.c:106 sofia/external/001010123456780@ims.mnc001.mcc001.3gppnetwork.org binding '5' to 'vol listen zero'
[mfreeswitch@CSPDSWUser01> 
[K[33m2026-09-04 11:24:28.806928 85.97% [DEBUG] switch_ivr_async.c:346 Digit parser mod_conference: binding 5/conf/0 callback: 0x7fc6b1275230 data: 0x7fc664016100
[mfreeswitch@CSPDSWUser01> 
[K[33m2026-09-04 11:24:28.806928 85.97% [DEBUG] conference_member.c:106 sofia/external/001010123456780@ims.mnc001.mcc001.3gppnetwork.org binding '4' to 'vol listen dn'
[mfreeswitch@CSPDSWUser01> 
[K[33m2026-09-04 11:24:28.806928 85.97% [DEBUG] switch_ivr_async.c:346 Digit parser mod_conference: binding 4/conf/0 callback: 0x7fc6b1275230 data: 0x7fc664016130
[mfreeswitch@CSPDSWUser01> 
[K[33m2026-09-04 11:24:28.806928 85.97% [DEBUG] conference_member.c:106 sofia/external/001010123456780@ims.mnc001.mcc001.3gppnetwork.org binding '#' to 'hangup'
[mfreeswitch@CSPDSWUser01> 
[K[33m2026-09-04 11:24:28.806928 85.97% [DEBUG] switch_ivr_async.c:346 Digit parser mod_conference: binding #/conf/0 callback: 0x7fc6b1275230 data: 0x7fc664016160
[mfreeswitch@CSPDSWUser01> 
[K[m2026-09-04 11:24:28.806928 85.97% [CONSOLE] sofia_presence.c:1621 Event Thread Started
[mfreeswitch@CSPDSWUser01> 
[K[33m2026-09-04 11:24:28.806928 85.97% [DEBUG] conference_loop.c:1347 Setup timer soft success interval: 20  samples: 160 from codec PCMU
[mfreeswitch@CSPDSWUser01> 
[K[33m2026-09-04 11:24:28.806928 85.97% [DEBUG] sofia.c:7505 Channel sofia/external/001010123456780@ims.mnc001.mcc001.3gppnetwork.org entering state [ready][200]
[mfreeswitch@CSPDSWUser01> 
[K[32m2026-09-04 11:24:28.806928 85.97% [INFO] switch_rtp.c:7125 Auto Changing audio RTCP port from 10.45.0.2:4001 to 10.45.0.1:17871
[mfreeswitch@CSPDSWUser01> 
[K[33m2026-09-04 11:24:28.806928 85.97% [DEBUG] switch_rtp.c:2692 Setting RTCP remote addr to 10.45.0.1:17871 2
[mfreeswitch@CSPDSWUser01> 
[K[33m2026-09-04 11:24:28.826919 85.97% [DEBUG] switch_rtp.c:1934 rtcp_stats_init: audio ssrc[430565949] base_seq[24906]
[mfreeswitch@CSPDSWUser01> 
[K[33m2026-09-04 11:24:28.846917 85.97% [DEBUG] switch_rtp.c:7716 Correct audio ip/port confirmed.
[mfreeswitch@CSPDSWUser01> 
[K[36m2026-09-04 11:24:40.826929 85.83% [NOTICE] sofia.c:1065 Hangup sofia/external/001010123456780@ims.mnc001.mcc001.3gppnetwork.org [CS_EXECUTE] [NORMAL_CLEARING]
[mfreeswitch@CSPDSWUser01> 
[K[32m2026-09-04 11:24:40.826929 85.83% [INFO] conference_loop.c:1668 Channel leaving conference, cause: NORMAL_CLEARING
[mfreeswitch@CSPDSWUser01> 
[K[33m2026-09-04 11:24:40.826929 85.83% [DEBUG] mod_conference.c:2521 sofia/external/001010123456780@ims.mnc001.mcc001.3gppnetwork.org skip receive message [UNBRIDGE] (channel is hungup already)
[mfreeswitch@CSPDSWUser01> 
[K[33m2026-09-04 11:24:40.826929 85.83% [DEBUG] switch_core_media.c:12383 sofia/external/001010123456780@ims.mnc001.mcc001.3gppnetwork.org skip receive message [HARD_MUTE] (channel is hungup already)
[mfreeswitch@CSPDSWUser01> 
[K[33m2026-09-04 11:24:40.826929 85.83% [DEBUG] switch_core_codec.c:275 sofia/external/001010123456780@ims.mnc001.mcc001.3gppnetwork.org Restore previous codec PCMU:0.
[mfreeswitch@CSPDSWUser01> 
[K[33m2026-09-04 11:24:40.826929 85.83% [DEBUG] switch_core_session.c:2984 sofia/external/001010123456780@ims.mnc001.mcc001.3gppnetwork.org skip receive message [APPLICATION_EXEC_COMPLETE] (channel is hungup already)
[mfreeswitch@CSPDSWUser01> 
[K[33m2026-09-04 11:24:40.826929 85.83% [DEBUG] switch_core_state_machine.c:647 (sofia/external/001010123456780@ims.mnc001.mcc001.3gppnetwork.org) State EXECUTE going to sleep
[mfreeswitch@CSPDSWUser01> 
[K[33m2026-09-04 11:24:40.826929 85.83% [DEBUG] switch_core_state_machine.c:581 (sofia/external/001010123456780@ims.mnc001.mcc001.3gppnetwork.org) Running State Change CS_HANGUP (Cur 1 Tot 8)
[mfreeswitch@CSPDSWUser01> 
[K[33m2026-09-04 11:24:40.826929 85.83% [DEBUG] switch_core_state_machine.c:844 (sofia/external/001010123456780@ims.mnc001.mcc001.3gppnetwork.org) Callstate Change ACTIVE -> HANGUP
[mfreeswitch@CSPDSWUser01> 
[K[33m2026-09-04 11:24:40.826929 85.83% [DEBUG] switch_core_state_machine.c:846 (sofia/external/001010123456780@ims.mnc001.mcc001.3gppnetwork.org) State HANGUP
[mfreeswitch@CSPDSWUser01> 
[K[33m2026-09-04 11:24:40.826929 85.83% [DEBUG] mod_sofia.c:469 Channel sofia/external/001010123456780@ims.mnc001.mcc001.3gppnetwork.org hanging up, cause: NORMAL_CLEARING
[mfreeswitch@CSPDSWUser01> 
[K[33m2026-09-04 11:24:40.826929 85.83% [DEBUG] switch_core_state_machine.c:59 sofia/external/001010123456780@ims.mnc001.mcc001.3gppnetwork.org Standard HANGUP, cause: NORMAL_CLEARING
[mfreeswitch@CSPDSWUser01> 
[K[33m2026-09-04 11:24:40.826929 85.83% [DEBUG] switch_core_state_machine.c:846 (sofia/external/001010123456780@ims.mnc001.mcc001.3gppnetwork.org) State HANGUP going to sleep
[mfreeswitch@CSPDSWUser01> 
[K[33m2026-09-04 11:24:40.826929 85.83% [DEBUG] switch_core_state_machine.c:616 (sofia/external/001010123456780@ims.mnc001.mcc001.3gppnetwork.org) State Change CS_HANGUP -> CS_REPORTING
[mfreeswitch@CSPDSWUser01> 
[K[33m2026-09-04 11:24:40.826929 85.83% [DEBUG] switch_core_state_machine.c:581 (sofia/external/001010123456780@ims.mnc001.mcc001.3gppnetwork.org) Running State Change CS_REPORTING (Cur 1 Tot 8)
[mfreeswitch@CSPDSWUser01> 
[K[33m2026-09-04 11:24:40.826929 85.83% [DEBUG] switch_core_state_machine.c:932 (sofia/external/001010123456780@ims.mnc001.mcc001.3gppnetwork.org) State REPORTING
[mfreeswitch@CSPDSWUser01> 
[K[33m2026-09-04 11:24:40.826929 85.83% [DEBUG] switch_core_state_machine.c:168 sofia/external/001010123456780@ims.mnc001.mcc001.3gppnetwork.org Standard REPORTING, cause: NORMAL_CLEARING
[mfreeswitch@CSPDSWUser01> 
[K[33m2026-09-04 11:24:40.826929 85.83% [DEBUG] switch_core_state_machine.c:932 (sofia/external/001010123456780@ims.mnc001.mcc001.3gppnetwork.org) State REPORTING going to sleep
[mfreeswitch@CSPDSWUser01> 
[K[33m2026-09-04 11:24:40.826929 85.83% [DEBUG] switch_core_state_machine.c:607 (sofia/external/001010123456780@ims.mnc001.mcc001.3gppnetwork.org) State Change CS_REPORTING -> CS_DESTROY
[mfreeswitch@CSPDSWUser01> 
[K[33m2026-09-04 11:24:40.826929 85.83% [DEBUG] switch_core_session.c:1748 Session 8 (sofia/external/001010123456780@ims.mnc001.mcc001.3gppnetwork.org) Locked, Waiting on external entities
[mfreeswitch@CSPDSWUser01> 
[K[36m2026-09-04 11:24:40.826929 85.83% [NOTICE] switch_core_session.c:1766 Session 8 (sofia/external/001010123456780@ims.mnc001.mcc001.3gppnetwork.org) Ended
[mfreeswitch@CSPDSWUser01> 
[K[36m2026-09-04 11:24:40.826929 85.83% [NOTICE] switch_core_session.c:1770 Close Channel sofia/external/001010123456780@ims.mnc001.mcc001.3gppnetwork.org [CS_DESTROY]
[mfreeswitch@CSPDSWUser01> 
[K[33m2026-09-04 11:24:40.826929 85.83% [DEBUG] switch_core_state_machine.c:735 (sofia/external/001010123456780@ims.mnc001.mcc001.3gppnetwork.org) Running State Change CS_DESTROY (Cur 0 Tot 8)
[mfreeswitch@CSPDSWUser01> 
[K[33m2026-09-04 11:24:40.826929 85.83% [DEBUG] switch_core_state_machine.c:745 (sofia/external/001010123456780@ims.mnc001.mcc001.3gppnetwork.org) State DESTROY
[mfreeswitch@CSPDSWUser01> 
[K[33m2026-09-04 11:24:40.826929 85.83% [DEBUG] mod_sofia.c:380 sofia/external/001010123456780@ims.mnc001.mcc001.3gppnetwork.org SOFIA DESTROY
[mfreeswitch@CSPDSWUser01> 
[K[33m2026-09-04 11:24:40.826929 85.83% [DEBUG] switch_core_state_machine.c:175 sofia/external/001010123456780@ims.mnc001.mcc001.3gppnetwork.org Standard DESTROY
[mfreeswitch@CSPDSWUser01> 
[K[33m2026-09-04 11:24:40.826929 85.83% [DEBUG] switch_core_state_machine.c:745 (sofia/external/001010123456780@ims.mnc001.mcc001.3gppnetwork.org) State DESTROY going to sleep
[mfreeswitch@CSPDSWUser01> 
[K[33m2026-09-04 11:24:40.846924 85.83% [DEBUG] mod_conference.c:846 Write Lock ON
[mfreeswitch@CSPDSWUser01> 
[K[33m2026-09-04 11:24:40.846924 85.83% [DEBUG] mod_conference.c:849 Write Lock OFF
[mfreeswitch@CSPDSWUser01> 
